10-27 10:38:30.577  1269  1502 W BroadcastQueue: Permission Denial: receiving Intent { act=android.intent.action.SERVICE_STATE flg=0x1000010 (has extras) } to ProcessRecord{622ef2a 2479:com.shannon.imsservice/u0a204} (pid=2479, uid=10204) requires android.permission.READ_PHONE_STATE due to sender android (uid 1001)
10-27 10:38:30.578  1269  1502 W BroadcastQueue: Appop Denial: receiving Intent { act=android.intent.action.SERVICE_STATE flg=0x1000010 (has extras) } to ProcessRecord{622ef2a 2479:com.shannon.imsservice/u0a204} (pid=2479, uid=10204) excludes appop android:fine_location due to sender android (uid 1001)
10-27 10:38:30.578  1269  1502 W BroadcastQueue: Permission Denial: receiving Intent { act=android.intent.action.SERVICE_STATE flg=0x1000010 (has extras) } to com.google.android.cellbroadcastreceiver/com.android.cellbroadcastreceiver.CellBroadcastReceiver requires android.permission.READ_PHONE_STATE due to sender android (uid 1001)
10-27 10:38:36.022  1269  2029 D CompatibilityChangeReporter: Compat change id reported: 218533173; UID 10272; state: DISABLED
10-27 10:38:37.788  1269  1700 I DisplayPowerController[0]: BrightnessEvent: disp=0, brt=0.08280863, rcmdBrt=0.08280863, preBrt=0.061686087, lux=143.9622, preLux=25.075605, hbmMax=0.62, hbmMode=off, thrmMax=1.0, flags=, reason=automatic
10-27 10:38:37.792  1269  1269 I BrightnessSynchronizer: [3473] New Update 0.08280863(f) set brightness values:  22(i)
10-27 10:38:37.792  1269  1269 I BrightnessSynchronizer: New PendingUpdate: {[3474] 0.08280863(f), mUpdatedTypes=0, mConfirmedTypes=0, mTimeUpdated=0}, prev=null
10-27 10:38:37.807  1269  1269 I BrightnessSynchronizer: Swallowing update of 22(i) by update: {[3473] 0.08280863(f), mUpdatedTypes=1, mConfirmedTypes=1, mTimeUpdated=340046716}
10-27 10:38:37.807  1269  1269 I BrightnessSynchronizer: Completed Update: {[3473] 0.08280863(f), mUpdatedTypes=1, mConfirmedTypes=1, mTimeUpdated=340046716}
10-27 10:38:39.768  1269  1989 W AppOps  : Noting op not finished: uid 10148 pkg com.google.android.googlequicksearchbox code 79 startTime of in progress event=1666881244849
10-27 10:38:39.771  1269  1989 W AppOps  : Noting op not finished: uid 10110 pkg com.google.android.apps.scone code 79 startTime of in progress event=1666848011685
10-27 10:38:42.957  1269 11739 W AppOps  : Noting op not finished: uid 10148 pkg com.google.android.googlequicksearchbox code 79 startTime of in progress event=1666881244849
10-27 10:38:42.959  1269 11739 W AppOps  : Noting op not finished: uid 10110 pkg com.google.android.apps.scone code 79 startTime of in progress event=1666848011685
10-27 10:38:44.094  1269  2714 D CompatibilityChangeReporter: Compat change id reported: 197654537; UID 10272; state: ENABLED
10-27 10:38:44.126  1269  2058 E HandwritingModeController: Cannot get requestId: Handwriting was not initialized.
10-27 10:38:44.136  1269  1493 V WindowManager: Unknown focus tokens, dropping reportFocusChanged
10-27 10:38:44.343  1269  1700 I DisplayPowerController[0]: BrightnessEvent: disp=0, brt=0.1355833, rcmdBrt=0.1355833, preBrt=0.08280863, lux=575.6249, preLux=230.63213, hbmMax=0.62, hbmMode=off, thrmMax=1.0, flags=, reason=automatic
10-27 10:38:44.343  1269  1269 I BrightnessSynchronizer: [3475] New Update 0.1355833(f) set brightness values:  35(i)
10-27 10:38:44.343  1269  1269 I BrightnessSynchronizer: New PendingUpdate: {[3476] 0.1355833(f), mUpdatedTypes=0, mConfirmedTypes=0, mTimeUpdated=0}, prev=null
10-27 10:38:44.344  1269  1269 I BrightnessSynchronizer: Swallowing update of 35(i) by update: {[3475] 0.1355833(f), mUpdatedTypes=1, mConfirmedTypes=1, mTimeUpdated=340053267}
10-27 10:38:44.344  1269  1269 I BrightnessSynchronizer: Completed Update: {[3475] 0.1355833(f), mUpdatedTypes=1, mConfirmedTypes=1, mTimeUpdated=340053267}
10-27 10:38:44.822  1269 11740 W PresentationStatsEventLogger: Shouldn't be logging AutofillPresentationEventReported again for same event
10-27 10:38:44.825  1269 11743 I ActivityManager: updateOomAdj start time is before than pendingPid added, don't delete it
10-27 10:38:44.855  1269 11738 W PresentationStatsEventLogger: Shouldn't be logging AutofillPresentationEventReported again for same event
10-27 10:38:44.905  1269  1493 V WindowManager: Unknown focus tokens, dropping reportFocusChanged
10-27 10:38:45.784  1269  2039 D ActivityManager: freezing 20472 com.google.android.permissioncontroller
10-27 10:38:47.487  1269  2039 D ActivityManager: freezing 14284 com.google.process.gapps
10-27 10:38:48.696  1269  1700 I DisplayPowerController[0]: BrightnessEvent: disp=0, brt=0.080519825, rcmdBrt=0.080519825, preBrt=0.1355833, lux=67.28679, preLux=575.6249, hbmMax=0.62, hbmMode=off, thrmMax=1.0, flags=, reason=automatic
10-27 10:38:48.699  1269  1269 I BrightnessSynchronizer: [3477] New Update 0.080519825(f) set brightness values:  21(i)
10-27 10:38:48.700  1269  1269 I BrightnessSynchronizer: New PendingUpdate: {[3478] 0.080519825(f), mUpdatedTypes=0, mConfirmedTypes=0, mTimeUpdated=0}, prev=null
10-27 10:38:48.702  1269  1269 I BrightnessSynchronizer: Swallowing update of 21(i) by update: {[3477] 0.080519825(f), mUpdatedTypes=1, mConfirmedTypes=1, mTimeUpdated=340057623}
10-27 10:38:48.702  1269  1269 I BrightnessSynchronizer: Completed Update: {[3477] 0.080519825(f), mUpdatedTypes=1, mConfirmedTypes=1, mTimeUpdated=340057623}
10-27 10:39:05.183  1269  2039 D ActivityManager: freezing 20450 com.android.keychain
10-27 10:39:05.193  1269  2039 D ActivityManager: freezing 8490 com.google.android.apps.wellbeing
10-27 10:39:11.719  1269 11740 W AppOps  : Noting op not finished: uid 10148 pkg com.google.android.googlequicksearchbox code 79 startTime of in progress event=1666881244849
10-27 10:39:11.721  1269 11740 W AppOps  : Noting op not finished: uid 10110 pkg com.google.android.apps.scone code 79 startTime of in progress event=1666848011685
10-27 10:39:25.158  1054  1054 I vendor.google.wifi_ext@1.0-service-vendor: Wifi: Reseting SAR Scenario to default
10-27 10:40:37.186  1269  1700 V DisplayPowerController[0]: Brightness [0.040519826] reason changing to: 'automatic [ dim ]', previous reason: 'automatic'.
10-27 10:40:37.186  1269  1700 I DisplayPowerController[0]: BrightnessEvent: disp=0, brt=0.040519826, rcmdBrt=0.080519825, preBrt=0.1355833, lux=60.729877, preLux=80.150314, hbmMax=0.62, hbmMode=off, thrmMax=1.0, flags=, reason=automatic [ dim ]
10-27 10:40:44.180  1269  1700 I PowerGroup: Napping power group (groupId=0, uid=1000)...
10-27 10:40:44.180  1269  1700 I PowerManagerService: Nap time (uid 1000)...
10-27 10:40:44.183  1269  1700 I PowerGroup: Powering off display group due to timeout (groupId= 0, uid= 1000)...
10-27 10:40:44.183  1269  1700 I PowerManagerService: Going to sleep due to timeout (uid 1000)...
10-27 10:40:44.258  1269  1700 V DisplayPowerController[0]: Brightness [0.080519825] reason changing to: 'automatic', previous reason: 'automatic [ dim ]'.
10-27 10:40:44.258  1269  1700 I DisplayPowerController[0]: BrightnessEvent: disp=0, brt=0.080519825, rcmdBrt=0.080519825, preBrt=0.1355833, lux=60.729877, preLux=80.150314, hbmMax=0.62, hbmMode=off, thrmMax=1.0, flags=, reason=automatic
10-27 10:40:44.672  1269  1700 I DisplayPowerController[0]: Blocking screen off
10-27 10:40:44.673  1269  1700 I DisplayPowerController[0]: Unblocked screen off after 2 ms
10-27 10:40:44.700  1269  1700 D ActivityTaskManager: Top Process State changed to PROCESS_STATE_TOP_SLEEPING
10-27 10:40:44.718  1269  1700 V DisplayPowerController[0]: Brightness [0.0] reason changing to: 'screen_off', previous reason: 'automatic'.
10-27 10:40:44.718  1269  1700 I DisplayPowerController[0]: BrightnessEvent: disp=0, brt=0.0, rcmdBrt=NaN, preBrt=NaN, lux=0.0, preLux=0.0, hbmMax=0.62, hbmMode=off, thrmMax=1.0, flags=, reason=screen_off
10-27 10:40:44.721  1269  1493 I DisplayDeviceRepository: Display device changed state: "Built-in Screen", OFF
10-27 10:40:44.850  1269  1700 I DreamManagerService: Entering dreamland.
10-27 10:40:44.854  1269  1700 I PowerManagerService: Dozing...
10-27 10:40:44.855  1269  1490 I DreamController: Starting dream: name=ComponentInfo{com.android.systemui/com.android.systemui.doze.DozeService}, isPreviewMode=false, canDoze=true, userId=0
10-27 10:40:44.932  1269  2714 D BiometricUtils: isEncrypted: false isLockdown: false
10-27 10:40:44.945  1269  1269 D UaBiometricScheduler/FingerprintProvider/default/0: [Added] {[208] com.android.server.biometrics.sensors.fingerprint.aidl.FingerprintAuthenticationClient, proto=3, owner=com.android.systemui, cookie=0, requestId=189, userId=0}, new queue size: 1
10-27 10:40:44.945  1269  1269 D UaBiometricScheduler/FingerprintProvider/default/0: [Polled] {[208] com.android.server.biometrics.sensors.fingerprint.aidl.FingerprintAuthenticationClient, proto=3, owner=com.android.systemui, cookie=0, requestId=189, userId=0}, State: 0
10-27 10:40:44.945  1269  1269 D GestureAvailabilityTracker: Notifying gesture availability, active=false
10-27 10:40:44.945  1269  1269 D UaBiometricScheduler/FingerprintProvider/default/0: [Started] {[208] com.android.server.biometrics.sensors.fingerprint.aidl.FingerprintAuthenticationClient, proto=3, owner=com.android.systemui, cookie=0, requestId=189, userId=0}
10-27 10:40:44.946  1269  1269 D BiometricCoexCoordinator: addAuthenticationClient(Udfps), client: {[208] com.android.server.biometrics.sensors.fingerprint.aidl.FingerprintAuthenticationClient, proto=3, owner=com.android.systemui, cookie=0, requestId=189, userId=0}
10-27 10:40:44.946  1269  1269 D BiometricStateCallback: State updated from 0 to 2, client {[208] com.android.server.biometrics.sensors.fingerprint.aidl.FingerprintAuthenticationClient, proto=3, owner=com.android.systemui, cookie=0, requestId=189, userId=0}
10-27 10:40:44.946  1269  1269 D Biometrics/AuthenticationClient: Requesting auth for com.android.systemui
10-27 10:40:44.949  1269  1269 V BiometricSchedulerOperation: started: {[208] com.android.server.biometrics.sensors.fingerprint.aidl.FingerprintAuthenticationClient, proto=3, owner=com.android.systemui, cookie=0, requestId=189, userId=0}, State: 2
10-27 10:40:44.976  1269 11740 D CoreBackPreview: Window{eb90c79 u0 UdfpsControllerOverlay}: Setting back callback OnBackInvokedCallbackInfo{mCallback=android.window.IOnBackInvokedCallback$Stub$Proxy@5d4fe1f, mPriority=0}
10-27 10:40:45.425  1269 11740 W AppOps  : Noting op not finished: uid 10137 pkg com.google.android.gms code 113 startTime of in progress event=1666868400759
10-27 10:40:45.458  1269  2714 W AppOps  : Noting op not finished: uid 10137 pkg com.google.android.gms code 113 startTime of in progress event=1666868400759
10-27 10:40:49.318   501   647 I keystore2: keystore2::authorization: on_lock_screen_event(LockScreenEvent(1), user_id=0, password.is_some()=false, unlocking_sids=Some([-7015470597429236483]))
10-27 10:40:49.318   501   647 I keystore2: keystore2::super_key: Locking screen bound for user 0 sids [-7015470597429236483]
10-27 10:41:13.207  1269  1491 W Looper  : Slow delivery took 307ms android.ui h=com.android.server.am.ActivityManagerService$UiHandler c=null m=31
10-27 10:41:13.215  1269  1491 W Looper  : Drained
10-27 10:43:12.106  1269  1269 W Looper  : Slow delivery took 238ms main h=android.os.Handler c=com.android.internal.os.BinderCallsStats$1@7f525f1 m=0
10-27 10:44:08.226  1269  1269 W Looper  : Drained
10-27 10:44:08.273  1269 11746 W AppOps  : Noting op not finished: uid 10137 pkg com.google.android.gms code 113 startTime of in progress event=1666868400759
10-27 10:44:08.303  1269 11746 W AppOps  : Noting op not finished: uid 10137 pkg com.google.android.gms code 113 startTime of in progress event=1666868400759
10-27 10:44:12.341  1054  1054 I vendor.google.wifi_ext@1.0-service-vendor: Wifi: Setting SAR Scenario to 3
10-27 10:44:12.348  1269  1700 I DisplayPowerController[0]: Blocking screen on until initial contents have been drawn.
10-27 10:44:12.351  1269  1700 V DisplayPowerController[0]: Brightness [0.07874016] reason changing to: 'doze', previous reason: 'screen_off'.
10-27 10:44:12.351  1269  1700 I DisplayPowerController[0]: BrightnessEvent: disp=0, brt=0.07874016, rcmdBrt=NaN, preBrt=NaN, lux=0.0, preLux=0.0, hbmMax=0.62, hbmMode=off, thrmMax=1.0, flags=, reason=doze
10-27 10:44:12.355  1269  1493 I DisplayDeviceRepository: Display device changed state: "Built-in Screen", ON
10-27 10:44:12.380  1269  1700 I DisplayPowerController[0]: BrightnessEvent: disp=0, brt=0.007874016, rcmdBrt=NaN, preBrt=NaN, lux=0.0, preLux=0.0, hbmMax=0.62, hbmMode=off, thrmMax=1.0, flags=, reason=doze
10-27 10:44:12.568  1269  1700 I DisplayPowerController[0]: Unblocked screen on after 220 ms
10-27 10:44:17.089   501 21471 I keystore2: keystore2::watchdog: Watchdog thread idle -> terminating. Have a great day.
10-27 10:44:24.642  1269  1700 I DisplayPowerController[0]: Blocking screen off
10-27 10:44:24.643  1269  1700 I DisplayPowerController[0]: Unblocked screen off after 1 ms
10-27 10:44:24.648  1269  1700 V DisplayPowerController[0]: Brightness [0.0] reason changing to: 'screen_off', previous reason: 'doze'.
10-27 10:44:24.648  1269  1700 I DisplayPowerController[0]: BrightnessEvent: disp=0, brt=0.0, rcmdBrt=NaN, preBrt=NaN, lux=0.0, preLux=0.0, hbmMax=0.62, hbmMode=off, thrmMax=1.0, flags=, reason=screen_off
10-27 10:44:24.661  1269  1493 I DisplayDeviceRepository: Display device changed state: "Built-in Screen", OFF
10-27 10:45:41.487  1269 11738 W ContextImpl: Calling a method in the system process without a qualified user: android.app.ContextImpl.sendBroadcastMultiplePermissions:1222 com.android.server.TelephonyRegistry.broadcastServiceStateChanged:3085 com.android.server.TelephonyRegistry.notifyServiceStateForPhoneId:1616 com.android.internal.telephony.ITelephonyRegistry$Stub.onTransact:492 android.os.Binder.execTransactInternal:1280 
10-27 10:45:41.488  1269 11738 W ContextImpl: Calling a method in the system process without a qualified user: android.app.ContextImpl.sendBroadcastMultiplePermissions:1272 android.content.Context.sendBroadcastMultiplePermissions:2272 com.android.server.TelephonyRegistry.broadcastServiceStateChanged:3089 com.android.server.TelephonyRegistry.notifyServiceStateForPhoneId:1616 com.android.internal.telephony.ITelephonyRegistry$Stub.onTransact:492 
10-27 10:45:41.489  1269  1502 W BroadcastQueue: Permission Denial: receiving Intent { act=android.intent.action.SERVICE_STATE flg=0x1000010 (has extras) } to ProcessRecord{c3d5824 2209:com.android.systemui/u0a208} (pid=2209, uid=10208) requires android.permission.READ_PHONE_STATE due to sender android (uid 1001)
10-27 10:45:41.489  1269  1502 W BroadcastQueue: Permission Denial: receiving Intent { act=android.intent.action.SERVICE_STATE flg=0x1000010 (has extras) } to ProcessRecord{622ef2a 2479:com.shannon.imsservice/u0a204} (pid=2479, uid=10204) requires android.permission.READ_PHONE_STATE due to sender android (uid 1001)
10-27 10:45:41.489  1269  1502 W BroadcastQueue: Permission Denial: receiving Intent { act=android.intent.action.SERVICE_STATE flg=0x1000010 (has extras) } to ProcessRecord{c3d5824 2209:com.android.systemui/u0a208} (pid=2209, uid=10208) requires android.permission.ACCESS_FINE_LOCATION due to sender android (uid 1001)
10-27 10:45:41.490  1269  1502 W BroadcastQueue: Permission Denial: receiving Intent { act=android.intent.action.SERVICE_STATE flg=0x1000010 (has extras) } to com.google.android.cellbroadcastreceiver/com.android.cellbroadcastreceiver.CellBroadcastReceiver requires android.permission.READ_PHONE_STATE due to sender android (uid 1001)
10-27 10:45:41.490  1269  1502 W BroadcastQueue: Permission Denial: receiving Intent { act=android.intent.action.SERVICE_STATE flg=0x1000010 (has extras) } to com.google.android.cellbroadcastreceiver/com.android.cellbroadcastreceiver.CellBroadcastReceiver requires android.permission.ACCESS_FINE_LOCATION due to sender android (uid 1001)
10-27 10:45:41.492  1269 11738 W ContextImpl: Calling a method in the system process without a qualified user: android.app.ContextImpl.sendBroadcastMultiplePermissions:1272 android.content.Context.sendBroadcastMultiplePermissions:2272 com.android.server.TelephonyRegistry.broadcastServiceStateChanged:3096 com.android.server.TelephonyRegistry.notifyServiceStateForPhoneId:1616 com.android.internal.telephony.ITelephonyRegistry$Stub.onTransact:492 
10-27 10:45:41.493  1269  1502 W BroadcastQueue: Permission Denial: receiving Intent { act=android.intent.action.SERVICE_STATE flg=0x1000010 (has extras) } to ProcessRecord{c3d5824 2209:com.android.systemui/u0a208} (pid=2209, uid=10208) requires android.permission.READ_PHONE_STATE due to sender android (uid 1001)
10-27 10:45:41.493  1269  1502 W BroadcastQueue: Permission Denial: receiving Intent { act=android.intent.action.SERVICE_STATE flg=0x1000010 (has extras) } to ProcessRecord{622ef2a 2479:com.shannon.imsservice/u0a204} (pid=2479, uid=10204) requires android.permission.READ_PHONE_STATE due to sender android (uid 1001)
10-27 10:45:41.493  1269  1502 W BroadcastQueue: Permission Denial: receiving Intent { act=android.intent.action.SERVICE_STATE flg=0x1000010 (has extras) } to com.google.android.cellbroadcastreceiver/com.android.cellbroadcastreceiver.CellBroadcastReceiver requires android.permission.READ_PHONE_STATE due to sender android (uid 1001)
10-27 10:45:41.494  1269 11738 W ContextImpl: Calling a method in the system process without a qualified user: android.app.ContextImpl.sendBroadcastMultiplePermissions:1272 android.content.Context.sendBroadcastMultiplePermissions:2272 com.android.server.TelephonyRegistry.broadcastServiceStateChanged:3100 com.android.server.TelephonyRegistry.notifyServiceStateForPhoneId:1616 com.android.internal.telephony.ITelephonyRegistry$Stub.onTransact:492 
10-27 10:45:41.494  1269  1502 W BroadcastQueue: Appop Denial: receiving Intent { act=android.intent.action.SERVICE_STATE flg=0x1000010 (has extras) } to ProcessRecord{622ef2a 2479:com.shannon.imsservice/u0a204} (pid=2479, uid=10204) excludes appop android:fine_location due to sender android (uid 1001)
10-27 10:45:45.757  1269  1989 W AppOps  : Noting op not finished: uid 10148 pkg com.google.android.googlequicksearchbox code 79 startTime of in progress event=1666881244849
10-27 10:45:45.760  1269  2264 W AppOps  : Noting op not finished: uid 10110 pkg com.google.android.apps.scone code 79 startTime of in progress event=1666848011685
10-27 10:46:12.342  1269 11738 W AppOps  : Noting op not finished: uid 10148 pkg com.google.android.googlequicksearchbox code 79 startTime of in progress event=1666881244849
10-27 10:46:12.344  1269 11738 W AppOps  : Noting op not finished: uid 10110 pkg com.google.android.apps.scone code 79 startTime of in progress event=1666848011685
10-27 10:47:31.304  1269  1269 D ActivityManager: sync unfroze 15320 com.google.android.apps.turbo:aab
10-27 10:47:31.329  1269 11746 W AppOps  : Noting op not finished: uid 10137 pkg com.google.android.gms code 113 startTime of in progress event=1666868400759
10-27 10:47:31.362  1269 11746 W AppOps  : Noting op not finished: uid 10137 pkg com.google.android.gms code 113 startTime of in progress event=1666868400759
10-27 10:47:31.379  1269  1269 D CompatibilityChangeReporter: Compat change id reported: 135634846; UID 10096; state: DISABLED
10-27 10:47:31.379  1269  1269 D CompatibilityChangeReporter: Compat change id reported: 177438394; UID 10096; state: DISABLED
10-27 10:47:31.379  1269  1269 D CompatibilityChangeReporter: Compat change id reported: 135772972; UID 10096; state: DISABLED
10-27 10:47:31.379  1269  1269 D CompatibilityChangeReporter: Compat change id reported: 135754954; UID 10096; state: ENABLED
10-27 10:47:31.380  1269  1503 D CompatibilityChangeReporter: Compat change id reported: 143937733; UID 10096; state: ENABLED
10-27 10:47:31.419  1269  1269 W Looper  : Slow dispatch took 129ms main h=com.android.server.job.JobSchedulerService$JobHandler c=null m=8
10-27 10:47:31.420  1269  1503 I ActivityManager: Start proc 21558:com.google.android.partnersetup/u0a96 for service {com.google.android.partnersetup/com.google.android.partnersetup.InstalledAppJobService}
10-27 10:47:31.568  1269  1989 D CompatibilityChangeReporter: Compat change id reported: 194532703; UID 10096; state: ENABLED
10-27 10:47:31.582  1269  1989 W JobScheduler: Job didn't exist in JobStore: 637b72b #u0a96/4096 com.google.android.partnersetup/.InstalledAppJobService
10-27 10:47:31.587  1269 11746 D CompatibilityChangeReporter: Compat change id reported: 218533173; UID 10214; state: DISABLED
10-27 10:47:31.587  1269 11746 D CompatibilityChangeReporter: Compat change id reported: 218533173; UID 10118; state: ENABLED
10-27 10:47:31.588  1269 11746 D CompatibilityChangeReporter: Compat change id reported: 218533173; UID 10152; state: ENABLED
10-27 10:48:51.819  1269  1269 W Looper  : Slow delivery took 225ms main h=android.os.Handler c=com.android.internal.os.BinderCallsStats$1@7f525f1 m=0
10-27 10:49:26.221  1269  1269 W Looper  : Drained
10-27 10:50:54.318  1269  1989 W AppOps  : Noting op not finished: uid 10137 pkg com.google.android.gms code 113 startTime of in progress event=1666868400759
10-27 10:50:54.345  1269  2264 W AppOps  : Noting op not finished: uid 10137 pkg com.google.android.gms code 113 startTime of in progress event=1666868400759
10-27 10:51:32.931  1269  1491 W Looper  : Slow delivery took 280ms android.ui h=com.android.server.am.ActivityManagerService$UiHandler c=null m=31
10-27 10:52:22.123  1269  1491 W Looper  : Drained
10-27 10:52:35.300  1269  1502 D ActivityManager: sync unfroze 19696 com.google.android.apps.photos
10-27 10:52:35.301  1269  1502 D CompatibilityChangeReporter: Compat change id reported: 168419799; UID 10184; state: DISABLED
10-27 10:52:35.427  1269 11740 W JobScheduler: Job didn't exist in JobStore: a201f1a #u0a110/201471527 com.google.android.apps.scone/.awareness.OosObserver
10-27 10:52:35.594  1269 11740 W UriGrantsManagerService: No permission grants found for com.google.android.apps.photos
10-27 10:52:35.594  1269 11740 W UriGrantsManagerService: No permission grants found for com.google.android.apps.photos
10-27 10:52:35.599  1269 11740 D CompatibilityChangeReporter: Compat change id reported: 149924527; UID 10184; state: ENABLED
10-27 10:52:35.600  1269 11740 D CompatibilityChangeReporter: Compat change id reported: 132649864; UID 10184; state: DISABLED
10-27 10:52:35.601  1269 11740 D CompatibilityChangeReporter: Compat change id reported: 182734110; UID 10184; state: ENABLED
10-27 10:52:35.885  1269  1989 W UriGrantsManagerService: No permission grants found for com.google.android.apps.photos
10-27 10:52:35.886  1269  1989 W UriGrantsManagerService: No permission grants found for com.google.android.apps.photos
10-27 10:52:36.019  1269  1989 D CompatibilityChangeReporter: Compat change id reported: 135634846; UID 10184; state: DISABLED
10-27 10:52:36.020  1269  1989 D CompatibilityChangeReporter: Compat change id reported: 177438394; UID 10184; state: DISABLED
10-27 10:52:36.020  1269  1989 D CompatibilityChangeReporter: Compat change id reported: 135772972; UID 10184; state: DISABLED
10-27 10:52:36.020  1269  1989 D CompatibilityChangeReporter: Compat change id reported: 135754954; UID 10184; state: ENABLED
10-27 10:52:36.021  1269  1503 D CompatibilityChangeReporter: Compat change id reported: 143937733; UID 10184; state: ENABLED
10-27 10:52:36.039  1269  1503 I ActivityManager: Start proc 21634:com.google.android.apps.photos:mediametadataservice/u0a184 for service {com.google.android.apps.photos/com.google.android.apps.photos.mediametadataservice.MediaMetadataService}
10-27 10:52:36.243  1269  3790 I ActivityManager: Killing 14126:com.duckduckgo.mobile.android/u0a223 (adj 975): empty #33
10-27 10:52:36.294  1269  3575 W UriGrantsManagerService: No permission grants found for com.google.android.apps.photos
10-27 10:52:36.294  1269  3575 W UriGrantsManagerService: No permission grants found for com.google.android.apps.photos
10-27 10:52:36.865 14229 15351 W PackageParser: Unknown element under <manifest>: queries at /data/user_de/0/com.google.android.gms/app_chimera/m/0000007b/dl-Games.optional_224113100000.apk Binary XML file line #11
10-27 10:52:36.960 14229 15351 W PackageParser: Unknown element under <manifest>: queries at /data/user_de/0/com.google.android.gms/app_chimera/m/0000004e/dl-AdsFdrDynamite.integ_223104600100000.apk Binary XML file line #11
10-27 10:52:37.203 14229 15351 W PackageParser: Unknown element under <manifest>: queries at /data/user_de/0/com.google.android.gms/app_chimera/m/0000007b/dl-Games.optional_224113100000.apk Binary XML file line #11
10-27 10:52:37.247 14229 15351 W PackageParser: Unknown element under <manifest>: queries at /data/user_de/0/com.google.android.gms/app_chimera/m/0000004e/dl-AdsFdrDynamite.integ_223104600100000.apk Binary XML file line #11
10-27 10:52:37.398 14229 15351 W PackageParser: Unknown element under <manifest>: queries at /data/user_de/0/com.google.android.gms/app_chimera/m/0000007b/dl-Games.optional_224113100000.apk Binary XML file line #11
10-27 10:52:37.440 14229 15351 W PackageParser: Unknown element under <manifest>: queries at /data/user_de/0/com.google.android.gms/app_chimera/m/0000004e/dl-AdsFdrDynamite.integ_223104600100000.apk Binary XML file line #11
10-27 10:52:37.641  1269  1345 I DropBoxManagerService: add tag=event_log isTagEnabled=true flags=0x2
10-27 10:52:37.646  1269  1345 I DropBoxManagerService: add tag=event_data isTagEnabled=true flags=0x2
10-27 10:52:37.646  1269  1502 W BroadcastQueue: Background execution not allowed: receiving Intent { act=android.intent.action.DROPBOX_ENTRY_ADDED flg=0x10 (has extras) } to com.google.android.gms/.stats.service.DropBoxEntryAddedReceiver
10-27 10:52:37.646  1269  1502 W BroadcastQueue: Background execution not allowed: receiving Intent { act=android.intent.action.DROPBOX_ENTRY_ADDED flg=0x10 (has extras) } to com.google.android.gms/.chimera.GmsIntentOperationService$PersistentTrustedReceiver
10-27 10:52:37.647  1269  1502 W BroadcastQueue: Background execution not allowed: receiving Intent { act=android.intent.action.DROPBOX_ENTRY_ADDED flg=0x10 (has extras) } to com.google.android.gms/.stats.service.DropBoxEntryAddedReceiver
10-27 10:52:37.673  1269  1502 W BroadcastQueue: Background execution not allowed: receiving Intent { act=android.intent.action.DROPBOX_ENTRY_ADDED flg=0x10 (has extras) } to com.google.android.gms/.chimera.GmsIntentOperationService$PersistentTrustedReceiver
10-27 10:52:37.683  1269  1345 I DropBoxManagerService: add tag=dumpsys:account isTagEnabled=true flags=0x2
10-27 10:52:37.698  1269  1502 W BroadcastQueue: Background execution not allowed: receiving Intent { act=android.intent.action.DROPBOX_ENTRY_ADDED flg=0x10 (has extras) } to com.google.android.gms/.stats.service.DropBoxEntryAddedReceiver
10-27 10:52:37.698  1269  1502 W BroadcastQueue: Background execution not allowed: receiving Intent { act=android.intent.action.DROPBOX_ENTRY_ADDED flg=0x10 (has extras) } to com.google.android.gms/.chimera.GmsIntentOperationService$PersistentTrustedReceiver
10-27 10:52:37.989  1269  2714 I DropBoxManagerService: add tag=platform_stats_bookmark isTagEnabled=true flags=0x2
10-27 10:52:38.018  1269  1502 W BroadcastQueue: Background execution not allowed: receiving Intent { act=android.intent.action.DROPBOX_ENTRY_ADDED flg=0x10 (has extras) } to com.google.android.gms/.stats.service.DropBoxEntryAddedReceiver
10-27 10:52:38.019  1269  1502 W BroadcastQueue: Background execution not allowed: receiving Intent { act=android.intent.action.DROPBOX_ENTRY_ADDED flg=0x10 (has extras) } to com.google.android.gms/.chimera.GmsIntentOperationService$PersistentTrustedReceiver
10-27 10:52:38.334  1269  1269 D CompatibilityChangeReporter: Compat change id reported: 177438394; UID 10104; state: DISABLED
10-27 10:52:38.334  1269  1269 D CompatibilityChangeReporter: Compat change id reported: 135772972; UID 10104; state: DISABLED
10-27 10:52:38.335  1269  1269 D CompatibilityChangeReporter: Compat change id reported: 135754954; UID 10104; state: ENABLED
10-27 10:52:38.335  1269  1503 D CompatibilityChangeReporter: Compat change id reported: 143937733; UID 10104; state: ENABLED
10-27 10:52:38.372  1269  1503 I ActivityManager: Start proc 21678:com.google.android.apps.safetyhub/u0a104 for service {com.google.android.apps.safetyhub/androidx.work.impl.background.systemjob.SystemJobService}
10-27 10:52:38.413  1269  2714 D CompatibilityChangeReporter: Compat change id reported: 168419799; UID 10104; state: DISABLED
10-27 10:52:38.591  1269  2714 D CompatibilityChangeReporter: Compat change id reported: 161145287; UID 10104; state: DISABLED
10-27 10:52:44.847  1269  2714 D CompatibilityChangeReporter: Compat change id reported: 194532703; UID 10104; state: ENABLED
10-27 10:53:12.195  1269  1269 W Looper  : Slow dispatch took 343ms main h=com.android.server.job.JobSchedulerService$JobHandler c=null m=4
10-27 10:53:12.195  1269  1269 W Looper  : Slow delivery took 341ms main h=com.android.server.job.controllers.ConnectivityController$CcHandler c=null m=0
10-27 10:53:12.214  1269  1269 W Looper  : Drained
10-27 10:53:12.233  1269  2029 D CompatibilityChangeReporter: Compat change id reported: 218533173; UID 10184; state: ENABLED
10-27 10:54:17.007  1269  1490 D CompatibilityChangeReporter: Compat change id reported: 168936375; UID 1000; state: ENABLED
10-27 10:54:17.009  1269  1490 D CompatibilityChangeReporter: Compat change id reported: 73144566; UID 1000; state: ENABLED
10-27 10:54:17.046  1269  3784 W AppOps  : Noting op not finished: uid 10137 pkg com.google.android.gms code 113 startTime of in progress event=1666868400759
10-27 10:54:17.066  1269  3784 W AppOps  : Noting op not finished: uid 10137 pkg com.google.android.gms code 113 startTime of in progress event=1666868400759
10-27 10:54:24.828   501 21749 I keystore2: keystore2::watchdog: Watchdog thread idle -> terminating. Have a great day.
10-27 10:57:39.673  1269  1346 W AppOps  : Noting op not finished: uid 10137 pkg com.google.android.gms code 113 startTime of in progress event=1666868400759
10-27 10:57:39.691  1269  1989 W AppOps  : Noting op not finished: uid 10137 pkg com.google.android.gms code 113 startTime of in progress event=1666868400759
10-27 11:00:00.052  1269  1502 I ActivityManager: Killing 17383:com.android.providers.calendar/u0a64 (adj 985): empty #33
10-27 11:00:00.055  1269  1502 I ActivityManager: Killing 18326:com.facebook.katana/u0a271 (adj 985): empty #34
10-27 11:00:00.125  1269  1504 I ActivityManager: Process PhantomProcessRecord {a809718 18417:18326:nightwatch.txt/u0a271} died
10-27 11:01:02.304  1269 11746 W AppOps  : Noting op not finished: uid 10137 pkg com.google.android.gms code 113 startTime of in progress event=1666868400759
10-27 11:01:02.332  1269 11746 W AppOps  : Noting op not finished: uid 10137 pkg com.google.android.gms code 113 startTime of in progress event=1666868400759
10-27 11:01:02.379  1269  2714 W AlarmManager: Window length 1152921504606846975ms too long; limiting to 1 day
10-27 11:03:45.303  1269  1501 E DiscreteRegistry: Deleting file 1666277696083tl
10-27 11:03:48.302  1269  1269 D CompatibilityChangeReporter: Compat change id reported: 135634846; UID 10168; state: DISABLED
10-27 11:03:48.302  1269  1269 D CompatibilityChangeReporter: Compat change id reported: 177438394; UID 10168; state: DISABLED
10-27 11:03:48.302  1269  1269 D CompatibilityChangeReporter: Compat change id reported: 135772972; UID 10168; state: DISABLED
10-27 11:03:48.302  1269  1269 D CompatibilityChangeReporter: Compat change id reported: 135754954; UID 10168; state: ENABLED
10-27 11:03:48.303  1269  1503 D CompatibilityChangeReporter: Compat change id reported: 143937733; UID 10168; state: ENABLED
10-27 11:03:48.372  1269  1503 W ActivityManager: Slow operation: 71ms so far, now at startProcess: returned from zygote!
10-27 11:03:48.373  1269  1503 W ActivityManager: Slow operation: 72ms so far, now at startProcess: done updating battery stats
10-27 11:03:48.373  1269  1503 W ActivityManager: Slow operation: 72ms so far, now at startProcess: building log message
10-27 11:03:48.373  1269  1503 I ActivityManager: Start proc 21823:com.google.android.apps.work.clouddpc/u0a168 for service {com.google.android.apps.work.clouddpc/com.google.android.apps.work.clouddpc.base.services.HealthCheckJobService}
10-27 11:03:48.373  1269  1503 W ActivityManager: Slow operation: 72ms so far, now at startProcess: starting to update pids map
10-27 11:03:48.373  1269  1503 W ActivityManager: Slow operation: 73ms so far, now at startProcess: done updating pids map
10-27 11:03:49.055  1269 11746 D CompatibilityChangeReporter: Compat change id reported: 194532703; UID 10168; state: ENABLED
10-27 11:03:49.375  1269  1988 I ActivityManager: Killing 18462:com.google.android.calendar/u0a176 (adj 975): empty #33
10-27 11:04:15.210  1269  2039 D ActivityManager: freezing 19646 android.process.media
10-27 11:04:15.210  1269  1269 W Looper  : Slow delivery took 286ms main h=android.os.Handler c=com.android.internal.os.BinderCallsStats$1@7f525f1 m=0
10-27 11:04:15.364  1269  1269 W Looper  : Drained
10-27 11:05:42.195  1269  3211 D CompatibilityChangeReporter: Compat change id reported: 161145287; UID 10168; state: DISABLED
10-27 11:14:26.280  1269  2043 E AlarmManager: Attempt to decrement existing alarm count 0 by 1 for uid 1000
10-27 11:14:26.283  1269  1502 I DropBoxManagerService: add tag=system_server_wtf isTagEnabled=true flags=0x2
10-27 11:15:59.934  1269  1502 W BroadcastQueue: Background execution not allowed: receiving Intent { act=android.intent.action.DROPBOX_ENTRY_ADDED flg=0x10 (has extras) } to com.google.android.gms/.stats.service.DropBoxEntryAddedReceiver
10-27 11:15:59.934  1269  1502 W BroadcastQueue: Background execution not allowed: receiving Intent { act=android.intent.action.DROPBOX_ENTRY_ADDED flg=0x10 (has extras) } to com.google.android.gms/.chimera.GmsIntentOperationService$PersistentTrustedReceiver
10-27 11:16:17.845  1269  3211 I DropBoxManagerService: add tag=platform_stats_bookmark isTagEnabled=true flags=0x2
10-27 11:16:17.865  1269  1502 W BroadcastQueue: Background execution not allowed: receiving Intent { act=android.intent.action.DROPBOX_ENTRY_ADDED flg=0x10 (has extras) } to com.google.android.gms/.stats.service.DropBoxEntryAddedReceiver
10-27 11:16:17.865  1269  1502 W BroadcastQueue: Background execution not allowed: receiving Intent { act=android.intent.action.DROPBOX_ENTRY_ADDED flg=0x10 (has extras) } to com.google.android.gms/.chimera.GmsIntentOperationService$PersistentTrustedReceiver
10-27 11:16:32.104  1269  1269 W Looper  : Slow delivery took 271ms main h=android.os.Handler c=com.android.internal.os.BinderCallsStats$1@7f525f1 m=0
10-27 11:16:32.242  1269  2039 D ActivityManager: freezing 20041 com.google.android.dialer
10-27 11:19:26.308  1269  1269 W Looper  : Drained
10-27 11:19:50.626  1269  1989 I SoundTriggerService: getModuleProperties()
10-27 11:19:50.735  1269  1269 W Looper  : Slow dispatch took 160ms main h=com.android.server.job.JobSchedulerService$JobHandler c=null m=8
10-27 11:19:51.124  1269  3794 I DropBoxManagerService: add tag=event_data isTagEnabled=true flags=0x2
10-27 11:19:51.131  1269  1502 W BroadcastQueue: Background execution not allowed: receiving Intent { act=android.intent.action.DROPBOX_ENTRY_ADDED flg=0x10 (has extras) } to com.google.android.gms/.stats.service.DropBoxEntryAddedReceiver
10-27 11:19:51.132  1269  1502 W BroadcastQueue: Background execution not allowed: receiving Intent { act=android.intent.action.DROPBOX_ENTRY_ADDED flg=0x10 (has extras) } to com.google.android.gms/.chimera.GmsIntentOperationService$PersistentTrustedReceiver
10-27 11:19:51.152  1269  3787 I DropBoxManagerService: add tag=dumpsys:account isTagEnabled=true flags=0x2
10-27 11:19:51.165  1269  1502 W BroadcastQueue: Background execution not allowed: receiving Intent { act=android.intent.action.DROPBOX_ENTRY_ADDED flg=0x10 (has extras) } to com.google.android.gms/.stats.service.DropBoxEntryAddedReceiver
10-27 11:19:51.176  1269  1502 W BroadcastQueue: Background execution not allowed: receiving Intent { act=android.intent.action.DROPBOX_ENTRY_ADDED flg=0x10 (has extras) } to com.google.android.gms/.chimera.GmsIntentOperationService$PersistentTrustedReceiver
10-27 11:19:51.226  1269 11735 D CompatibilityChangeReporter: Compat change id reported: 135634846; UID 10099; state: DISABLED
10-27 11:19:51.226  1269 11735 D CompatibilityChangeReporter: Compat change id reported: 177438394; UID 10099; state: DISABLED
10-27 11:19:51.226  1269 11735 D CompatibilityChangeReporter: Compat change id reported: 135772972; UID 10099; state: DISABLED
10-27 11:19:51.226  1269 11735 D CompatibilityChangeReporter: Compat change id reported: 135754954; UID 10099; state: ENABLED
10-27 11:19:51.227  1269  1503 D CompatibilityChangeReporter: Compat change id reported: 143937733; UID 10099; state: ENABLED
10-27 11:19:51.242  1269  1503 I ActivityManager: Start proc 22032:com.google.android.apps.security.securityhub/u0a99 for content provider {com.google.android.apps.security.securityhub/com.google.android.apps.security.securityhub.settingscontentprovider.SettingsContentProvider}
10-27 11:19:51.242  1269 11741 I Telecom : PhoneAccountRegistrar: getSimCallManager: SimCallManager for subId 1 queried, returning: null: TSI.gSCM@AFw
10-27 11:19:51.247  1269  1346 I Telecom : PhoneAccountRegistrar: getSimCallManager: SimCallManager for subId 1 queried, returning: null: TSI.gSCM@AF0
10-27 11:19:51.261  1269 11735 D CompatibilityChangeReporter: Compat change id reported: 168419799; UID 10099; state: DISABLED
10-27 11:19:51.373  1269  3784 D CompatibilityChangeReporter: Compat change id reported: 183407956; UID 1000; state: ENABLED
10-27 11:19:51.375  1269  3784 I Telecom : PhoneAccountRegistrar: getSimCallManager: SimCallManager for subId 1 queried, returning: null
10-27 11:19:51.545  1269 11735 D CompatibilityChangeReporter: Compat change id reported: 158482162; UID 1000; state: ENABLED
10-27 11:19:51.894  1269 11740 D CompatibilityChangeReporter: Compat change id reported: 135634846; UID 10066; state: DISABLED
10-27 11:19:51.894  1269 11740 D CompatibilityChangeReporter: Compat change id reported: 177438394; UID 10066; state: DISABLED
10-27 11:19:51.894  1269 11740 D CompatibilityChangeReporter: Compat change id reported: 135772972; UID 10066; state: DISABLED
10-27 11:19:51.895  1269 11740 D CompatibilityChangeReporter: Compat change id reported: 135754954; UID 10066; state: ENABLED
10-27 11:19:51.895  1269  1503 D CompatibilityChangeReporter: Compat change id reported: 143937733; UID 10066; state: ENABLED
10-27 11:19:51.911  1269  1503 I ActivityManager: Start proc 22083:com.android.traceur/u0a66 for content provider {com.android.traceur/com.android.traceur.SearchProvider}
10-27 11:19:51.929  1269  3784 D CompatibilityChangeReporter: Compat change id reported: 135634846; UID 10100; state: DISABLED
10-27 11:19:51.929  1269  3784 D CompatibilityChangeReporter: Compat change id reported: 177438394; UID 10100; state: DISABLED
10-27 11:19:51.929  1269  3784 D CompatibilityChangeReporter: Compat change id reported: 135772972; UID 10100; state: DISABLED
10-27 11:19:51.929  1269  3784 D CompatibilityChangeReporter: Compat change id reported: 135754954; UID 10100; state: ENABLED
10-27 11:19:51.929  1269  1503 D CompatibilityChangeReporter: Compat change id reported: 143937733; UID 10100; state: ENABLED
10-27 11:19:51.935  1269  3784 D CompatibilityChangeReporter: Compat change id reported: 168419799; UID 10066; state: DISABLED
10-27 11:19:51.951 15159 22100 I ActivityThread: Removing dead content provider:android.content.ContentProviderProxy@f0fe46f
10-27 11:19:51.955  1269  1503 I ActivityManager: Start proc 22101:com.google.android.apps.tips/u0a100 for content provider {com.google.android.apps.tips/com.google.android.apps.tips.settings.search.SettingsSearchProvider}
10-27 11:19:51.955  1269  3787 I ActivityManager: Process com.google.android.apps.wellbeing (pid 8490) early provider death
10-27 11:19:51.955  1269  3787 I ActivityManager: Process com.google.android.apps.wellbeing (pid 8490) has died: cch+5 TRNB
10-27 11:19:51.980  1269  3787 D CompatibilityChangeReporter: Compat change id reported: 168419799; UID 10100; state: DISABLED
10-27 11:19:51.981  1269  1346 W ActivityManager: ProcessRecord{ea089ba 0:com.google.android.apps.wellbeing/u0a135} is attached to a previous process 8490
10-27 11:19:51.982  1269  1346 D CompatibilityChangeReporter: Compat change id reported: 135634846; UID 10135; state: DISABLED
10-27 11:19:51.982  1269  1346 D CompatibilityChangeReporter: Compat change id reported: 177438394; UID 10135; state: DISABLED
10-27 11:19:51.982  1269  1346 D CompatibilityChangeReporter: Compat change id reported: 135772972; UID 10135; state: DISABLED
10-27 11:19:51.982  1269  1346 D CompatibilityChangeReporter: Compat change id reported: 135754954; UID 10135; state: ENABLED
10-27 11:19:52.119  1269 11735 D CompatibilityChangeReporter: Compat change id reported: 135634846; UID 10137; state: DISABLED
10-27 11:19:52.120  1269 11735 D CompatibilityChangeReporter: Compat change id reported: 177438394; UID 10137; state: DISABLED
10-27 11:19:52.120  1269 11735 D CompatibilityChangeReporter: Compat change id reported: 135772972; UID 10137; state: DISABLED
10-27 11:19:52.120  1269 11735 D CompatibilityChangeReporter: Compat change id reported: 135754954; UID 10137; state: ENABLED
10-27 11:19:52.120  1269  1503 D CompatibilityChangeReporter: Compat change id reported: 143937733; UID 10137; state: ENABLED
10-27 11:19:52.134  1269  1503 I ActivityManager: Start proc 22121:com.google.android.gms.ui/u0a137 for content provider {com.google.android.gms/com.google.android.gms.accountsettings.content.SettingsSearchContentProvider}
10-27 11:19:52.190  1269  3787 V ActivityManager: Got obituary of 8490:com.google.android.apps.wellbeing
10-27 11:19:52.190  1269  1503 W ActivityManager: Slow operation: 209ms so far, now at startProcess: asking zygote to start proc
10-27 11:19:52.190  1269  1503 D CompatibilityChangeReporter: Compat change id reported: 143937733; UID 10135; state: ENABLED
10-27 11:19:52.200  1269  1503 W ActivityManager: Slow operation: 219ms so far, now at startProcess: returned from zygote!
10-27 11:19:52.202  1269  1503 W ActivityManager: Slow operation: 221ms so far, now at startProcess: done updating battery stats
10-27 11:19:52.202  1269  1503 W ActivityManager: Slow operation: 221ms so far, now at startProcess: building log message
10-27 11:19:52.202  1269  1503 I ActivityManager: Start proc 22136:com.google.android.apps.wellbeing/u0a135 for content provider {com.google.android.apps.wellbeing/com.google.android.apps.wellbeing.searchindexables.impl.WellbeingSearchIndexablesProvider}
10-27 11:19:52.202  1269  1503 W ActivityManager: Slow operation: 221ms so far, now at startProcess: starting to update pids map
10-27 11:19:52.202  1269  1503 W ActivityManager: Slow operation: 221ms so far, now at startProcess: done updating pids map
10-27 11:19:52.252  1269  2723 D ActivityManager: sync unfroze 20472 com.google.android.permissioncontroller
10-27 11:19:52.292  1269  2714 D CompatibilityChangeReporter: Compat change id reported: 177438394; UID 10131; state: DISABLED
10-27 11:19:52.292  1269  2714 D CompatibilityChangeReporter: Compat change id reported: 135772972; UID 10131; state: DISABLED
10-27 11:19:52.292  1269  2714 D CompatibilityChangeReporter: Compat change id reported: 135754954; UID 10131; state: ENABLED
10-27 11:19:52.292  1269  1503 D CompatibilityChangeReporter: Compat change id reported: 143937733; UID 10131; state: ENABLED
10-27 11:19:52.321  1269  1503 I ActivityManager: Start proc 22154:com.google.android.projection.gearhead:projection/u0a131 for content provider {com.google.android.projection.gearhead/com.google.android.projection.gearhead.companion.settings.SettingsSearchProvider}
10-27 11:19:52.802  1269  3784 D CompatibilityChangeReporter: Compat change id reported: 161252188; UID 10137; state: ENABLED
10-27 11:19:53.043  1269  3575 D CompatibilityChangeReporter: Compat change id reported: 161145287; UID 10131; state: DISABLED
10-27 11:19:53.126  1269  3784 D CompatibilityChangeReporter: Compat change id reported: 157233955; UID 10131; state: ENABLED
10-27 11:19:53.231  1269  3784 D CompatibilityChangeReporter: Compat change id reported: 158482162; UID 10137; state: ENABLED
10-27 11:19:53.458  1269  1269 D ActivityManager: sync unfroze 20041 com.google.android.dialer
10-27 11:19:53.650  1269  3575 D CompatibilityChangeReporter: Compat change id reported: 194532703; UID 10135; state: ENABLED
10-27 11:19:53.751  1269  3575 W JobScheduler: Job didn't exist in JobStore: fbadf27 #u0a135/6563 com.google.android.apps.wellbeing/androidx.work.impl.background.systemjob.SystemJobService
10-27 11:19:54.519  1269  2714 I ActivityManager: Killing 18739:com.android.chrome:sandboxed_process0:org.chromium.content.app.SandboxedProcessService0:1/u0a152i-9000 (adj 995): empty #33
10-27 11:19:54.520  1269  2714 I ActivityManager: Killing 17816:com.android.chrome/u0a152 (adj 935): empty #34
10-27 11:19:54.551  1269  3575 W ActivityManager: Scheduling restart of crashed service com.android.chrome/org.chromium.content.app.SandboxedProcessService0:1 in 1000ms for connection
10-27 11:19:54.575  1269  1346 W ActivityManager: Scheduling restart of crashed service com.android.chrome/org.chromium.chrome.browser.customtabs.CustomTabsConnectionService in 1000ms for connection
10-27 11:19:54.632  1269  3783 I ActivityManager: Process com.android.chrome:privileged_process0 (pid 18740) has died: fg  SVC 
10-27 11:19:55.615  1269  2029 D CompatibilityChangeReporter: Compat change id reported: 218533173; UID 10100; state: ENABLED
10-27 11:19:56.312  1269  1346 D CompatibilityChangeReporter: Compat change id reported: 161145287; UID 10099; state: DISABLED
10-27 11:22:19.505  1269 11741 D CompatibilityChangeReporter: Compat change id reported: 161145287; UID 10100; state: DISABLED
10-27 11:22:19.648  1269 11741 D CompatibilityChangeReporter: Compat change id reported: 161145287; UID 10135; state: DISABLED
10-27 11:22:21.078  1269 11741 I ActivityManager: Killing 19762:com.google.android.apps.authenticator2/u0a257 (adj 975): empty #33
10-27 11:23:53.451  1269  1491 W Looper  : Slow delivery took 267ms android.ui h=com.android.server.am.ActivityManagerService$UiHandler c=null m=31
10-27 11:23:53.473  1269  1491 W Looper  : Drained
10-27 11:24:16.244  1269  1345 D CompatibilityChangeReporter: Compat change id reported: 161145287; UID 10137; state: DISABLED
10-27 11:25:42.217  1269  1515 D KernelCpuUidUserSysTimeReader: Removing uids 90000-90000
10-27 11:26:10.611  1269  1491 W Looper  : Slow delivery took 274ms android.ui h=com.android.server.am.ActivityManagerService$UiHandler c=null m=31
10-27 11:26:32.315  1269  1491 W Looper  : Drained
10-27 11:29:08.410  1269  3794 D CompatibilityChangeReporter: Compat change id reported: 171306433; UID 10137; state: ENABLED
10-27 11:29:08.410  1269  3794 D CompatibilityChangeReporter: Compat change id reported: 218533173; UID 10137; state: ENABLED
10-27 11:29:52.264   501 22309 I keystore2: keystore2::watchdog: Watchdog thread idle -> terminating. Have a great day.
10-27 11:34:02.618  1269  2039 D ActivityManager: freezing 29139 org.dmfs.caldav.lib
10-27 11:34:03.250  1269  1700 I DisplayPowerController[0]: Blocking screen on until initial contents have been drawn.
10-27 11:34:03.261  1269  1700 V DisplayPowerController[0]: Brightness [0.07874016] reason changing to: 'doze', previous reason: 'screen_off'.
10-27 11:34:03.262  1269  1700 I DisplayPowerController[0]: BrightnessEvent: disp=0, brt=0.07874016, rcmdBrt=NaN, preBrt=NaN, lux=0.0, preLux=0.0, hbmMax=0.62, hbmMode=off, thrmMax=1.0, flags=, reason=doze
10-27 11:34:03.264  1269  1493 I DisplayDeviceRepository: Display device changed state: "Built-in Screen", ON
10-27 11:34:03.283  1269  1700 I DisplayPowerController[0]: BrightnessEvent: disp=0, brt=0.007874016, rcmdBrt=NaN, preBrt=NaN, lux=0.0, preLux=0.0, hbmMax=0.62, hbmMode=off, thrmMax=1.0, flags=, reason=doze
10-27 11:34:03.328  1269  3790 I PowerGroup: Waking up power group from Dozing (groupId=0, uid=10208, reason=WAKE_REASON_GESTURE, details=com.android.systemui:NODOZE)...
10-27 11:34:03.332  1269  3790 I PowerManagerService: Waking up from Dozing (uid=10208, reason=WAKE_REASON_GESTURE, details=com.android.systemui:NODOZE)...
10-27 11:34:03.337  1269  1269 E ActivityManager: Cancel pending or running compactions as system is awake
10-27 11:34:03.358  1269  1269 I ActivityManager: Killing 19830:com.google.android.as.oss/u0a121 (adj 985): empty #33
10-27 11:34:03.364  1269  1700 V DisplayPowerController[0]: Brightness [0.080519825] reason changing to: 'manual', previous reason: 'doze'.
10-27 11:34:03.364  1269  1700 I DisplayPowerController[0]: BrightnessEvent: disp=0, brt=0.080519825, rcmdBrt=NaN, preBrt=NaN, lux=NaN, preLux=NaN, hbmMax=0.62, hbmMode=off, thrmMax=1.0, flags=invalid_lux doze_scale , reason=manual
10-27 11:34:03.382  1269 11741 I DreamManagerService: Leaving dreamland.
10-27 11:34:03.386  1269  1490 I DreamManagerService: Performing gentle wake from dream.
10-27 11:34:03.386  1269  1490 I DreamController: Stopping dream: name=ComponentInfo{com.android.systemui/com.android.systemui.doze.DozeService}, isPreviewMode=false, canDoze=true, userId=0, reason='finished self'
10-27 11:34:03.396  1269  1269 D CompatibilityChangeReporter: Compat change id reported: 168419799; UID 10137; state: DISABLED
10-27 11:34:03.461  1269  1700 I DisplayPowerController[0]: Unblocked screen on after 211 ms
10-27 11:34:03.687  1269  1700 V DisplayPowerController[0]: Brightness [0.08294246] reason changing to: 'automatic', previous reason: 'manual'.
