10-27 13:03:42.514  1269  1503 D CompatibilityChangeReporter: Compat change id reported: 143937733; UID 10114; state: ENABLED
10-27 13:03:42.530  1269  1503 I ActivityManager: Start proc 24350:com.android.vending:background/u0a114 for service {com.android.vending/com.google.android.finsky.ipcservers.background.BackgroundGrpcServerAndroidService}
10-27 13:03:42.695  1269  3210 D CompatibilityChangeReporter: Compat change id reported: 194532703; UID 10114; state: ENABLED
10-27 13:03:48.630  1269  1988 D CompatibilityChangeReporter: Compat change id reported: 161145287; UID 10257; state: DISABLED
10-27 13:04:33.934  1269  1269 D CompatibilityChangeReporter: Compat change id reported: 135634846; UID 10172; state: DISABLED
10-27 13:04:33.934  1269  1269 D CompatibilityChangeReporter: Compat change id reported: 177438394; UID 10172; state: DISABLED
10-27 13:04:33.934  1269  1269 D CompatibilityChangeReporter: Compat change id reported: 135772972; UID 10172; state: DISABLED
10-27 13:04:33.934  1269  1269 D CompatibilityChangeReporter: Compat change id reported: 135754954; UID 10172; state: ENABLED
10-27 13:04:33.935  1269  1503 D CompatibilityChangeReporter: Compat change id reported: 143937733; UID 10172; state: ENABLED
10-27 13:04:33.967  1269  1503 I ActivityManager: Start proc 24419:com.google.android.youtube/u0a172 for service {com.google.android.youtube/androidx.work.impl.background.systemjob.SystemJobService}
10-27 13:04:34.126  1269  1346 D CompatibilityChangeReporter: Compat change id reported: 161145287; UID 10172; state: DISABLED
10-27 13:04:34.197  1269  1502 W BroadcastQueue: Exported Denial: sending Intent { act=android.net.conn.CONNECTIVITY_CHANGE flg=0x4200010 (has extras) }, action: android.net.conn.CONNECTIVITY_CHANGE from null (uid=-1) due to receiver ProcessRecord{9ee9fd9 24419:com.google.android.youtube/u0a172} (uid 10172) not specifying RECEIVER_EXPORTED
10-27 13:04:34.198  1269  3789 D CompatibilityChangeReporter: Compat change id reported: 161252188; UID 10137; state: ENABLED
10-27 13:04:34.238  1269  2309 D CompatibilityChangeReporter: Compat change id reported: 194532703; UID 10172; state: ENABLED
10-27 13:04:34.369  1269  1737 E VerityUtils: Failed to measure fs-verity, errno 1: /data/app/~~0OuO21qIwBOvl0MVUqzWqA==/com.google.android.youtube-E9GO6jiIxryeQJmZ4Bi_aA==/base.apk
10-27 13:04:34.400  1269  3794 D CompatibilityChangeReporter: Compat change id reported: 135634846; UID 10137; state: DISABLED
10-27 13:04:34.400  1269  3794 D CompatibilityChangeReporter: Compat change id reported: 177438394; UID 10137; state: DISABLED
10-27 13:04:34.400  1269  3794 D CompatibilityChangeReporter: Compat change id reported: 135772972; UID 10137; state: DISABLED
10-27 13:04:34.400  1269  3794 D CompatibilityChangeReporter: Compat change id reported: 135754954; UID 10137; state: ENABLED
10-27 13:04:34.400  1269  1503 D CompatibilityChangeReporter: Compat change id reported: 143937733; UID 10137; state: ENABLED
10-27 13:04:34.413  1269  1503 I ActivityManager: Start proc 24539:com.google.android.gms.unstable/u0a137 for service {com.google.android.gms/com.google.android.gms.droidguard.DroidGuardService}
10-27 13:04:34.426  1269  3575 W JobScheduler: Job didn't exist in JobStore: 1e792d4 #u0a172/12683 com.google.android.youtube/androidx.work.impl.background.systemjob.SystemJobService
10-27 13:04:34.510  1269  3794 D CompatibilityChangeReporter: Compat change id reported: 161145287; UID 10137; state: DISABLED
10-27 13:04:34.706  1269  3211 D CompatibilityChangeReporter: Compat change id reported: 183164979; UID 10172; state: ENABLED
10-27 13:04:36.322  1269  3211 D CompatibilityChangeReporter: Compat change id reported: 135634846; UID 10135; state: DISABLED
10-27 13:04:36.322  1269  3211 D CompatibilityChangeReporter: Compat change id reported: 177438394; UID 10135; state: DISABLED
10-27 13:04:36.322  1269  3211 D CompatibilityChangeReporter: Compat change id reported: 135772972; UID 10135; state: DISABLED
10-27 13:04:36.322  1269  3211 D CompatibilityChangeReporter: Compat change id reported: 135754954; UID 10135; state: ENABLED
10-27 13:04:36.323  1269  1503 D CompatibilityChangeReporter: Compat change id reported: 143937733; UID 10135; state: ENABLED
10-27 13:04:36.349  1269  1503 I ActivityManager: Start proc 24615:com.google.android.apps.wellbeing/u0a135 for content provider {com.google.android.apps.wellbeing/com.google.android.apps.wellbeing.api.impl.WellbeingSettingsProvider}
10-27 13:04:36.375  1269  2309 D CompatibilityChangeReporter: Compat change id reported: 168419799; UID 10135; state: DISABLED
10-27 13:04:36.655  1269  3211 D CompatibilityChangeReporter: Compat change id reported: 161145287; UID 10135; state: DISABLED
10-27 13:04:36.687  1269  3211 E AppOps  : Bad call made by uid 10135. Package "com.google.android.gms" does not belong to uid 10135.
10-27 13:04:36.688  1269  3211 E AppOps  : Bad call made by uid 10135. Package "com.google.android.gms" does not belong to uid 10135.
10-27 13:04:36.688  1269  3211 E AppOps  : Bad call made by uid 10135. Package "com.google.android.gms" does not belong to uid 10135.
10-27 13:04:36.694  1269  3211 E AppOps  : Bad call made by uid 10135. Package "com.google.android.gms" does not belong to uid 10135.
10-27 13:04:36.695  1269  3211 E AppOps  : Bad call made by uid 10135. Package "com.google.android.gms" does not belong to uid 10135.
10-27 13:04:47.445  1269  2039 D ActivityManager: freezing 24028 com.android.providers.calendar
10-27 13:05:10.134  2209  3465 D PowerUI : can't show warning due to - plugged: true status unknown: false
10-27 13:05:36.488  1269  3794 W JobScheduler: Job didn't exist in JobStore: 2c436c4 #u0a172/12718 com.google.android.youtube/androidx.work.impl.background.systemjob.SystemJobService
10-27 13:06:10.106  2209  7569 D PowerUI : can't show warning due to - plugged: true status unknown: false
10-27 13:06:10.143  2209  3586 D PowerUI : can't show warning due to - plugged: true status unknown: false
10-27 13:07:10.098  2209 10496 D PowerUI : can't show warning due to - plugged: true status unknown: false
10-27 13:08:10.102  2209 10592 D PowerUI : can't show warning due to - plugged: true status unknown: false
10-27 13:08:12.428  1269  1269 D ActivityManager: sync unfroze 22521 com.google.android.as.oss
10-27 13:08:12.443  1269  1269 D ActivityManager: sync unfroze 22507 com.duckduckgo.mobile.android
10-27 13:08:12.483  1269  3575 W JobScheduler: Job didn't exist in JobStore: c2081ee #u0a223/7348 com.duckduckgo.mobile.android/androidx.work.impl.background.systemjob.SystemJobService
10-27 13:08:12.494  1269  3794 W JobScheduler: Job didn't exist in JobStore: 58e6369 #u0a121/344222339 com.google.android.as.oss/com.google.android.gms.learning.internal.training.InAppJobService
10-27 13:08:12.500  1269  3210 W JobScheduler: Job didn't exist in JobStore: d82068f #u0a121/369941447 com.google.android.as.oss/com.google.android.gms.learning.internal.training.InAppJobService
10-27 13:08:36.743  1269  2039 D ActivityManager: freezing 24081 com.google.android.apps.work.clouddpc
10-27 13:08:42.172  1269  1269 I ContentCaptureManagerService: Content capture data sharing session terminated successfully for package 'com.google.android.googlequicksearchbox'
10-27 13:09:10.117  2209  2770 D PowerUI : can't show warning due to - plugged: true status unknown: false
10-27 13:10:10.099  2209 10611 D PowerUI : can't show warning due to - plugged: true status unknown: false
10-27 13:10:24.932  1269  3211 W ContextImpl: Calling a method in the system process without a qualified user: android.app.ContextImpl.sendBroadcastMultiplePermissions:1222 com.android.server.TelephonyRegistry.broadcastServiceStateChanged:3085 com.android.server.TelephonyRegistry.notifyServiceStateForPhoneId:1616 com.android.internal.telephony.ITelephonyRegistry$Stub.onTransact:492 android.os.Binder.execTransactInternal:1280 
10-27 13:10:24.933  1269  1502 W BroadcastQueue: Permission Denial: receiving Intent { act=android.intent.action.SERVICE_STATE flg=0x1000010 (has extras) } to ProcessRecord{c3d5824 2209:com.android.systemui/u0a208} (pid=2209, uid=10208) requires android.permission.READ_PHONE_STATE due to sender android (uid 1001)
10-27 13:10:24.933  1269  3211 W ContextImpl: Calling a method in the system process without a qualified user: android.app.ContextImpl.sendBroadcastMultiplePermissions:1272 android.content.Context.sendBroadcastMultiplePermissions:2272 com.android.server.TelephonyRegistry.broadcastServiceStateChanged:3089 com.android.server.TelephonyRegistry.notifyServiceStateForPhoneId:1616 com.android.internal.telephony.ITelephonyRegistry$Stub.onTransact:492 
10-27 13:10:24.933  1269  1502 W BroadcastQueue: Permission Denial: receiving Intent { act=android.intent.action.SERVICE_STATE flg=0x1000010 (has extras) } to ProcessRecord{622ef2a 2479:com.shannon.imsservice/u0a204} (pid=2479, uid=10204) requires android.permission.READ_PHONE_STATE due to sender android (uid 1001)
10-27 13:10:24.933  1269  1502 W BroadcastQueue: Permission Denial: receiving Intent { act=android.intent.action.SERVICE_STATE flg=0x1000010 (has extras) } to com.google.android.cellbroadcastreceiver/com.android.cellbroadcastreceiver.CellBroadcastReceiver requires android.permission.READ_PHONE_STATE due to sender android (uid 1001)
10-27 13:10:24.934  1269  1502 W BroadcastQueue: Permission Denial: receiving Intent { act=android.intent.action.SERVICE_STATE flg=0x1000010 (has extras) } to ProcessRecord{c3d5824 2209:com.android.systemui/u0a208} (pid=2209, uid=10208) requires android.permission.ACCESS_FINE_LOCATION due to sender android (uid 1001)
10-27 13:10:24.935  1269  1502 W BroadcastQueue: Permission Denial: receiving Intent { act=android.intent.action.SERVICE_STATE flg=0x1000010 (has extras) } to com.google.android.cellbroadcastreceiver/com.android.cellbroadcastreceiver.CellBroadcastReceiver requires android.permission.ACCESS_FINE_LOCATION due to sender android (uid 1001)
10-27 13:10:24.936  1269  3211 W ContextImpl: Calling a method in the system process without a qualified user: android.app.ContextImpl.sendBroadcastMultiplePermissions:1272 android.content.Context.sendBroadcastMultiplePermissions:2272 com.android.server.TelephonyRegistry.broadcastServiceStateChanged:3096 com.android.server.TelephonyRegistry.notifyServiceStateForPhoneId:1616 com.android.internal.telephony.ITelephonyRegistry$Stub.onTransact:492 
10-27 13:10:24.936  1269  1502 W BroadcastQueue: Permission Denial: receiving Intent { act=android.intent.action.SERVICE_STATE flg=0x1000010 (has extras) } to ProcessRecord{c3d5824 2209:com.android.systemui/u0a208} (pid=2209, uid=10208) requires android.permission.READ_PHONE_STATE due to sender android (uid 1001)
10-27 13:10:24.936  1269  3211 W ContextImpl: Calling a method in the system process without a qualified user: android.app.ContextImpl.sendBroadcastMultiplePermissions:1272 android.content.Context.sendBroadcastMultiplePermissions:2272 com.android.server.TelephonyRegistry.broadcastServiceStateChanged:3100 com.android.server.TelephonyRegistry.notifyServiceStateForPhoneId:1616 com.android.internal.telephony.ITelephonyRegistry$Stub.onTransact:492 
10-27 13:10:24.936  1269  1502 W BroadcastQueue: Permission Denial: receiving Intent { act=android.intent.action.SERVICE_STATE flg=0x1000010 (has extras) } to ProcessRecord{622ef2a 2479:com.shannon.imsservice/u0a204} (pid=2479, uid=10204) requires android.permission.READ_PHONE_STATE due to sender android (uid 1001)
10-27 13:10:24.936  1269  1502 W BroadcastQueue: Permission Denial: receiving Intent { act=android.intent.action.SERVICE_STATE flg=0x1000010 (has extras) } to com.google.android.cellbroadcastreceiver/com.android.cellbroadcastreceiver.CellBroadcastReceiver requires android.permission.READ_PHONE_STATE due to sender android (uid 1001)
10-27 13:10:24.937  1269  1502 W BroadcastQueue: Appop Denial: receiving Intent { act=android.intent.action.SERVICE_STATE flg=0x1000010 (has extras) } to ProcessRecord{622ef2a 2479:com.shannon.imsservice/u0a204} (pid=2479, uid=10204) excludes appop android:fine_location due to sender android (uid 1001)
10-27 13:10:24.937  1269  1502 D CompatibilityChangeReporter: Compat change id reported: 135634846; UID 10216; state: DISABLED
10-27 13:10:24.937  1269  1502 D CompatibilityChangeReporter: Compat change id reported: 177438394; UID 10216; state: DISABLED
10-27 13:10:24.937  1269  1502 D CompatibilityChangeReporter: Compat change id reported: 135772972; UID 10216; state: DISABLED
10-27 13:10:24.937  1269  1502 D CompatibilityChangeReporter: Compat change id reported: 135754954; UID 10216; state: ENABLED
10-27 13:10:24.938  1269  1503 D CompatibilityChangeReporter: Compat change id reported: 143937733; UID 10216; state: ENABLED
10-27 13:10:24.952  1269  1502 D CompatibilityChangeReporter: Compat change id reported: 135634846; UID 10118; state: DISABLED
10-27 13:10:24.952  1269  1502 D CompatibilityChangeReporter: Compat change id reported: 177438394; UID 10118; state: DISABLED
10-27 13:10:24.952  1269  1502 D CompatibilityChangeReporter: Compat change id reported: 135772972; UID 10118; state: DISABLED
10-27 13:10:24.952  1269  1502 D CompatibilityChangeReporter: Compat change id reported: 135754954; UID 10118; state: ENABLED
10-27 13:10:24.958  1269  1503 I ActivityManager: Start proc 24696:com.google.android.cellbroadcastreceiver/u0a216 for broadcast {com.google.android.cellbroadcastreceiver/com.android.cellbroadcastreceiver.CellBroadcastReceiver}
10-27 13:10:24.958  1269  1503 D CompatibilityChangeReporter: Compat change id reported: 143937733; UID 10118; state: ENABLED
10-27 13:10:24.965  1269  3211 I Telecom : PhoneAccountRegistrar: Modify account: [ComponentInfo{com.android.phone/com.android.services.telephony.TelephonyConnectionService}, 1, UserHandle{0}]: TSI.rPA@B0o
10-27 13:10:24.968  1269  3211 I Telecom : CallsManager: handlePhoneAccountChanged: phoneAccount=[[X] PhoneAccount: ComponentInfo{com.android.phone/com.android.services.telephony.TelephonyConnectionService}, 1, UserHandle{0} Capabilities: CallProvider MultiUser PlaceEmerg SimSub  Audio Routes: BESW Schemes: tel voicemail  Extras: Bundle[{android.telecom.extra.SUPPORTS_VIDEO_CALLING_FALLBACK=true, android.telecom.extra.SORT_ORDER=0}] GroupId: ***]: TSI.rPA@B0o
10-27 13:10:24.969  1269  1503 I ActivityManager: Start proc 24697:com.google.android.dialer/u0a118 for broadcast {com.google.android.dialer/com.android.dialer.app.calllog.LegacyVoicemailNotificationReceiver_Receiver}
10-27 13:10:24.971  1269  3211 I Telecom : PhoneAccountRegistrar: getSimCallManager: SimCallManager for subId 1 queried, returning: null: TSI.rPA@B0o
10-27 13:10:24.971  1269  3211 I Telecom : PhoneAccountRegistrar: Notifying telephony of voice service override change for 1 SIMs, hasService = false: TSI.rPA@B0o
10-27 13:10:25.003  1269  3211 I Telecom : PhoneAccountRegistrar: Modify account: [ComponentInfo{com.android.phone/com.android.services.telephony.TelephonyConnectionService}, 1, UserHandle{0}]: TSI.rPA@B0w
10-27 13:10:25.003  1269  3211 I Telecom : CallsManager: handlePhoneAccountChanged: phoneAccount=[[X] PhoneAccount: ComponentInfo{com.android.phone/com.android.services.telephony.TelephonyConnectionService}, 1, UserHandle{0} Capabilities: CallProvider MultiUser PlaceEmerg SimSub  Audio Routes: BESW Schemes: tel voicemail  Extras: Bundle[{android.telecom.extra.SUPPORTS_VIDEO_CALLING_FALLBACK=true, android.telecom.extra.SORT_ORDER=0}] GroupId: ***]: TSI.rPA@B0w
10-27 13:10:25.009  1269  3211 I Telecom : PhoneAccountRegistrar: getSimCallManager: SimCallManager for subId 1 queried, returning: null: TSI.rPA@B0w
10-27 13:10:25.009  1269  3211 I Telecom : PhoneAccountRegistrar: Notifying telephony of voice service override change for 1 SIMs, hasService = false: TSI.rPA@B0w
10-27 13:10:25.142  1269  3211 D CompatibilityChangeReporter: Compat change id reported: 183407956; UID 10118; state: ENABLED
10-27 13:10:25.142  1269  3794 D CompatibilityChangeReporter: Compat change id reported: 161145287; UID 10118; state: DISABLED
10-27 13:11:10.128  2209  3462 D PowerUI : can't show warning due to - plugged: true status unknown: false
10-27 13:11:35.466  1269  1989 W ContextImpl: Calling a method in the system process without a qualified user: android.app.ContextImpl.sendBroadcastMultiplePermissions:1222 com.android.server.TelephonyRegistry.broadcastServiceStateChanged:3085 com.android.server.TelephonyRegistry.notifyServiceStateForPhoneId:1616 com.android.internal.telephony.ITelephonyRegistry$Stub.onTransact:492 android.os.Binder.execTransactInternal:1280 
10-27 13:11:35.467  1269  1989 W ContextImpl: Calling a method in the system process without a qualified user: android.app.ContextImpl.sendBroadcastMultiplePermissions:1272 android.content.Context.sendBroadcastMultiplePermissions:2272 com.android.server.TelephonyRegistry.broadcastServiceStateChanged:3089 com.android.server.TelephonyRegistry.notifyServiceStateForPhoneId:1616 com.android.internal.telephony.ITelephonyRegistry$Stub.onTransact:492 
10-27 13:11:35.467  1269  1989 W ContextImpl: Calling a method in the system process without a qualified user: android.app.ContextImpl.sendBroadcastMultiplePermissions:1272 android.content.Context.sendBroadcastMultiplePermissions:2272 com.android.server.TelephonyRegistry.broadcastServiceStateChanged:3096 com.android.server.TelephonyRegistry.notifyServiceStateForPhoneId:1616 com.android.internal.telephony.ITelephonyRegistry$Stub.onTransact:492 
10-27 13:11:35.467  1269  1989 W ContextImpl: Calling a method in the system process without a qualified user: android.app.ContextImpl.sendBroadcastMultiplePermissions:1272 android.content.Context.sendBroadcastMultiplePermissions:2272 com.android.server.TelephonyRegistry.broadcastServiceStateChanged:3100 com.android.server.TelephonyRegistry.notifyServiceStateForPhoneId:1616 com.android.internal.telephony.ITelephonyRegistry$Stub.onTransact:492 
10-27 13:11:35.469  1269  1502 W BroadcastQueue: Permission Denial: receiving Intent { act=android.intent.action.SERVICE_STATE flg=0x1000010 (has extras) } to ProcessRecord{c3d5824 2209:com.android.systemui/u0a208} (pid=2209, uid=10208) requires android.permission.READ_PHONE_STATE due to sender android (uid 1001)
10-27 13:11:35.469  1269  1502 W BroadcastQueue: Permission Denial: receiving Intent { act=android.intent.action.SERVICE_STATE flg=0x1000010 (has extras) } to ProcessRecord{622ef2a 2479:com.shannon.imsservice/u0a204} (pid=2479, uid=10204) requires android.permission.READ_PHONE_STATE due to sender android (uid 1001)
10-27 13:11:35.469  1269  1502 W BroadcastQueue: Permission Denial: receiving Intent { act=android.intent.action.SERVICE_STATE flg=0x1000010 (has extras) } to ProcessRecord{c3d5824 2209:com.android.systemui/u0a208} (pid=2209, uid=10208) requires android.permission.ACCESS_FINE_LOCATION due to sender android (uid 1001)
10-27 13:11:35.469  1269  1502 W BroadcastQueue: Permission Denial: receiving Intent { act=android.intent.action.SERVICE_STATE flg=0x1000010 (has extras) } to ProcessRecord{c3d5824 2209:com.android.systemui/u0a208} (pid=2209, uid=10208) requires android.permission.READ_PHONE_STATE due to sender android (uid 1001)
10-27 13:11:35.470  1269  1502 W BroadcastQueue: Permission Denial: receiving Intent { act=android.intent.action.SERVICE_STATE flg=0x1000010 (has extras) } to ProcessRecord{622ef2a 2479:com.shannon.imsservice/u0a204} (pid=2479, uid=10204) requires android.permission.READ_PHONE_STATE due to sender android (uid 1001)
10-27 13:11:35.470  1269  1502 W BroadcastQueue: Appop Denial: receiving Intent { act=android.intent.action.SERVICE_STATE flg=0x1000010 (has extras) } to ProcessRecord{622ef2a 2479:com.shannon.imsservice/u0a204} (pid=2479, uid=10204) excludes appop android:fine_location due to sender android (uid 1001)
10-27 13:11:35.470  1269  1502 W BroadcastQueue: Permission Denial: receiving Intent { act=android.intent.action.SERVICE_STATE flg=0x1000010 (has extras) } to com.google.android.cellbroadcastreceiver/com.android.cellbroadcastreceiver.CellBroadcastReceiver requires android.permission.READ_PHONE_STATE due to sender android (uid 1001)
10-27 13:11:35.470  1269  1502 W BroadcastQueue: Permission Denial: receiving Intent { act=android.intent.action.SERVICE_STATE flg=0x1000010 (has extras) } to com.google.android.cellbroadcastreceiver/com.android.cellbroadcastreceiver.CellBroadcastReceiver requires android.permission.ACCESS_FINE_LOCATION due to sender android (uid 1001)
10-27 13:11:35.470  1269  1502 W BroadcastQueue: Permission Denial: receiving Intent { act=android.intent.action.SERVICE_STATE flg=0x1000010 (has extras) } to com.google.android.cellbroadcastreceiver/com.android.cellbroadcastreceiver.CellBroadcastReceiver requires android.permission.READ_PHONE_STATE due to sender android (uid 1001)
10-27 13:11:35.489  1269  1989 W ContextImpl: Calling a method in the system process without a qualified user: android.app.ContextImpl.sendBroadcastMultiplePermissions:1272 android.content.Context.sendBroadcastMultiplePermissions:2272 com.android.server.TelephonyRegistry.broadcastDataConnectionStateChanged:3281 com.android.server.TelephonyRegistry.notifyDataConnectionForSubscriber:2036 com.android.internal.telephony.ITelephonyRegistry$Stub.onTransact:571 
10-27 13:11:35.513  1269  2723 I Telecom : PhoneAccountRegistrar: Modify account: [ComponentInfo{com.android.phone/com.android.services.telephony.TelephonyConnectionService}, 1, UserHandle{0}]: TSI.rPA@B3g
10-27 13:11:35.516  1269  2723 I Telecom : CallsManager: handlePhoneAccountChanged: phoneAccount=[[X] PhoneAccount: ComponentInfo{com.android.phone/com.android.services.telephony.TelephonyConnectionService}, 1, UserHandle{0} Capabilities: CallProvider MultiUser PlaceEmerg SimSub  Audio Routes: BESW Schemes: tel voicemail  Extras: Bundle[{android.telecom.extra.SUPPORTS_VIDEO_CALLING_FALLBACK=true, android.telecom.extra.SORT_ORDER=0}] GroupId: ***]: TSI.rPA@B3g
10-27 13:11:35.522  1269  2723 I Telecom : PhoneAccountRegistrar: getSimCallManager: SimCallManager for subId 1 queried, returning: null: TSI.rPA@B3g
10-27 13:11:35.522  1269  2723 I Telecom : PhoneAccountRegistrar: Notifying telephony of voice service override change for 1 SIMs, hasService = false: TSI.rPA@B3g
10-27 13:11:35.539  1269 11735 I Telecom : PhoneAccountRegistrar: Modify account: [ComponentInfo{com.android.phone/com.android.services.telephony.TelephonyConnectionService}, 1, UserHandle{0}]: TSI.rPA@B3w
10-27 13:11:35.541  1269 11735 I Telecom : CallsManager: handlePhoneAccountChanged: phoneAccount=[[X] PhoneAccount: ComponentInfo{com.android.phone/com.android.services.telephony.TelephonyConnectionService}, 1, UserHandle{0} Capabilities: CallProvider MultiUser PlaceEmerg SimSub  Audio Routes: BESW Schemes: tel voicemail  Extras: Bundle[{android.telecom.extra.SUPPORTS_VIDEO_CALLING_FALLBACK=true, android.telecom.extra.SORT_ORDER=0}] GroupId: ***]: TSI.rPA@B3w
10-27 13:11:35.544  1269 11735 I Telecom : PhoneAccountRegistrar: getSimCallManager: SimCallManager for subId 1 queried, returning: null: TSI.rPA@B3w
10-27 13:11:35.544  1269 11735 I Telecom : PhoneAccountRegistrar: Notifying telephony of voice service override change for 1 SIMs, hasService = false: TSI.rPA@B3w
10-27 13:11:35.576  1269  9885 W ContextImpl: Calling a method in the system process without a qualified user: android.app.ContextImpl.sendBroadcastMultiplePermissions:1272 android.content.Context.sendBroadcastMultiplePermissions:2272 com.android.server.TelephonyRegistry.broadcastDataConnectionStateChanged:3281 com.android.server.TelephonyRegistry.notifyDataConnectionForSubscriber:2036 com.android.internal.telephony.ITelephonyRegistry$Stub.onTransact:571 
10-27 13:11:35.587  1269  3211 I Telecom : PhoneAccountRegistrar: Modify account: [ComponentInfo{com.android.phone/com.android.services.telephony.TelephonyConnectionService}, 1, UserHandle{0}]: TSI.rPA@B4w
10-27 13:11:35.588  1269  3211 I Telecom : CallsManager: handlePhoneAccountChanged: phoneAccount=[[X] PhoneAccount: ComponentInfo{com.android.phone/com.android.services.telephony.TelephonyConnectionService}, 1, UserHandle{0} Capabilities: CallProvider MultiUser PlaceEmerg SimSub  Audio Routes: BESW Schemes: tel voicemail  Extras: Bundle[{android.telecom.extra.SUPPORTS_VIDEO_CALLING_FALLBACK=true, android.telecom.extra.SORT_ORDER=0}] GroupId: ***]: TSI.rPA@B4w
10-27 13:11:35.592  1269  3211 I Telecom : PhoneAccountRegistrar: getSimCallManager: SimCallManager for subId 1 queried, returning: null: TSI.rPA@B4w
10-27 13:11:35.592  1269  3211 I Telecom : PhoneAccountRegistrar: Notifying telephony of voice service override change for 1 SIMs, hasService = false: TSI.rPA@B4w
10-27 13:11:35.903  1269  9885 W ContextImpl: Calling a method in the system process without a qualified user: android.app.ContextImpl.sendBroadcastMultiplePermissions:1222 com.android.server.TelephonyRegistry.broadcastServiceStateChanged:3085 com.android.server.TelephonyRegistry.notifyServiceStateForPhoneId:1616 com.android.internal.telephony.ITelephonyRegistry$Stub.onTransact:492 android.os.Binder.execTransactInternal:1280 
10-27 13:11:35.903  1269  1502 W BroadcastQueue: Permission Denial: receiving Intent { act=android.intent.action.SERVICE_STATE flg=0x1000010 (has extras) } to ProcessRecord{c3d5824 2209:com.android.systemui/u0a208} (pid=2209, uid=10208) requires android.permission.READ_PHONE_STATE due to sender android (uid 1001)
10-27 13:11:35.904  1269  1502 W BroadcastQueue: Permission Denial: receiving Intent { act=android.intent.action.SERVICE_STATE flg=0x1000010 (has extras) } to ProcessRecord{622ef2a 2479:com.shannon.imsservice/u0a204} (pid=2479, uid=10204) requires android.permission.READ_PHONE_STATE due to sender android (uid 1001)
10-27 13:11:35.904  1269  1502 W BroadcastQueue: Permission Denial: receiving Intent { act=android.intent.action.SERVICE_STATE flg=0x1000010 (has extras) } to com.google.android.cellbroadcastreceiver/com.android.cellbroadcastreceiver.CellBroadcastReceiver requires android.permission.READ_PHONE_STATE due to sender android (uid 1001)
10-27 13:11:35.904  1269  9885 W ContextImpl: Calling a method in the system process without a qualified user: android.app.ContextImpl.sendBroadcastMultiplePermissions:1272 android.content.Context.sendBroadcastMultiplePermissions:2272 com.android.server.TelephonyRegistry.broadcastServiceStateChanged:3089 com.android.server.TelephonyRegistry.notifyServiceStateForPhoneId:1616 com.android.internal.telephony.ITelephonyRegistry$Stub.onTransact:492 
10-27 13:11:35.905  1269  1502 W BroadcastQueue: Permission Denial: receiving Intent { act=android.intent.action.SERVICE_STATE flg=0x1000010 (has extras) } to ProcessRecord{c3d5824 2209:com.android.systemui/u0a208} (pid=2209, uid=10208) requires android.permission.ACCESS_FINE_LOCATION due to sender android (uid 1001)
10-27 13:11:35.905  1269  1502 W BroadcastQueue: Permission Denial: receiving Intent { act=android.intent.action.SERVICE_STATE flg=0x1000010 (has extras) } to com.google.android.cellbroadcastreceiver/com.android.cellbroadcastreceiver.CellBroadcastReceiver requires android.permission.ACCESS_FINE_LOCATION due to sender android (uid 1001)
10-27 13:11:35.906  1269  9885 W ContextImpl: Calling a method in the system process without a qualified user: android.app.ContextImpl.sendBroadcastMultiplePermissions:1272 android.content.Context.sendBroadcastMultiplePermissions:2272 com.android.server.TelephonyRegistry.broadcastServiceStateChanged:3096 com.android.server.TelephonyRegistry.notifyServiceStateForPhoneId:1616 com.android.internal.telephony.ITelephonyRegistry$Stub.onTransact:492 
10-27 13:11:35.906  1269  9885 W ContextImpl: Calling a method in the system process without a qualified user: android.app.ContextImpl.sendBroadcastMultiplePermissions:1272 android.content.Context.sendBroadcastMultiplePermissions:2272 com.android.server.TelephonyRegistry.broadcastServiceStateChanged:3100 com.android.server.TelephonyRegistry.notifyServiceStateForPhoneId:1616 com.android.internal.telephony.ITelephonyRegistry$Stub.onTransact:492 
10-27 13:11:35.906  1269  1502 W BroadcastQueue: Permission Denial: receiving Intent { act=android.intent.action.SERVICE_STATE flg=0x1000010 (has extras) } to ProcessRecord{c3d5824 2209:com.android.systemui/u0a208} (pid=2209, uid=10208) requires android.permission.READ_PHONE_STATE due to sender android (uid 1001)
10-27 13:11:35.906  1269  1502 W BroadcastQueue: Permission Denial: receiving Intent { act=android.intent.action.SERVICE_STATE flg=0x1000010 (has extras) } to ProcessRecord{622ef2a 2479:com.shannon.imsservice/u0a204} (pid=2479, uid=10204) requires android.permission.READ_PHONE_STATE due to sender android (uid 1001)
10-27 13:11:35.906  1269  1502 W BroadcastQueue: Permission Denial: receiving Intent { act=android.intent.action.SERVICE_STATE flg=0x1000010 (has extras) } to com.google.android.cellbroadcastreceiver/com.android.cellbroadcastreceiver.CellBroadcastReceiver requires android.permission.READ_PHONE_STATE due to sender android (uid 1001)
10-27 13:11:35.907  1269  1502 W BroadcastQueue: Appop Denial: receiving Intent { act=android.intent.action.SERVICE_STATE flg=0x1000010 (has extras) } to ProcessRecord{622ef2a 2479:com.shannon.imsservice/u0a204} (pid=2479, uid=10204) excludes appop android:fine_location due to sender android (uid 1001)
10-27 13:11:36.729  1269  9885 W ContextImpl: Calling a method in the system process without a qualified user: android.app.ContextImpl.sendBroadcastMultiplePermissions:1272 android.content.Context.sendBroadcastMultiplePermissions:2272 com.android.server.TelephonyRegistry.broadcastDataConnectionStateChanged:3281 com.android.server.TelephonyRegistry.notifyDataConnectionForSubscriber:2036 com.android.internal.telephony.ITelephonyRegistry$Stub.onTransact:571 
10-27 13:11:45.611  1269 11735 W JobScheduler: Job didn't exist in JobStore: c009c77 #u0a110/201471527 com.google.android.apps.scone/.awareness.OosObserver
10-27 13:12:00.783  1269  9885 I ActivityManager: Killing 23808:com.google.android.permissioncontroller/u0a214 (adj 965): empty for 1800s
10-27 13:12:10.106  2209  3465 D PowerUI : can't show warning due to - plugged: true status unknown: false
10-27 13:12:25.011  1269  2723 D CompatibilityChangeReporter: Compat change id reported: 135634846; UID 10068; state: DISABLED
10-27 13:12:25.011  1269  2723 D CompatibilityChangeReporter: Compat change id reported: 177438394; UID 10068; state: DISABLED
10-27 13:12:25.011  1269  2723 D CompatibilityChangeReporter: Compat change id reported: 135772972; UID 10068; state: DISABLED
10-27 13:12:25.011  1269  2723 D CompatibilityChangeReporter: Compat change id reported: 135754954; UID 10068; state: ENABLED
10-27 13:12:25.012  1269  1503 D CompatibilityChangeReporter: Compat change id reported: 143937733; UID 10068; state: ENABLED
10-27 13:12:25.043  1269  1503 I ActivityManager: Start proc 24793:android.process.acore/u0a68 for content provider {com.android.providers.contacts/com.android.providers.contacts.ContactsProvider2}
10-27 13:12:25.081  1269  2723 D CompatibilityChangeReporter: Compat change id reported: 168419799; UID 10068; state: DISABLED
10-27 13:12:25.143  1269  2723 D CompatibilityChangeReporter: Compat change id reported: 161145287; UID 10068; state: DISABLED
10-27 13:12:25.258  1269  2723 D CompatibilityChangeReporter: Compat change id reported: 201794303; UID 10068; state: ENABLED
10-27 13:13:10.116  2209  7569 D PowerUI : can't show warning due to - plugged: true status unknown: false
10-27 13:13:19.703  1269  2723 W ActivityManager: Invalid packageName: todomore.android
10-27 13:13:19.805  1269  2723 W ActivityManager: Invalid packageName: todomore.android
10-27 13:13:19.887  1269  2723 W ActivityManager: Invalid packageName: todomore.android
10-27 13:13:41.685  1269  2039 D ActivityManager: freezing 24214 com.google.android.apps.authenticator2
10-27 13:13:42.050  1269  2039 D ActivityManager: freezing 24158 com.google.android.settings.intelligence
10-27 13:13:42.056  1269  2039 D ActivityManager: freezing 15417 com.android.settings
10-27 13:13:42.826  1269  2039 D ActivityManager: freezing 24007 com.google.process.gapps
10-27 13:13:55.076  1269  2723 I ActivityManager: Killing 23668:com.google.android.apps.gcs/u0a109 (adj 995): empty for 1805s
10-27 13:14:10.102  2209  3586 D PowerUI : can't show warning due to - plugged: true status unknown: false
10-27 13:14:13.566  1269  2039 D ActivityManager: freezing 30625 com.google.android.gm
10-27 13:14:36.605  1269  2039 D ActivityManager: freezing 24615 com.google.android.apps.wellbeing
10-27 13:14:40.991  1269  2039 D ActivityManager: freezing 24539 com.google.android.gms.unstable
10-27 13:15:00.222  1269  1501 I ProcessStatsService: Pruning old procstats: /data/system/procstats/state-2022-10-25-22-47-06.bin
10-27 13:15:00.284  1269 11738 W ContextImpl: Calling a method in the system process without a qualified user: android.app.ContextImpl.sendBroadcastMultiplePermissions:1222 com.android.server.TelephonyRegistry.broadcastServiceStateChanged:3085 com.android.server.TelephonyRegistry.notifyServiceStateForPhoneId:1616 com.android.internal.telephony.ITelephonyRegistry$Stub.onTransact:492 android.os.Binder.execTransactInternal:1280 
10-27 13:15:00.285  1269 11738 W ContextImpl: Calling a method in the system process without a qualified user: android.app.ContextImpl.sendBroadcastMultiplePermissions:1272 android.content.Context.sendBroadcastMultiplePermissions:2272 com.android.server.TelephonyRegistry.broadcastServiceStateChanged:3089 com.android.server.TelephonyRegistry.notifyServiceStateForPhoneId:1616 com.android.internal.telephony.ITelephonyRegistry$Stub.onTransact:492 
10-27 13:15:00.285  1269 11738 W ContextImpl: Calling a method in the system process without a qualified user: android.app.ContextImpl.sendBroadcastMultiplePermissions:1272 android.content.Context.sendBroadcastMultiplePermissions:2272 com.android.server.TelephonyRegistry.broadcastServiceStateChanged:3096 com.android.server.TelephonyRegistry.notifyServiceStateForPhoneId:1616 com.android.internal.telephony.ITelephonyRegistry$Stub.onTransact:492 
10-27 13:15:00.285  1269 11738 W ContextImpl: Calling a method in the system process without a qualified user: android.app.ContextImpl.sendBroadcastMultiplePermissions:1272 android.content.Context.sendBroadcastMultiplePermissions:2272 com.android.server.TelephonyRegistry.broadcastServiceStateChanged:3100 com.android.server.TelephonyRegistry.notifyServiceStateForPhoneId:1616 com.android.internal.telephony.ITelephonyRegistry$Stub.onTransact:492 
10-27 13:15:00.285  1269  1502 W BroadcastQueue: Permission Denial: receiving Intent { act=android.intent.action.SERVICE_STATE flg=0x1000010 (has extras) } to ProcessRecord{c3d5824 2209:com.android.systemui/u0a208} (pid=2209, uid=10208) requires android.permission.READ_PHONE_STATE due to sender android (uid 1001)
10-27 13:15:00.285  1269  1502 W BroadcastQueue: Permission Denial: receiving Intent { act=android.intent.action.SERVICE_STATE flg=0x1000010 (has extras) } to ProcessRecord{622ef2a 2479:com.shannon.imsservice/u0a204} (pid=2479, uid=10204) requires android.permission.READ_PHONE_STATE due to sender android (uid 1001)
10-27 13:15:00.285  1269  1502 W BroadcastQueue: Permission Denial: receiving Intent { act=android.intent.action.SERVICE_STATE flg=0x1000010 (has extras) } to ProcessRecord{c3d5824 2209:com.android.systemui/u0a208} (pid=2209, uid=10208) requires android.permission.ACCESS_FINE_LOCATION due to sender android (uid 1001)
10-27 13:15:00.286  1269  1502 W BroadcastQueue: Permission Denial: receiving Intent { act=android.intent.action.SERVICE_STATE flg=0x1000010 (has extras) } to ProcessRecord{c3d5824 2209:com.android.systemui/u0a208} (pid=2209, uid=10208) requires android.permission.READ_PHONE_STATE due to sender android (uid 1001)
10-27 13:15:00.286  1269  1502 W BroadcastQueue: Permission Denial: receiving Intent { act=android.intent.action.SERVICE_STATE flg=0x1000010 (has extras) } to ProcessRecord{622ef2a 2479:com.shannon.imsservice/u0a204} (pid=2479, uid=10204) requires android.permission.READ_PHONE_STATE due to sender android (uid 1001)
10-27 13:15:00.286  1269  1502 W BroadcastQueue: Appop Denial: receiving Intent { act=android.intent.action.SERVICE_STATE flg=0x1000010 (has extras) } to ProcessRecord{622ef2a 2479:com.shannon.imsservice/u0a204} (pid=2479, uid=10204) excludes appop android:fine_location due to sender android (uid 1001)
10-27 13:15:00.286  1269  1502 W BroadcastQueue: Permission Denial: receiving Intent { act=android.intent.action.SERVICE_STATE flg=0x1000010 (has extras) } to com.google.android.cellbroadcastreceiver/com.android.cellbroadcastreceiver.CellBroadcastReceiver requires android.permission.READ_PHONE_STATE due to sender android (uid 1001)
10-27 13:15:00.286  1269  1502 W BroadcastQueue: Permission Denial: receiving Intent { act=android.intent.action.SERVICE_STATE flg=0x1000010 (has extras) } to com.google.android.cellbroadcastreceiver/com.android.cellbroadcastreceiver.CellBroadcastReceiver requires android.permission.ACCESS_FINE_LOCATION due to sender android (uid 1001)
10-27 13:15:00.287  1269  1502 W BroadcastQueue: Permission Denial: receiving Intent { act=android.intent.action.SERVICE_STATE flg=0x1000010 (has extras) } to com.google.android.cellbroadcastreceiver/com.android.cellbroadcastreceiver.CellBroadcastReceiver requires android.permission.READ_PHONE_STATE due to sender android (uid 1001)
10-27 13:15:00.308  1269 11746 W ContextImpl: Calling a method in the system process without a qualified user: android.app.ContextImpl.sendBroadcastMultiplePermissions:1272 android.content.Context.sendBroadcastMultiplePermissions:2272 com.android.server.TelephonyRegistry.broadcastDataConnectionStateChanged:3281 com.android.server.TelephonyRegistry.notifyDataConnectionForSubscriber:2036 com.android.internal.telephony.ITelephonyRegistry$Stub.onTransact:571 
10-27 13:15:00.333  1269  1502 D CompatibilityChangeReporter: Compat change id reported: 168419799; UID 10118; state: DISABLED
10-27 13:15:00.337  1269  9885 I Telecom : PhoneAccountRegistrar: Modify account: [ComponentInfo{com.android.phone/com.android.services.telephony.TelephonyConnectionService}, 1, UserHandle{0}]: TSI.rPA@B8I
10-27 13:15:00.339  1269  9885 I Telecom : CallsManager: handlePhoneAccountChanged: phoneAccount=[[X] PhoneAccount: ComponentInfo{com.android.phone/com.android.services.telephony.TelephonyConnectionService}, 1, UserHandle{0} Capabilities: CallProvider MultiUser PlaceEmerg SimSub  Audio Routes: BESW Schemes: tel voicemail  Extras: Bundle[{android.telecom.extra.SUPPORTS_VIDEO_CALLING_FALLBACK=true, android.telecom.extra.SORT_ORDER=0}] GroupId: ***]: TSI.rPA@B8I
10-27 13:15:00.344  1269  9885 I Telecom : PhoneAccountRegistrar: getSimCallManager: SimCallManager for subId 1 queried, returning: null: TSI.rPA@B8I
10-27 13:15:00.344  1269  9885 I Telecom : PhoneAccountRegistrar: Notifying telephony of voice service override change for 1 SIMs, hasService = false: TSI.rPA@B8I
10-27 13:15:00.362  1269  2309 I Telecom : PhoneAccountRegistrar: Modify account: [ComponentInfo{com.android.phone/com.android.services.telephony.TelephonyConnectionService}, 1, UserHandle{0}]: TSI.rPA@B9I
10-27 13:15:00.364  1269  2309 I Telecom : CallsManager: handlePhoneAccountChanged: phoneAccount=[[X] PhoneAccount: ComponentInfo{com.android.phone/com.android.services.telephony.TelephonyConnectionService}, 1, UserHandle{0} Capabilities: CallProvider MultiUser PlaceEmerg SimSub  Audio Routes: BESW Schemes: tel voicemail  Extras: Bundle[{android.telecom.extra.SUPPORTS_VIDEO_CALLING_FALLBACK=true, android.telecom.extra.SORT_ORDER=0}] GroupId: ***]: TSI.rPA@B9I
10-27 13:15:00.367  1269  2309 I Telecom : PhoneAccountRegistrar: getSimCallManager: SimCallManager for subId 1 queried, returning: null: TSI.rPA@B9I
10-27 13:15:00.367  1269  2309 I Telecom : PhoneAccountRegistrar: Notifying telephony of voice service override change for 1 SIMs, hasService = false: TSI.rPA@B9I
10-27 13:15:10.135  2209 10496 D PowerUI : can't show warning due to - plugged: true status unknown: false
10-27 13:15:10.380  1269 11746 W JobScheduler: Job didn't exist in JobStore: 986de6e #u0a110/201471527 com.google.android.apps.scone/.awareness.OosObserver
10-27 13:15:42.771  1269  2309 W ContextImpl: Calling a method in the system process without a qualified user: android.app.ContextImpl.sendBroadcastMultiplePermissions:1222 com.android.server.TelephonyRegistry.broadcastServiceStateChanged:3085 com.android.server.TelephonyRegistry.notifyServiceStateForPhoneId:1616 com.android.internal.telephony.ITelephonyRegistry$Stub.onTransact:492 android.os.Binder.execTransactInternal:1280 
10-27 13:15:42.771  1269  2309 W ContextImpl: Calling a method in the system process without a qualified user: android.app.ContextImpl.sendBroadcastMultiplePermissions:1272 android.content.Context.sendBroadcastMultiplePermissions:2272 com.android.server.TelephonyRegistry.broadcastServiceStateChanged:3089 com.android.server.TelephonyRegistry.notifyServiceStateForPhoneId:1616 com.android.internal.telephony.ITelephonyRegistry$Stub.onTransact:492 
10-27 13:15:42.771  1269  1502 W BroadcastQueue: Permission Denial: receiving Intent { act=android.intent.action.SERVICE_STATE flg=0x1000010 (has extras) } to ProcessRecord{c3d5824 2209:com.android.systemui/u0a208} (pid=2209, uid=10208) requires android.permission.READ_PHONE_STATE due to sender android (uid 1001)
10-27 13:15:42.772  1269  1502 W BroadcastQueue: Permission Denial: receiving Intent { act=android.intent.action.SERVICE_STATE flg=0x1000010 (has extras) } to ProcessRecord{622ef2a 2479:com.shannon.imsservice/u0a204} (pid=2479, uid=10204) requires android.permission.READ_PHONE_STATE due to sender android (uid 1001)
10-27 13:15:42.772  1269  1502 W BroadcastQueue: Permission Denial: receiving Intent { act=android.intent.action.SERVICE_STATE flg=0x1000010 (has extras) } to com.google.android.cellbroadcastreceiver/com.android.cellbroadcastreceiver.CellBroadcastReceiver requires android.permission.READ_PHONE_STATE due to sender android (uid 1001)
10-27 13:15:42.773  1269  2309 W ContextImpl: Calling a method in the system process without a qualified user: android.app.ContextImpl.sendBroadcastMultiplePermissions:1272 android.content.Context.sendBroadcastMultiplePermissions:2272 com.android.server.TelephonyRegistry.broadcastServiceStateChanged:3096 com.android.server.TelephonyRegistry.notifyServiceStateForPhoneId:1616 com.android.internal.telephony.ITelephonyRegistry$Stub.onTransact:492 
10-27 13:15:42.773  1269  1502 W BroadcastQueue: Permission Denial: receiving Intent { act=android.intent.action.SERVICE_STATE flg=0x1000010 (has extras) } to ProcessRecord{c3d5824 2209:com.android.systemui/u0a208} (pid=2209, uid=10208) requires android.permission.ACCESS_FINE_LOCATION due to sender android (uid 1001)
10-27 13:15:42.774  1269  1502 W BroadcastQueue: Permission Denial: receiving Intent { act=android.intent.action.SERVICE_STATE flg=0x1000010 (has extras) } to com.google.android.cellbroadcastreceiver/com.android.cellbroadcastreceiver.CellBroadcastReceiver requires android.permission.ACCESS_FINE_LOCATION due to sender android (uid 1001)
10-27 13:15:42.775  1269  1502 W BroadcastQueue: Permission Denial: receiving Intent { act=android.intent.action.SERVICE_STATE flg=0x1000010 (has extras) } to ProcessRecord{c3d5824 2209:com.android.systemui/u0a208} (pid=2209, uid=10208) requires android.permission.READ_PHONE_STATE due to sender android (uid 1001)
10-27 13:15:42.775  1269  2309 W ContextImpl: Calling a method in the system process without a qualified user: android.app.ContextImpl.sendBroadcastMultiplePermissions:1272 android.content.Context.sendBroadcastMultiplePermissions:2272 com.android.server.TelephonyRegistry.broadcastServiceStateChanged:3100 com.android.server.TelephonyRegistry.notifyServiceStateForPhoneId:1616 com.android.internal.telephony.ITelephonyRegistry$Stub.onTransact:492 
10-27 13:15:42.775  1269  1502 W BroadcastQueue: Permission Denial: receiving Intent { act=android.intent.action.SERVICE_STATE flg=0x1000010 (has extras) } to ProcessRecord{622ef2a 2479:com.shannon.imsservice/u0a204} (pid=2479, uid=10204) requires android.permission.READ_PHONE_STATE due to sender android (uid 1001)
10-27 13:15:42.775  1269  1502 W BroadcastQueue: Permission Denial: receiving Intent { act=android.intent.action.SERVICE_STATE flg=0x1000010 (has extras) } to com.google.android.cellbroadcastreceiver/com.android.cellbroadcastreceiver.CellBroadcastReceiver requires android.permission.READ_PHONE_STATE due to sender android (uid 1001)
10-27 13:15:42.778  1269  1502 W BroadcastQueue: Appop Denial: receiving Intent { act=android.intent.action.SERVICE_STATE flg=0x1000010 (has extras) } to ProcessRecord{622ef2a 2479:com.shannon.imsservice/u0a204} (pid=2479, uid=10204) excludes appop android:fine_location due to sender android (uid 1001)
10-27 13:15:42.853  1269 11746 I Telecom : PhoneAccountRegistrar: Modify account: [ComponentInfo{com.android.phone/com.android.services.telephony.TelephonyConnectionService}, 1, UserHandle{0}]: TSI.rPA@B+I
10-27 13:15:42.856  1269 11746 I Telecom : CallsManager: handlePhoneAccountChanged: phoneAccount=[[X] PhoneAccount: ComponentInfo{com.android.phone/com.android.services.telephony.TelephonyConnectionService}, 1, UserHandle{0} Capabilities: CallProvider MultiUser PlaceEmerg SimSub  Audio Routes: BESW Schemes: tel voicemail  Extras: Bundle[{android.telecom.extra.SUPPORTS_VIDEO_CALLING_FALLBACK=true, android.telecom.extra.SORT_ORDER=0}] GroupId: ***]: TSI.rPA@B+I
10-27 13:15:42.861  1269 11746 I Telecom : PhoneAccountRegistrar: getSimCallManager: SimCallManager for subId 1 queried, returning: null: TSI.rPA@B+I
10-27 13:15:42.861  1269 11746 I Telecom : PhoneAccountRegistrar: Notifying telephony of voice service override change for 1 SIMs, hasService = false: TSI.rPA@B+I
10-27 13:15:42.881  1269 11741 I Telecom : PhoneAccountRegistrar: Modify account: [ComponentInfo{com.android.phone/com.android.services.telephony.TelephonyConnectionService}, 1, UserHandle{0}]: TSI.rPA@B+4
10-27 13:15:42.884  1269 11741 I Telecom : CallsManager: handlePhoneAccountChanged: phoneAccount=[[X] PhoneAccount: ComponentInfo{com.android.phone/com.android.services.telephony.TelephonyConnectionService}, 1, UserHandle{0} Capabilities: CallProvider MultiUser PlaceEmerg SimSub  Audio Routes: BESW Schemes: tel voicemail  Extras: Bundle[{android.telecom.extra.SUPPORTS_VIDEO_CALLING_FALLBACK=true, android.telecom.extra.SORT_ORDER=0}] GroupId: ***]: TSI.rPA@B+4
10-27 13:15:42.885  1269 11741 I Telecom : PhoneAccountRegistrar: getSimCallManager: SimCallManager for subId 1 queried, returning: null: TSI.rPA@B+4
10-27 13:15:42.885  1269 11741 I Telecom : PhoneAccountRegistrar: Notifying telephony of voice service override change for 1 SIMs, hasService = false: TSI.rPA@B+4
10-27 13:16:10.084  2209 10592 D PowerUI : can't show warning due to - plugged: true status unknown: false
10-27 13:16:25.887  1269  2309 E JobScheduler.JobStatus: App com.google.android.inputmethod.latin became active but still in NEVER bucket
10-27 13:16:25.890  1269  1502 I DropBoxManagerService: add tag=system_server_wtf isTagEnabled=true flags=0x2
10-27 13:16:27.903  1269  1502 W BroadcastQueue: Background execution not allowed: receiving Intent { act=android.intent.action.DROPBOX_ENTRY_ADDED flg=0x10 (has extras) } to com.google.android.gms/.stats.service.DropBoxEntryAddedReceiver
10-27 13:16:27.904  1269  1502 W BroadcastQueue: Background execution not allowed: receiving Intent { act=android.intent.action.DROPBOX_ENTRY_ADDED flg=0x10 (has extras) } to com.google.android.gms/.chimera.GmsIntentOperationService$PersistentTrustedReceiver
10-27 13:16:27.942  1269  1989 D CompatibilityChangeReporter: Compat change id reported: 168419799; UID 10137; state: DISABLED
10-27 13:16:28.149  1269  1989 I DropBoxManagerService: add tag=platform_stats_bookmark isTagEnabled=true flags=0x2
10-27 13:16:28.162  1269  1502 W BroadcastQueue: Background execution not allowed: receiving Intent { act=android.intent.action.DROPBOX_ENTRY_ADDED flg=0x10 (has extras) } to com.google.android.gms/.stats.service.DropBoxEntryAddedReceiver
10-27 13:16:28.162  1269  1502 W BroadcastQueue: Background execution not allowed: receiving Intent { act=android.intent.action.DROPBOX_ENTRY_ADDED flg=0x10 (has extras) } to com.google.android.gms/.chimera.GmsIntentOperationService$PersistentTrustedReceiver
10-27 13:17:10.112  2209  2770 D PowerUI : can't show warning due to - plugged: true status unknown: false
10-27 13:17:22.434  1269  3575 W Cont