10-27 12:18:48.345  1269  1502 D ActivityManager: sync unfroze 14351 com.google.android.cellbroadcastreceiver
10-27 12:18:48.366  1269 11739 W ContextImpl: Calling a method in the system process without a qualified user: android.app.ContextImpl.sendBroadcastMultiplePermissions:1272 android.content.Context.sendBroadcastMultiplePermissions:2272 com.android.server.TelephonyRegistry.broadcastDataConnectionStateChanged:3281 com.android.server.TelephonyRegistry.notifyDataConnectionForSubscriber:2036 com.android.internal.telephony.ITelephonyRegistry$Stub.onTransact:571 
10-27 12:18:48.384  1269 11742 I Telecom : PhoneAccountRegistrar: Modify account: [ComponentInfo{com.android.phone/com.android.services.telephony.TelephonyConnectionService}, 1, UserHandle{0}]: TSI.rPA@A88
10-27 12:18:48.387  1269 11742 I Telecom : CallsManager: handlePhoneAccountChanged: phoneAccount=[[X] PhoneAccount: ComponentInfo{com.android.phone/com.android.services.telephony.TelephonyConnectionService}, 1, UserHandle{0} Capabilities: CallProvider MultiUser PlaceEmerg SimSub  Audio Routes: BESW Schemes: tel voicemail  Extras: Bundle[{android.telecom.extra.SUPPORTS_VIDEO_CALLING_FALLBACK=true, android.telecom.extra.SORT_ORDER=0}] GroupId: ***]: TSI.rPA@A88
10-27 12:18:48.390  1269 11742 I Telecom : PhoneAccountRegistrar: getSimCallManager: SimCallManager for subId 1 queried, returning: null: TSI.rPA@A88
10-27 12:18:48.390  1269 11742 I Telecom : PhoneAccountRegistrar: Notifying telephony of voice service override change for 1 SIMs, hasService = false: TSI.rPA@A88
10-27 12:18:48.404  1269 11739 I Telecom : PhoneAccountRegistrar: Modify account: [ComponentInfo{com.android.phone/com.android.services.telephony.TelephonyConnectionService}, 1, UserHandle{0}]: TSI.rPA@A9M
10-27 12:18:48.407  1269  1502 D ActivityManager: sync unfroze 20041 com.google.android.dialer
10-27 12:18:48.408  1269 11739 I Telecom : CallsManager: handlePhoneAccountChanged: phoneAccount=[[X] PhoneAccount: ComponentInfo{com.android.phone/com.android.services.telephony.TelephonyConnectionService}, 1, UserHandle{0} Capabilities: CallProvider MultiUser PlaceEmerg SimSub  Audio Routes: BESW Schemes: tel voicemail  Extras: Bundle[{android.telecom.extra.SUPPORTS_VIDEO_CALLING_FALLBACK=true, android.telecom.extra.SORT_ORDER=0}] GroupId: ***]: TSI.rPA@A9M
10-27 12:18:48.411  1269 11739 I Telecom : PhoneAccountRegistrar: getSimCallManager: SimCallManager for subId 1 queried, returning: null: TSI.rPA@A9M
10-27 12:18:48.411  1269 11739 I Telecom : PhoneAccountRegistrar: Notifying telephony of voice service override change for 1 SIMs, hasService = false: TSI.rPA@A9M
10-27 12:18:48.435  1269 11739 I Telecom : PhoneAccountRegistrar: Modify account: [ComponentInfo{com.android.phone/com.android.services.telephony.TelephonyConnectionService}, 1, UserHandle{0}]: TSI.rPA@A+M
10-27 12:18:48.437  1269 11739 I Telecom : CallsManager: handlePhoneAccountChanged: phoneAccount=[[X] PhoneAccount: ComponentInfo{com.android.phone/com.android.services.telephony.TelephonyConnectionService}, 1, UserHandle{0} Capabilities: CallProvider MultiUser PlaceEmerg SimSub  Audio Routes: BESW Schemes: tel voicemail  Extras: Bundle[{android.telecom.extra.SUPPORTS_VIDEO_CALLING_FALLBACK=true, android.telecom.extra.SORT_ORDER=0}] GroupId: ***]: TSI.rPA@A+M
10-27 12:18:48.440  1269 11739 I Telecom : PhoneAccountRegistrar: getSimCallManager: SimCallManager for subId 1 queried, returning: null: TSI.rPA@A+M
10-27 12:18:48.440  1269 11739 I Telecom : PhoneAccountRegistrar: Notifying telephony of voice service override change for 1 SIMs, hasService = false: TSI.rPA@A+M
10-27 12:18:58.556  1269  2723 W JobScheduler: Job didn't exist in JobStore: 4b45db6 #u0a110/201471527 com.google.android.apps.scone/.awareness.OosObserver
10-27 12:19:10.088  2209  3465 D PowerUI : can't show warning due to - plugged: true status unknown: false
10-27 12:19:10.127  2209  7569 D PowerUI : can't show warning due to - plugged: true status unknown: false
10-27 12:19:29.099  1269  2168 D ActivityManager: sync unfroze 30625 com.google.android.gm
10-27 12:20:10.100  2209  3586 D PowerUI : can't show warning due to - plugged: true status unknown: false
10-27 12:20:19.633  1269  1269 D ActivityManager: sync unfroze 22521 com.google.android.as.oss
10-27 12:20:19.654  1269  1269 D ActivityManager: sync unfroze 22507 com.duckduckgo.mobile.android
10-27 12:20:19.728  1269  2309 W JobScheduler: Job didn't exist in JobStore: ca5cebc #u0a223/7344 com.duckduckgo.mobile.android/androidx.work.impl.background.systemjob.SystemJobService
10-27 12:20:19.741  1269 11735 W JobScheduler: Job didn't exist in JobStore: c84caaf #u0a121/344222339 com.google.android.as.oss/com.google.android.gms.learning.internal.training.InAppJobService
10-27 12:20:19.749  1269 11735 W JobScheduler: Job didn't exist in JobStore: 8fe7e45 #u0a121/369941447 com.google.android.as.oss/com.google.android.gms.learning.internal.training.InAppJobService
10-27 12:20:48.387  1269 11739 D CompatibilityChangeReporter: Compat change id reported: 135634846; UID 10068; state: DISABLED
10-27 12:20:48.387  1269 11739 D CompatibilityChangeReporter: Compat change id reported: 177438394; UID 10068; state: DISABLED
10-27 12:20:48.387  1269 11739 D CompatibilityChangeReporter: Compat change id reported: 135772972; UID 10068; state: DISABLED
10-27 12:20:48.387  1269 11739 D CompatibilityChangeReporter: Compat change id reported: 135754954; UID 10068; state: ENABLED
10-27 12:20:48.387  1269  1503 D CompatibilityChangeReporter: Compat change id reported: 143937733; UID 10068; state: ENABLED
10-27 12:20:48.395  1269  1503 I ActivityManager: Start proc 23597:android.process.acore/u0a68 for content provider {com.android.providers.contacts/com.android.providers.contacts.ContactsProvider2}
10-27 12:20:48.421  1269 11739 D CompatibilityChangeReporter: Compat change id reported: 168419799; UID 10068; state: DISABLED
10-27 12:20:48.508  1269 11739 D CompatibilityChangeReporter: Compat change id reported: 161145287; UID 10068; state: DISABLED
10-27 12:20:48.753  1269 11735 D CompatibilityChangeReporter: Compat change id reported: 201794303; UID 10068; state: ENABLED
10-27 12:21:10.103  2209 10496 D PowerUI : can't show warning due to - plugged: true status unknown: false
10-27 12:21:30.636  1269 11738 W ContextImpl: Calling a method in the system process without a qualified user: android.app.ContextImpl.sendBroadcastMultiplePermissions:1222 com.android.server.TelephonyRegistry.broadcastServiceStateChanged:3085 com.android.server.TelephonyRegistry.notifyServiceStateForPhoneId:1616 com.android.internal.telephony.ITelephonyRegistry$Stub.onTransact:492 android.os.Binder.execTransactInternal:1280 
10-27 12:21:30.636  1269 11738 W ContextImpl: Calling a method in the system process without a qualified user: android.app.ContextImpl.sendBroadcastMultiplePermissions:1272 android.content.Context.sendBroadcastMultiplePermissions:2272 com.android.server.TelephonyRegistry.broadcastServiceStateChanged:3089 com.android.server.TelephonyRegistry.notifyServiceStateForPhoneId:1616 com.android.internal.telephony.ITelephonyRegistry$Stub.onTransact:492 
10-27 12:21:30.637  1269 11738 W ContextImpl: Calling a method in the system process without a qualified user: android.app.ContextImpl.sendBroadcastMultiplePermissions:1272 android.content.Context.sendBroadcastMultiplePermissions:2272 com.android.server.TelephonyRegistry.broadcastServiceStateChanged:3096 com.android.server.TelephonyRegistry.notifyServiceStateForPhoneId:1616 com.android.internal.telephony.ITelephonyRegistry$Stub.onTransact:492 
10-27 12:21:30.637  1269  1502 W BroadcastQueue: Permission Denial: receiving Intent { act=android.intent.action.SERVICE_STATE flg=0x1000010 (has extras) } to ProcessRecord{c3d5824 2209:com.android.systemui/u0a208} (pid=2209, uid=10208) requires android.permission.READ_PHONE_STATE due to sender android (uid 1001)
10-27 12:21:30.637  1269 11738 W ContextImpl: Calling a method in the system process without a qualified user: android.app.ContextImpl.sendBroadcastMultiplePermissions:1272 android.content.Context.sendBroadcastMultiplePermissions:2272 com.android.server.TelephonyRegistry.broadcastServiceStateChanged:3100 com.android.server.TelephonyRegistry.notifyServiceStateForPhoneId:1616 com.android.internal.telephony.ITelephonyRegistry$Stub.onTransact:492 
10-27 12:21:30.637  1269  1502 W BroadcastQueue: Permission Denial: receiving Intent { act=android.intent.action.SERVICE_STATE flg=0x1000010 (has extras) } to ProcessRecord{622ef2a 2479:com.shannon.imsservice/u0a204} (pid=2479, uid=10204) requires android.permission.READ_PHONE_STATE due to sender android (uid 1001)
10-27 12:21:30.638  1269  1502 W BroadcastQueue: Permission Denial: receiving Intent { act=android.intent.action.SERVICE_STATE flg=0x1000010 (has extras) } to ProcessRecord{c3d5824 2209:com.android.systemui/u0a208} (pid=2209, uid=10208) requires android.permission.ACCESS_FINE_LOCATION due to sender android (uid 1001)
10-27 12:21:30.638  1269  1502 W BroadcastQueue: Permission Denial: receiving Intent { act=android.intent.action.SERVICE_STATE flg=0x1000010 (has extras) } to ProcessRecord{c3d5824 2209:com.android.systemui/u0a208} (pid=2209, uid=10208) requires android.permission.READ_PHONE_STATE due to sender android (uid 1001)
10-27 12:21:30.638  1269  1502 W BroadcastQueue: Permission Denial: receiving Intent { act=android.intent.action.SERVICE_STATE flg=0x1000010 (has extras) } to ProcessRecord{622ef2a 2479:com.shannon.imsservice/u0a204} (pid=2479, uid=10204) requires android.permission.READ_PHONE_STATE due to sender android (uid 1001)
10-27 12:21:30.639  1269  1502 W BroadcastQueue: Permission Denial: receiving Intent { act=android.intent.action.SERVICE_STATE flg=0x1000010 (has extras) } to com.google.android.cellbroadcastreceiver/com.android.cellbroadcastreceiver.CellBroadcastReceiver requires android.permission.READ_PHONE_STATE due to sender android (uid 1001)
10-27 12:21:30.639  1269  1502 W BroadcastQueue: Permission Denial: receiving Intent { act=android.intent.action.SERVICE_STATE flg=0x1000010 (has extras) } to com.google.android.cellbroadcastreceiver/com.android.cellbroadcastreceiver.CellBroadcastReceiver requires android.permission.ACCESS_FINE_LOCATION due to sender android (uid 1001)
10-27 12:21:30.639  1269  1502 W BroadcastQueue: Permission Denial: receiving Intent { act=android.intent.action.SERVICE_STATE flg=0x1000010 (has extras) } to com.google.android.cellbroadcastreceiver/com.android.cellbroadcastreceiver.CellBroadcastReceiver requires android.permission.READ_PHONE_STATE due to sender android (uid 1001)
10-27 12:21:30.641  1269  1502 W BroadcastQueue: Appop Denial: receiving Intent { act=android.intent.action.SERVICE_STATE flg=0x1000010 (has extras) } to ProcessRecord{622ef2a 2479:com.shannon.imsservice/u0a204} (pid=2479, uid=10204) excludes appop android:fine_location due to sender android (uid 1001)
10-27 12:21:30.690  1269 11738 W ContextImpl: Calling a method in the system process without a qualified user: android.app.ContextImpl.sendBroadcastMultiplePermissions:1272 android.content.Context.sendBroadcastMultiplePermissions:2272 com.android.server.TelephonyRegistry.broadcastDataConnectionStateChanged:3281 com.android.server.TelephonyRegistry.notifyDataConnectionForSubscriber:2036 com.android.internal.telephony.ITelephonyRegistry$Stub.onTransact:571 
10-27 12:21:30.710  1269 11738 I Telecom : PhoneAccountRegistrar: Modify account: [ComponentInfo{com.android.phone/com.android.services.telephony.TelephonyConnectionService}, 1, UserHandle{0}]: TSI.rPA@BBc
10-27 12:21:30.712  1269 11738 I Telecom : CallsManager: handlePhoneAccountChanged: phoneAccount=[[X] PhoneAccount: ComponentInfo{com.android.phone/com.android.services.telephony.TelephonyConnectionService}, 1, UserHandle{0} Capabilities: CallProvider MultiUser PlaceEmerg SimSub  Audio Routes: BESW Schemes: tel voicemail  Extras: Bundle[{android.telecom.extra.SUPPORTS_VIDEO_CALLING_FALLBACK=true, android.telecom.extra.SORT_ORDER=0}] GroupId: ***]: TSI.rPA@BBc
10-27 12:21:30.714  1269 11738 I Telecom : PhoneAccountRegistrar: getSimCallManager: SimCallManager for subId 1 queried, returning: null: TSI.rPA@BBc
10-27 12:21:30.714  1269 11738 I Telecom : PhoneAccountRegistrar: Notifying telephony of voice service override change for 1 SIMs, hasService = false: TSI.rPA@BBc
10-27 12:21:30.741  1269 11742 I Telecom : PhoneAccountRegistrar: Modify account: [ComponentInfo{com.android.phone/com.android.services.telephony.TelephonyConnectionService}, 1, UserHandle{0}]: TSI.rPA@BBk
10-27 12:21:30.743  1269 11742 I Telecom : CallsManager: handlePhoneAccountChanged: phoneAccount=[[X] PhoneAccount: ComponentInfo{com.android.phone/com.android.services.telephony.TelephonyConnectionService}, 1, UserHandle{0} Capabilities: CallProvider MultiUser PlaceEmerg SimSub  Audio Routes: BESW Schemes: tel voicemail  Extras: Bundle[{android.telecom.extra.SUPPORTS_VIDEO_CALLING_FALLBACK=true, android.telecom.extra.SORT_ORDER=0}] GroupId: ***]: TSI.rPA@BBk
10-27 12:21:30.747  1269 11742 I Telecom : PhoneAccountRegistrar: getSimCallManager: SimCallManager for subId 1 queried, returning: null: TSI.rPA@BBk
10-27 12:21:30.747  1269 11742 I Telecom : PhoneAccountRegistrar: Notifying telephony of voice service override change for 1 SIMs, hasService = false: TSI.rPA@BBk
10-27 12:21:40.787  1269 11738 W JobScheduler: Job didn't exist in JobStore: af30787 #u0a110/201471527 com.google.android.apps.scone/.awareness.OosObserver
10-27 12:22:10.096  2209 10592 D PowerUI : can't show warning due to - plugged: true status unknown: false
10-27 12:22:17.559  1269  1501 I UsageStatsService: User[0] Flushing usage stats to disk
10-27 12:22:18.215  1269  2309 D CompatibilityChangeReporter: Compat change id reported: 168419799; UID 10148; state: DISABLED
10-27 12:23:10.095  2209  2770 D PowerUI : can't show warning due to - plugged: true status unknown: false
10-27 12:24:10.090  2209 10611 D PowerUI : can't show warning due to - plugged: true status unknown: false
10-27 12:24:11.672   501 23646 I keystore2: keystore2::watchdog: Watchdog thread idle -> terminating. Have a great day.
10-27 12:25:10.125  2209  3462 D PowerUI : can't show warning due to - plugged: true status unknown: false
10-27 12:26:10.100  2209  3465 D PowerUI : can't show warning due to - plugged: true status unknown: false
10-27 12:26:35.326  1269  2309 I DropBoxManagerService: add tag=event_data isTagEnabled=true flags=0x2
10-27 12:26:35.339  1269  1502 W BroadcastQueue: Background execution not allowed: receiving Intent { act=android.intent.action.DROPBOX_ENTRY_ADDED flg=0x10 (has extras) } to com.google.android.gms/.stats.service.DropBoxEntryAddedReceiver
10-27 12:26:35.339  1269  1502 W BroadcastQueue: Background execution not allowed: receiving Intent { act=android.intent.action.DROPBOX_ENTRY_ADDED flg=0x10 (has extras) } to com.google.android.gms/.chimera.GmsIntentOperationService$PersistentTrustedReceiver
10-27 12:26:35.353  1269  2309 D ActivityManager: sync unfroze 5628 com.google.process.gservices
10-27 12:26:35.378  1269  2309 I DropBoxManagerService: add tag=dumpsys:account isTagEnabled=true flags=0x2
10-27 12:26:35.379  1269  1502 W BroadcastQueue: Background execution not allowed: receiving Intent { act=android.intent.action.DROPBOX_ENTRY_ADDED flg=0x10 (has extras) } to com.google.android.gms/.stats.service.DropBoxEntryAddedReceiver
10-27 12:26:35.379  1269  1502 W BroadcastQueue: Background execution not allowed: receiving Intent { act=android.intent.action.DROPBOX_ENTRY_ADDED flg=0x10 (has extras) } to com.google.android.gms/.chimera.GmsIntentOperationService$PersistentTrustedReceiver
10-27 12:26:35.446  1269  3789 I DropBoxManagerService: add tag=platform_stats_bookmark isTagEnabled=true flags=0x2
10-27 12:26:35.456  1269  1502 W BroadcastQueue: Background execution not allowed: receiving Intent { act=android.intent.action.DROPBOX_ENTRY_ADDED flg=0x10 (has extras) } to com.google.android.gms/.stats.service.DropBoxEntryAddedReceiver
10-27 12:26:35.456  1269  1502 W BroadcastQueue: Background execution not allowed: receiving Intent { act=android.intent.action.DROPBOX_ENTRY_ADDED flg=0x10 (has extras) } to com.google.android.gms/.chimera.GmsIntentOperationService$PersistentTrustedReceiver
10-27 12:27:10.120  2209  7569 D PowerUI : can't show warning due to - plugged: true status unknown: false
10-27 12:27:27.685  1269  1269 D CompatibilityChangeReporter: Compat change id reported: 135634846; UID 10109; state: DISABLED
10-27 12:27:27.687  1269  1269 D CompatibilityChangeReporter: Compat change id reported: 177438394; UID 10109; state: DISABLED
10-27 12:27:27.687  1269  1269 D CompatibilityChangeReporter: Compat change id reported: 135772972; UID 10109; state: DISABLED
10-27 12:27:27.687  1269  1269 D CompatibilityChangeReporter: Compat change id reported: 135754954; UID 10109; state: ENABLED
10-27 12:27:27.689  1269  1503 D CompatibilityChangeReporter: Compat change id reported: 143937733; UID 10109; state: ENABLED
10-27 12:27:27.719  1269  1503 I ActivityManager: Start proc 23668:com.google.android.apps.gcs/u0a109 for service {com.google.android.apps.gcs/androidx.work.impl.background.systemjob.SystemJobService}
10-27 12:27:27.759  1269 11738 D CompatibilityChangeReporter: Compat change id reported: 168419799; UID 10109; state: DISABLED
10-27 12:27:27.807  1269  3211 D CompatibilityChangeReporter: Compat change id reported: 161145287; UID 10109; state: DISABLED
10-27 12:27:27.851  1269  3211 D CompatibilityChangeReporter: Compat change id reported: 194532703; UID 10109; state: ENABLED
10-27 12:27:27.892  1269 11738 W JobScheduler: Job didn't exist in JobStore: 4a21274 #u0a109/6343 com.google.android.apps.gcs/androidx.work.impl.background.systemjob.SystemJobService
10-27 12:28:10.102  2209  3586 D PowerUI : can't show warning due to - plugged: true status unknown: false
10-27 12:28:10.126  2209 10496 D PowerUI : can't show warning due to - plugged: true status unknown: false
10-27 12:29:05.211  1269  1502 I ActivityManager: Killing 23255:com.google.android.apps.work.clouddpc/u0a168 (adj 955): empty for 1800s
10-27 12:29:10.100  2209 10592 D PowerUI : can't show warning due to - plugged: true status unknown: false
10-27 12:30:02.447  1269  2309 I ActivityManager: Killing 23338:com.google.android.deskclock/u0a154 (adj 955): empty for 1802s
10-27 12:30:02.448  1269  2309 I ActivityManager: Killing 15159:com.google.android.settings.intelligence/u0a113 (adj 965): empty for 1802s
10-27 12:30:02.451  1269  2309 W ContentProviderHelper: Slow operation: 52ms so far, now at getContentProviderImpl: after updateOomAdj
10-27 12:30:02.451  1269  2309 W ContentProviderHelper: Slow operation: 52ms so far, now at getContentProviderImpl: done!
10-27 12:30:02.865  1269  2039 D ActivityManager: freezing 30625 com.google.android.gm
10-27 12:30:10.109  2209  2770 D PowerUI : can't show warning due to - plugged: true status unknown: false
10-27 12:30:19.753  1269  2039 D ActivityManager: freezing 22507 com.duckduckgo.mobile.android
10-27 12:30:19.760  1269  2039 D ActivityManager: freezing 22521 com.google.android.as.oss
10-27 12:31:10.117  2209 10611 D PowerUI : can't show warning due to - plugged: true status unknown: false
10-27 12:31:30.672  1269 11741 I Telecom : PhoneAccountRegistrar: Modify account: [ComponentInfo{com.android.phone/com.android.services.telephony.TelephonyConnectionService}, 1, UserHandle{0}]: TSI.rPA@BMw
10-27 12:31:30.677  1269 11741 I Telecom : CallsManager: handlePhoneAccountChanged: phoneAccount=[[X] PhoneAccount: ComponentInfo{com.android.phone/com.android.services.telephony.TelephonyConnectionService}, 1, UserHandle{0} Capabilities: CallProvider MultiUser PlaceEmerg SimSub  Audio Routes: BESW Schemes: tel voicemail  Extras: Bundle[{android.telecom.extra.SUPPORTS_VIDEO_CALLING_FALLBACK=true, android.telecom.extra.SORT_ORDER=0}] GroupId: ***]: TSI.rPA@BMw
10-27 12:31:30.683  1269 11741 I Telecom : PhoneAccountRegistrar: getSimCallManager: SimCallManager for subId 1 queried, returning: null: TSI.rPA@BMw
10-27 12:31:30.683  1269 11741 I Telecom : PhoneAccountRegistrar: Notifying telephony of voice service override change for 1 SIMs, hasService = false: TSI.rPA@BMw
10-27 12:31:30.701  1269  2039 D ActivityManager: freezing 14351 com.google.android.cellbroadcastreceiver
10-27 12:31:30.721  1269 11741 I Telecom : PhoneAccountRegistrar: Modify account: [ComponentInfo{com.android.phone/com.android.services.telephony.TelephonyConnectionService}, 1, UserHandle{0}]: TSI.rPA@BM4
10-27 12:31:30.724  1269 11741 I Telecom : CallsManager: handlePhoneAccountChanged: phoneAccount=[[X] PhoneAccount: ComponentInfo{com.android.phone/com.android.services.telephony.TelephonyConnectionService}, 1, UserHandle{0} Capabilities: CallProvider MultiUser PlaceEmerg SimSub  Audio Routes: BESW Schemes: tel voicemail  Extras: Bundle[{android.telecom.extra.SUPPORTS_VIDEO_CALLING_FALLBACK=true, android.telecom.extra.SORT_ORDER=0}] GroupId: ***]: TSI.rPA@BM4
10-27 12:31:30.729  1269 11741 I Telecom : PhoneAccountRegistrar: getSimCallManager: SimCallManager for subId 1 queried, returning: null: TSI.rPA@BM4
10-27 12:31:30.729  1269 11741 I Telecom : PhoneAccountRegistrar: Notifying telephony of voice service override change for 1 SIMs, hasService = false: TSI.rPA@BM4
10-27 12:31:30.825  1269 11736 I Telecom : PhoneAccountRegistrar: Modify account: [ComponentInfo{com.android.phone/com.android.services.telephony.TelephonyConnectionService}, 1, UserHandle{0}]: TSI.rPA@BM8
10-27 12:31:30.828  1269 11736 I Telecom : CallsManager: handlePhoneAccountChanged: phoneAccount=[[X] PhoneAccount: ComponentInfo{com.android.phone/com.android.services.telephony.TelephonyConnectionService}, 1, UserHandle{0} Capabilities: CallProvider MultiUser PlaceEmerg SimSub  Audio Routes: BESW Schemes: tel voicemail  Extras: Bundle[{android.telecom.extra.SUPPORTS_VIDEO_CALLING_FALLBACK=true, android.telecom.extra.SORT_ORDER=0}] GroupId: ***]: TSI.rPA@BM8
10-27 12:31:30.833  1269 11736 I Telecom : PhoneAccountRegistrar: getSimCallManager: SimCallManager for subId 1 queried, returning: null: TSI.rPA@BM8
10-27 12:31:30.833  1269 11736 I Telecom : PhoneAccountRegistrar: Notifying telephony of voice service override change for 1 SIMs, hasService = false: TSI.rPA@BM8
10-27 12:31:30.869  1269 11741 I Telecom : PhoneAccountRegistrar: Modify account: [ComponentInfo{com.android.phone/com.android.services.telephony.TelephonyConnectionService}, 1, UserHandle{0}]: TSI.rPA@BNE
10-27 12:31:30.872  1269 11741 I Telecom : CallsManager: handlePhoneAccountChanged: phoneAccount=[[X] PhoneAccount: ComponentInfo{com.android.phone/com.android.services.telephony.TelephonyConnectionService}, 1, UserHandle{0} Capabilities: CallProvider MultiUser PlaceEmerg SimSub  Audio Routes: BESW Schemes: tel voicemail  Extras: Bundle[{android.telecom.extra.SUPPORTS_VIDEO_CALLING_FALLBACK=true, android.telecom.extra.SORT_ORDER=0}] GroupId: ***]: TSI.rPA@BNE
10-27 12:31:30.876  1269 11741 I Telecom : PhoneAccountRegistrar: getSimCallManager: SimCallManager for subId 1 queried, returning: null: TSI.rPA@BNE
10-27 12:31:30.876  1269 11741 I Telecom : PhoneAccountRegistrar: Notifying telephony of voice service override change for 1 SIMs, hasService = false: TSI.rPA@BNE
10-27 12:31:40.834  1269  2039 D ActivityManager: freezing 20041 com.google.android.dialer
10-27 12:32:10.093  2209  3462 D PowerUI : can't show warning due to - plugged: true status unknown: false
10-27 12:33:10.100  2209  3465 D PowerUI : can't show warning due to - plugged: true status unknown: false
10-27 12:33:36.906  1269  2039 D ActivityManager: freezing 23597 android.process.acore
10-27 12:34:01.572  1269  2168 D ActivityManager: sync unfroze 30625 com.google.android.gm
10-27 12:34:10.082  2209  7569 D PowerUI : can't show warning due to - plugged: true status unknown: false
10-27 12:34:15.429  1269  2168 I ActivityManager: Killing 23405:com.google.android.apps.authenticator2/u0a257 (adj 955): empty for 1801s
10-27 12:35:10.100  2209  3586 D PowerUI : can't show warning due to - plugged: true status unknown: false
10-27 12:36:07.918  1269  1269 D ActivityManager: sync unfroze 22507 com.duckduckgo.mobile.android
10-27 12:36:07.949  1269  1269 D ActivityManager: sync unfroze 22521 com.google.android.as.oss
10-27 12:36:07.959  1269 11742 W JobScheduler: Job didn't exist in JobStore: ab6f82b #u0a223/7345 com.duckduckgo.mobile.android/androidx.work.impl.background.systemjob.SystemJobService
10-27 12:36:07.971  1269 11742 W JobScheduler: Job didn't exist in JobStore: 899ca9c #u0a121/344222339 com.google.android.as.oss/com.google.android.gms.learning.internal.training.InAppJobService
10-27 12:36:07.974  1269 11743 W JobScheduler: Job didn't exist in JobStore: bc6f488 #u0a121/369941447 com.google.android.as.oss/com.google.android.gms.learning.internal.training.InAppJobService
10-27 12:36:10.121  2209 10496 D PowerUI : can't show warning due to - plugged: true status unknown: false
10-27 12:37:04.120  1269 11742 I ActivityManager: Killing 14055:com.google.android.turboadapter/u0a200 (adj 995): empty for 1818s
10-27 12:37:10.095  2209 10592 D PowerUI : can't show warning due to - plugged: true status unknown: false
10-27 12:37:28.300  1269  2039 D ActivityManager: freezing 23668 com.google.android.apps.gcs
10-27 12:37:28.310  1269  2039 D ActivityManager: freezing 5628 com.google.process.gservices
10-27 12:38:10.104  2209  2770 D PowerUI : can't show warning due to - plugged: true status unknown: false
10-27 12:38:10.149  2209 10611 D PowerUI : can't show warning due to - plugged: true status unknown: false
10-27 12:39:10.112  2209  3462 D PowerUI : can't show warning due to - plugged: true status unknown: false
10-27 12:40:10.109  2209  3465 D PowerUI : can't show warning due to - plugged: true status unknown: false
10-27 12:41:10.105  2209  7569 D PowerUI : can't show warning due to - plugged: true status unknown: false
10-27 12:42:00.237  1269  1269 D CompatibilityChangeReporter: Compat change id reported: 135634846; UID 10214; state: DISABLED
10-27 12:42:00.238  1269  1269 D CompatibilityChangeReporter: Compat change id reported: 177438394; UID 10214; state: DISABLED
10-27 12:42:00.238  1269  1269 D CompatibilityChangeReporter: Compat change id reported: 135772972; UID 10214; state: DISABLED
10-27 12:42:00.238  1269  1269 D CompatibilityChangeReporter: Compat change id reported: 135754954; UID 10214; state: ENABLED
10-27 12:42:00.239  1269  1503 D CompatibilityChangeReporter: Compat change id reported: 143937733; UID 10214; state: ENABLED
10-27 12:42:00.266  1269  1503 I ActivityManager: Start proc 23808:com.google.android.permissioncontroller/u0a214 for service {com.google.android.permissioncontroller/com.android.permissioncontroller.privacysources.NotificationListenerCheckJobService}
10-27 12:42:00.298  1269  3796 D CompatibilityChangeReporter: Compat change id reported: 168419799; UID 10214; state: DISABLED
10-27 12:42:10.133  2209  3586 D PowerUI : can't show warning due to - plugged: true status unknown: false
10-27 12:42:17.666  1269  1501 I UsageStatsService: User[0] Flushing usage stats to disk
10-27 12:42:52.670  2209 10496 D PowerUI : can't show warning due to - plugged: true status unknown: false
10-27 12:42:52.725  2209 10592 D PowerUI : can't show warning due to - plugged: true status unknown: false
10-27 12:43:10.097  2209  2770 D PowerUI : can't show warning due to - plugged: true status unknown: false
10-27 12:43:48.998  1269  1269 D ActivityManager: sync unfroze 23668 com.google.android.apps.gcs
10-27 12:43:49.028  1269  1269 D CompatibilityChangeReporter: Compat change id reported: 168419799; UID 10109; state: DISABLED
10-27 12:43:49.051  1269  3784 D ActivityManager: sync unfroze 5628 com.google.process.gservices
10-27 12:43:49.116  1269  3796 D CompatibilityChangeReporter: Compat change id reported: 182478738; UID 10109; state: ENABLED
10-27 12:44:10.097  2209 10611 D PowerUI : can't show warning due to - plugged: true status unknown: false
10-27 12:44:35.511  1269  2039 D ActivityManager: freezing 30625 com.google.android.gm
10-27 12:45:10.114  2209  3462 D PowerUI : can't show warning due to - plugged: true status unknown: false
10-27 12:45:55.568  1269  3794 W ActivityManager: Invalid packageName: todomore.android
10-27 12:45:55.667  1269  3794 W ActivityManager: Invalid packageName: todomore.android
10-27 12:45:55.739  1269  3794 W ActivityManager: Invalid packageName: todomore.android
10-27 12:46:08.029  1269  2039 D ActivityManager: freezing 22507 com.duckduckgo.mobile.android
10-27 12:46:08.040  1269  2039 D ActivityManager: freezing 22521 com.google.android.as.oss
10-27 12:46:10.105  2209  3465 D PowerUI : can't show warning due to - plugged: true status unknown: false
10-27 12:46:52.161  1269 11736 W ActivityManager: Invalid packageName: todomore.android
10-27 12:46:52.246  1269 11736 W ActivityManager: Invalid packageName: todomore.android
10-27 12:46:52.342  1269 11736 W ActivityManager: Invalid packageName: todomore.android
10-27 12:47:10.091  2209  7569 D PowerUI : can't show warning due to - plugged: true status unknown: false
10-27 12:47:41.651  1269  1269 D CompatibilityChangeReporter: Compat change id reported: 135634846; UID 10096; state: DISABLED
10-27 12:47:41.651  1269  1269 D CompatibilityChangeReporter: Compat change id reported: 177438394; UID 10096; state: DISABLED
10-27 12:47:41.651  1269  1269 D CompatibilityChangeReporter: Compat change id reported: 135772972; UID 10096; state: DISABLED
10-27 12:47:41.652  1269  1269 D CompatibilityChangeReporter: Compat change id reported: 135754954; UID 10096; state: ENABLED
10-27 12:47:41.652  1269  1503 D CompatibilityChangeReporter: Compat change id reported: 143937733; UID 10096; state: ENABLED
10-27 12:47:41.656  1269  1269 D CompatibilityChangeReporter: Compat change id reported: 135634846; UID 10144; state: DISABLED
10-27 12:47:41.656  1269  1269 D CompatibilityChangeReporter: Compat change id reported: 177438394; UID 10144; state: DISABLED
10-27 12:47:41.656  1269  1269 D CompatibilityChangeReporter: Compat change id reported: 135772972; UID 10144; state: DISABLED
10-27 12:47:41.656  1269  1269 D CompatibilityChangeReporter: Compat change id reported: 135754954; UID 10144; state: ENABLED
10-27 12:47:41.670  1269  1503 I ActivityManager: Start proc 23902:com.google.android.partnersetup/u0a96 for service {com.google.android.partnersetup/com.google.android.partnersetup.InstalledAppJobService}
10-27 12:47:41.670  1269  1503 D CompatibilityChangeReporter: Compat change id reported: 143937733; UID 10144; state: ENABLED
10-27 12:47:41.678  1269  2168 D ActivityManager: sync unfroze 30625 com.google.android.gm
10-27 12:47:41.688  1269  3211 D CompatibilityChangeReporter: Compat change id reported: 168419799; UID 10096; state: DISABLED
10-27 12:47:41.691  1269  1503 I ActivityManager: Start proc 23918:com.google.android.apps.turbo:aab/u0a144 for service {com.google.android.apps.turbo/com.google.android.libraries.smartbattery.appusage.library.InferAppBucketsJob}
10-27 12:47:41.745  1269 11736 D CompatibilityChangeReporter: Compat change id reported: 194532703; UID 10096; state: ENABLED
10-27 12:47:41.757  1269 11736 W JobScheduler: Job didn't exist in JobStore: d72eab2 #u0a96/4096 com.google.android.partnersetup/.InstalledAppJobService
10-27 12:47:41.863  1269 11736 D CompatibilityChangeReporter: Compat change id reported: 218533173; UID 10214; state: DISABLED
10-27 12:47:41.900  1269 11736 D CompatibilityChangeReporter: Compat change id reported: 194532703; UID 10144; state: ENABLED
10-27 12:47:48.745  1269  3784 D CompatibilityChangeReporter: Compat change id reported: 161145287; UID 10144; state: DISABLED
10-27 12:48:10.106  2209  3586 D PowerUI : can't show warning due to - plugged: true status unknown: false
10-27 12:48:48.973  1269  1269 D CompatibilityChangeReporter: Compat change id reported: 168419799; UID 10144; state: DISABLED
10-27 12:49:10.100  2209 10496 D PowerUI : can't show warning due to - plugged: true status unknown: false
10-27 12:50:10.094  2209 10592 D PowerUI : can't show warning due to - plugged: true status unknown: false
10-27 12:50:30.452  1269  3211 W ContentProviderHelper: Slow operation: 57ms so far, now at getContentProviderImpl: after updateOomAdj
10-27 12:50:30.452  1269  3211 W ContentProviderHelper: Slow operation: 58ms so far, now at getContentProviderImpl: done!
10-27 12:50:51.313  1269  3211 I ActivityManager: Killing 23597:android.process.acore/u0a68 (adj 995): empty for 1802s
10-27 12:51:10.100  2209  2770 D PowerUI : can't show warning due to - plugged: true status unknown: false
10-27 12:51:31.696  1269  1988 I ActivityManager: Killing 20041:com.google.android.dialer/u0a118 (adj 945): empty for 1800s
10-27 12:51:31.700  1269  1988 I ActivityManager: Killing 14351:com.google.android.cellbroadcastreceiver/u0a216 (adj 955): empty for 1801s
10-27 12:52:00.735  1269  2039 D ActivityManager: freezing 23808 com.google.android.permissioncontroller
10-27 12:52:05.474  1269  1269 D ActivityManager: sync unfroze 22521 com.google.android.as.oss
10-27 12:52:05.500  1269  1269 D ActivityManager: sync unfroze 22507 com.duckduckgo.mobile.android
10-27 12:52:05.553  1269  1269 W JobScheduler: Job didn't exist in JobStore: 7b70751 #u0a223/7346 com.duckduckgo.mobile.android/androidx.work.impl.background.systemjob.SystemJobService
10-27 12:52:05.566  1269  2723 W JobScheduler: Job didn't exist in JobStore: 74b12d5 #u0a121/344222339 com.google.android.as.oss/com.google.android.gms.learning.internal.training.InAppJobService
10-27 12:52:05.574  1269  2723 W JobScheduler: Job didn't exist in JobStore: 721aea #u0a121/369941447 com.google.android.as.oss/com.google.android.gms.learning.internal.training.InAppJobService
10-27 12:52:10.103  2209 10611 D PowerUI : can't show warning due to - plugged: true status unknown: false
10-27 12:53:10.102  2209  3462 D PowerUI : can't show warning due to - plugged: true status unknown: false
10-27 12:53:49.154  1269  2039 D ActivityManager: freezing 23668 com.google.android.apps.gcs
10-27 12:53:51.241  1269  9885 I DropBoxManagerService: add tag=event_data isTagEnabled=true flags=0x2
10-27 12:53:51.247  1269  1502 W BroadcastQueue: Background execution not allowed: receiving Intent { act=android.intent.action.DROPBOX_ENTRY_ADDED flg=0x10 (has extras) } to com.google.android.gms/.stats.service.DropBoxEntryAddedReceiver
10-27 12:53:51.248  1269  1502 W BroadcastQueue: Background execution not allowed: receiving Intent { act=android.intent.action.DROPBOX_ENTRY_ADDED flg=0x10 (has extras) } to com.google.android.gms/.chimera.GmsIntentOperationService$PersistentTrustedReceiver
10-27 12:53:51.290  1269  2309 I DropBoxManagerService: add tag=dumpsys:account isTagEnabled=true flags=0x2
10-27 12:53:51.304  1269  1502 W BroadcastQueue: Background execution not allowed: receiving Intent { act=android.intent.action.DROPBOX_ENTRY_ADDED flg=0x10 (has extras) } to com.google.android.gms/.stats.service.DropBoxEntryAddedReceiver
10-27 12:53:51.316  1269  1502 W BroadcastQueue: Background execution not allowed: receiving Intent { act=android.intent.action.DROPBOX_ENTRY_ADDED flg=0x10 (has extras) } to com.google.android.gms/.chimera.GmsIntentOperationService$PersistentTrustedReceiver
10-27 12:53:51.372  1269  3210 I DropBoxManagerService: add tag=platform_stats_bookmark isTagEnabled=true flags=0x2
10-27 12:53:51.402  1269  1502 W BroadcastQueue: Background execution not allowed: receiving Intent { act=android.intent.action.DROPBOX_ENTRY_ADDED flg=0x10 (has extras) } to com.google.android.gms/.stats.service.DropBoxEntryAddedReceiver
10-27 12:53:51.403  1269  1502 W BroadcastQueue: Background execution not allowed: receiving Intent { act=android.intent.action.DROPBOX_ENTRY_ADDED flg=0x10 (has extras) } to com.google.android.gms/.chimera.GmsIntentOperationService$PersistentTrustedReceiver
10-27 12:54:10.102  2209  3465 D PowerUI : can't show warning due to - plugged: true status unknown: false
10-27 12:54:11.850   501 24003 I keystore2: keystore2::watchdog: Watchdog thread idle -> terminating. Have a great day.
10-27 12:54:46.975  1269  3789 D CompatibilityChangeReporter: Compat change id reported: 218533173; UID 10148; state: ENABLED
10-27 12:54:47.027  1269  3789 D CompatibilityChangeReporter: Compat change id reported: 135634846; UID 10137; state: DISABLED
10-27 12:54:47.027  1269  3789 D CompatibilityChangeReporter: Compat change id reported: 177438394; UID 10137; state: DISABLED
10-27 12:54:47.027  1269  3789 D CompatibilityChangeReporter: Compat change id reported: 135772972; UID 10137; state: DISABLED
10-27 12:54:47.027  1269  3789 D CompatibilityChangeReporter: Compat change id reported: 135754954; UID 10137; state: ENABLED
10-27 12:54:47.027  1269  1503 D CompatibilityChangeReporter: Compat change id reported: 143937733; UID 10137; state: ENABLED
10-27 12:54:47.043  1269  1503 I ActivityManager: Start proc 24007:com.google.process.gapps/u0a137 for content provider {com.google.android.gsf/com.google.android.gsf.settings.GoogleSettingsProvider}
10-27 12:54:47.221  1269  1346 D CompatibilityChangeReporter: Compat change id reported: 201794303; UID 10137; state: ENABLED
10-27 12:54:47.297  1269  1346 D CompatibilityChangeReporter: Compat change id reported: 135634846; UID 10064; state: DISABLED
10-27 12:54:47.297  1269  1346 D CompatibilityChangeReporter: Compat change id reported: 177438394; UID 10064; state: DISABLED
10-27 12:54:47.297  1269  1346 D CompatibilityChangeReporter: Compat change id reported: 135772972; UID 10064; state: DISABLED
10-27 12:54:47.297  1269  1346 D CompatibilityChangeReporter: Compat change id reported: 135754954; UID 10064; state: ENABLED
10-27 12:54:47.298  1269  1503 D CompatibilityChangeReporter: Compat change id reported: 143937733; UID 10064; state: ENABLED
10-27 12:54:47.319  1269  1503 I ActivityManager: Start proc 24028:com.android.providers.calendar/u0a64 for content provider {com.android.providers.calendar/com.android.providers.calendar.CalendarProvider2}
10-27 12:54:47.357  1269  3789 D CompatibilityChangeReporter: Compat change id reported: 168419799; UID 10064; state: DISABLED
10-27 12:54:47.393  1269  3789 D CompatibilityChangeReporter: Compat change id reported: 161145287; UID 10064; state: DISABLED
10-27 12:54:47.408  1269  1346 D CompatibilityChangeReporter: Compat change id reported: 143231523; UID 10064; state: DISABLED
10-27 12:54:47.419  1269  1346 I ContentCaptureManagerService: Data share request accepted by Content Capture service
10-27 12:54:51.903  1269  1502 W BroadcastQueue: Permission Denial: broadcasting Intent { act=com.google.android.apps.gmm.NAVIGATION_STATE flg=0x10 pkg=com.google.android.googlequicksearchbox (has extras) } from null (pid=-1, uid=-1) requires com.google.android.googlequicksearchbox.permission.LAUNCH_FROM_GMM due to registered receiver BroadcastFilter{ffd5a81 10148/u0 ReceiverList{2b9c668 19002 com.google.android.googlequicksearchbox:search/10148/u0 remote:a0c658b}}
10-27 12:54:51.903  1269  1502 W BroadcastQueue: Permission Denial: broadcasting Intent { act=com.google.android.apps.gmm.NAVIGATION_STATE flg=0x10 pkg=com.google.android.gms (has extras) } from null (pid=-1, uid=-1) requires com.google.android.googlequicksearchbox.permission.LAUNCH_FROM_GMM due to registered receiver BroadcastFilter{ffd5a81 10148/u0 ReceiverList{2b9c668 19002 com.google.android.googlequicksearchbox:search/10148/u0 remote:a0c658b}}
10-27 12:54:51.950  1269  2723 W JobScheduler: Job didn't exist in JobStore: be23843 #u0a148/-161 com.google.android.googlequicksearchbox/com.google.android.apps.gsa.tasks.BackgroundTasksJobService
10-27 12:54:51.963  1269  3210 D CompatibilityChangeReporter: Compat change id reported: 168419799; UID 10137; state: DISABLED
10-27 12:55:39.148  1269  9885 D CompatibilityChangeReporter: Compat change id reported: 171306433; UID 10137; state: ENABLED
10-27 12:55:39.149  1269  9885 D CompatibilityChangeReporter: Compat change id reported: 218533173; UID 10137; state: ENABLED
10-27 12:56:10.097  2209  7569 D PowerUI : can't show warning due to - plugged: true status unknown: false
10-27 12:57:10.107  2209  3586 D PowerUI : can't show warning due to - plugged: true status unknown: false
10-27 12:57:41.867  1269  2039 D ActivityManager: freezing 23902 com.google.android.partnersetup
10-27 12:57:41.921  1269  2039 D ActivityManager: freezing 23918 com.google.android.apps.turbo:aab
10-27 12:58:10.101  2209 10496 D PowerUI : can't show warning due to - plugged: true status unknown: false
10-27 12:58:13.828  1269  2039 D ActivityManager: freezing 30625 com.google.android.gm
10-27 12:58:36.194  1269  1269 D CompatibilityChangeReporter: Compat change id reported: 135634846; UID 10168; state: DISABLED
10-27 12:58:36.194  1269  1269 D CompatibilityChangeReporter: Compat change id reported: 177438394; UID 10168; state: DISABLED
10-27 12:58:36.194  1269  1269 D CompatibilityChangeReporter: Compat change id reported: 135772972; UID 10168; state: DISABLED
10-27 12:58:36.195  1269  1269 D CompatibilityChangeReporter: Compat change id reported: 135754954; UID 10168; state: ENABLED
10-27 12:58:36.196  1269  1503 D CompatibilityChangeReporter: Compat change id reported: 143937733; UID 10168; state: ENABLED
10-27 12:58:36.228  1269  1503 I ActivityManager: Start proc 24081:com.google.android.apps.work.clouddpc/u0a168 for service {com.google.android.apps.work.clouddpc/com.google.android.apps.work.clouddpc.base.services.HealthCheckJobService}
10-27 12:58:36.276  1269  2723 D CompatibilityChangeReporter: Compat change id reported: 168419799; UID 10168; state: DISABLED
10-27 12:58:36.573  1269  1346 D CompatibilityChangeReporter: Compat change id reported: 194532703; UID 10168; state: ENABLED
10-27 12:58:43.589  1269  3210 D CompatibilityChangeReporter: Compat change id reported: 161145287; UID 10168; state: DISABLED
10-27 12:59:10.100  2209 10592 D PowerUI : can't show warning due to - plugged: true status unknown: false
10-27 12:59:47.421  1269  1269 I ContentCaptureManagerService: Content capture data sharing session terminated successfully for package 'com.google.android.googlequicksearchbox'
10-27 13:00:00.029  1269  1502 D CompatibilityChangeReporter: Compat change id reported: 135634846; UID 10113; state: DISABLED
10-27 13:00:00.029  1269  1502 D CompatibilityChangeReporter: Compat change id reported: 177438394; UID 10113; state: DISABLED
10-27 13:00:00.029  1269  1502 D CompatibilityChangeReporter: Compat change id reported: 135772972; UID 10113; state: DISABLED
10-27 13:00:00.029  1269  1502 D CompatibilityChangeReporter: Compat change id reported: 135754954; UID 10113; state: ENABLED
10-27 13:00:00.030  1269  1503 D CompatibilityChangeReporter: Compat change id reported: 143937733; UID 10113; state: ENABLED
10-27 13:00:00.051  1269  1503 I ActivityManager: Start proc 24158:com.google.android.settings.intelligence/u0a113 for broadcast {com.google.android.settings.intelligence/com.google.android.settings.intelligence.modules.battery.impl.usage.PeriodicJobReceiver}
10-27 13:00:00.167  1269  9885 D CompatibilityChangeReporter: Compat change id reported: 194532703; UID 10113; state: ENABLED
10-27 13:00:00.195  1269  9885 D CompatibilityChangeReporter: Compat change id reported: 161145287; UID 10113; state: DISABLED
10-27 13:00:00.204  1269  9885 D CompatibilityChangeReporter: Compat change id reported: 171306433; UID 10113; state: ENABLED
10-27 13:00:00.205  1269  9885 D CompatibilityChangeReporter: Compat change id reported: 226439802; UID 10113; state: DISABLED
10-27 13:00:00.205  1269  9885 D CompatibilityChangeReporter: Compat change id reported: 218533173; UID 10113; state: ENABLED
10-27 13:00:00.222  1269  9885 D ActivityManager: sync unfroze 15417 com.android.settings
10-27 13:00:10.140  2209  2770 D PowerUI : can't show warning due to - plugged: true status unknown: false
10-27 13:01:10.108  2209 10611 D PowerUI : can't show warning due to - plugged: true status unknown: false
10-27 13:01:47.522  1269  1492 I EntropyMixer: Updated seed file
10-27 13:01:57.091  1269  2029 D CompatibilityChangeReporter: Compat change id reported: 218533173; UID 10193; state: ENABLED
10-27 13:01:57.095  1269  2029 D CompatibilityChangeReporter: Compat change id reported: 218533173; UID 10061; state: ENABLED
10-27 13:01:57.099  1269  2029 D CompatibilityChangeReporter: Compat change id reported: 218533173; UID 10257; state: DISABLED
10-27 13:01:57.106  1269  2029 D CompatibilityChangeReporter: Compat change id reported: 218533173; UID 10099; state: DISABLED
10-27 13:01:57.107  1269  2029 D CompatibilityChangeReporter: Compat change id reported: 218533173; UID 10200; state: ENABLED
10-27 13:01:57.108  1269  2029 D CompatibilityChangeReporter: Compat change id reported: 218533173; UID 10115; state: ENABLED
10-27 13:01:57.110  1269  2029 D CompatibilityChangeReporter: Compat change id reported: 218533173; UID 10121; state: ENABLED
10-27 13:01:57.112  1269  2029 D CompatibilityChangeReporter: Compat change id reported: 171306433; UID 10185; state: ENABLED
10-27 13:01:57.112  1269  2029 D CompatibilityChangeReporter: Compat change id reported: 226439802; UID 10185; state: DISABLED
10-27 13:01:57.116  1269  2029 D CompatibilityChangeReporter: Compat change id reported: 218533173; UID 10068; state: ENABLED
10-27 13:01:57.116  1269  2029 D CompatibilityChangeReporter: Compat change id reported: 218533173; UID 10096; state: ENABLED
10-27 13:01:57.123  1269  2029 D CompatibilityChangeReporter: Compat change id reported: 171306433; UID 10131; state: ENABLED
10-27 13:01:57.124  1269  2029 D CompatibilityChangeReporter: Compat change id reported: 226439802; UID 10131; state: DISABLED
10-27 13:01:57.125  1269  2029 D CompatibilityChangeReporter: Compat change id reported: 218533173; UID 10198; state: ENABLED
10-27 13:01:57.126  1269  2029 D CompatibilityChangeReporter: Compat change id reported: 218533173; UID 10168; state: ENABLED
10-27 13:01:57.127  1269  2029 D CompatibilityChangeReporter: Compat change id reported: 218533173; UID 10066; state: ENABLED
10-27 13:01:57.128  1269  2029 D CompatibilityChangeReporter: Compat change id reported: 218533173; UID 10109; state: ENABLED
10-27 13:02:05.592  1269  2039 D ActivityManager: freezing 22507 com.duckduckgo.mobile.android
10-27 13:02:05.598  1269  2039 D ActivityManager: freezing 22521 com.google.android.as.oss
10-27 13:02:17.760  1269  1501 I UsageStatsService: User[0] Flushing usage stats to disk
10-27 13:03:10.114  2209  3462 D PowerUI : can't show warning due to - plugged: true status unknown: false
10-27 13:03:10.117  1269  9885 D CompatibilityChangeReporter: Compat change id reported: 161145287; UID 10137; state: DISABLED
10-27 13:03:41.476  1269  1269 D CompatibilityChangeReporter: Compat change id reported: 168419799; UID 10113; state: DISABLED
10-27 13:03:41.495  1269  2110 D CompatibilityChangeReporter: Compat change id reported: 135634846; UID 10257; state: DISABLED
10-27 13:03:41.496  1269  2110 D CompatibilityChangeReporter: Compat change id reported: 177438394; UID 10257; state: DISABLED
10-27 13:03:41.496  1269  2110 D CompatibilityChangeReporter: Compat change id reported: 135772972; UID 10257; state: DISABLED
10-27 13:03:41.496  1269  2110 D CompatibilityChangeReporter: Compat change id reported: 135754954; UID 10257; state: ENABLED
10-27 13:03:41.496  1269  1503 D CompatibilityChangeReporter: Compat change id reported: 143937733; UID 10257; state: ENABLED
10-27 13:03:41.512  1269  1503 I ActivityManager: Start proc 24214:com.google.android.apps.authenticator2/u0a257 for broadcast {com.google.android.apps.authenticator2/com.google.android.apps.authenticator.auditlog.AuditLogTimerReceiver}
10-27 13:03:41.552  1269  1346 D CompatibilityChangeReporter: Compat change id reported: 168419799; UID 10257; state: DISABLED
10-27 13:03:41.598  1269  2168 D ActivityManager: sync unfroze 30625 com.google.android.gm
10-27 13:03:41.684  1269  1988 I ActivityManager: com.android.vending is exempt from freezer
10-27 13:03:41.684  1269  1988 D CompatibilityChangeReporter: Compat change id reported: 135634846; UID 10114; state: DISABLED
10-27 13:03:41.684  1269  1988 D CompatibilityChangeReporter: Compat change id reported: 177438394; UID 10114; state: DISABLED
10-27 13:03:41.684  1269  1988 D CompatibilityChangeReporter: Compat change id reported: 135772972; UID 10114; state: DISABLED
10-27 13:03:41.684  1269  1988 D CompatibilityChangeReporter: Compat change id reported: 135754954; UID 10114; state: ENABLED
10-27 13:03:41.684  1269  1503 D CompatibilityChangeReporter: Compat change id reported: 143937733; UID 10114; state: ENABLED
10-27 13:03:41.699  1269  1503 I ActivityManager: Start proc 24239:com.android.vending/u0a114 for content provider {com.android.vending/com.google.android.finsky.slice.PhoneskyContextualCardProvider}
10-27 13:03:42.042  1269  9885 D CompatibilityChangeReporter: Compat change id reported: 161145287; UID 10114; state: DISABLED
10-27 13:03:42.172  1269  3211 I ContentCaptureManagerService: Data share request accepted by Content Capture service
10-27 13:03:42.206  1269  1988 W ActivityManager: Receiver with filter android.content.IntentFilter@9aba4c4 already registered for pid 24239, callerPackage is com.android.vending
10-27 13:03:42.513  1269  1988 I ActivityManager: com.android.vending is exempt from freezer
10-27 13:03:42.514  1269  1988 D CompatibilityChangeReporter: Compat change id reported: 135634846; UID 10114; state: DISABLED
10-27 13:03:42.514  1269  1988 D CompatibilityChangeReporter: Compat change id reported: 177438394; UID 10114; state: DISABLED
10-27 13:03:42.514  1269  1988 D CompatibilityChangeReporter: Compat change id reported: 135772972; UID 10114; state: DISABLED
10-27 13:03:42.514  1269  1988 D CompatibilityChangeReporter: Compat change id reported: 135754954; UID 10114; state: ENABLED
