10-27 11:47:51.404  1269  1502 W BroadcastQueue: Permission Denial: receiving Intent { act=android.intent.action.SERVICE_STATE flg=0x1000010 (has extras) } to ProcessRecord{c3d5824 2209:com.android.systemui/u0a208} (pid=2209, uid=10208) requires android.permission.READ_PHONE_STATE due to sender android (uid 1001)
10-27 11:47:51.404  1269  1346 W ContextImpl: Calling a method in the system process without a qualified user: android.app.ContextImpl.sendBroadcastMultiplePermissions:1272 android.content.Context.sendBroadcastMultiplePermissions:2272 com.android.server.TelephonyRegistry.broadcastServiceStateChanged:3096 com.android.server.TelephonyRegistry.notifyServiceStateForPhoneId:1616 com.android.internal.telephony.ITelephonyRegistry$Stub.onTransact:492 
10-27 11:47:51.404  1269  1502 W BroadcastQueue: Permission Denial: receiving Intent { act=android.intent.action.SERVICE_STATE flg=0x1000010 (has extras) } to ProcessRecord{622ef2a 2479:com.shannon.imsservice/u0a204} (pid=2479, uid=10204) requires android.permission.READ_PHONE_STATE due to sender android (uid 1001)
10-27 11:47:51.404  1269  1502 W BroadcastQueue: Permission Denial: receiving Intent { act=android.intent.action.SERVICE_STATE flg=0x1000010 (has extras) } to ProcessRecord{c3d5824 2209:com.android.systemui/u0a208} (pid=2209, uid=10208) requires android.permission.ACCESS_FINE_LOCATION due to sender android (uid 1001)
10-27 11:47:51.405  1269  1502 W BroadcastQueue: Permission Denial: receiving Intent { act=android.intent.action.SERVICE_STATE flg=0x1000010 (has extras) } to com.google.android.cellbroadcastreceiver/com.android.cellbroadcastreceiver.CellBroadcastReceiver requires android.permission.READ_PHONE_STATE due to sender android (uid 1001)
10-27 11:47:51.406  1269  1502 W BroadcastQueue: Permission Denial: receiving Intent { act=android.intent.action.SERVICE_STATE flg=0x1000010 (has extras) } to com.google.android.cellbroadcastreceiver/com.android.cellbroadcastreceiver.CellBroadcastReceiver requires android.permission.ACCESS_FINE_LOCATION due to sender android (uid 1001)
10-27 11:47:51.409  1269  1502 W BroadcastQueue: Permission Denial: receiving Intent { act=android.intent.action.SERVICE_STATE flg=0x1000010 (has extras) } to ProcessRecord{c3d5824 2209:com.android.systemui/u0a208} (pid=2209, uid=10208) requires android.permission.READ_PHONE_STATE due to sender android (uid 1001)
10-27 11:47:51.410  1269  1502 W BroadcastQueue: Permission Denial: receiving Intent { act=android.intent.action.SERVICE_STATE flg=0x1000010 (has extras) } to ProcessRecord{622ef2a 2479:com.shannon.imsservice/u0a204} (pid=2479, uid=10204) requires android.permission.READ_PHONE_STATE due to sender android (uid 1001)
10-27 11:47:51.410  1269  1346 W ContextImpl: Calling a method in the system process without a qualified user: android.app.ContextImpl.sendBroadcastMultiplePermissions:1272 android.content.Context.sendBroadcastMultiplePermissions:2272 com.android.server.TelephonyRegistry.broadcastServiceStateChanged:3100 com.android.server.TelephonyRegistry.notifyServiceStateForPhoneId:1616 com.android.internal.telephony.ITelephonyRegistry$Stub.onTransact:492 
10-27 11:47:51.410  1269  1502 W BroadcastQueue: Permission Denial: receiving Intent { act=android.intent.action.SERVICE_STATE flg=0x1000010 (has extras) } to com.google.android.cellbroadcastreceiver/com.android.cellbroadcastreceiver.CellBroadcastReceiver requires android.permission.READ_PHONE_STATE due to sender android (uid 1001)
10-27 11:47:51.411  1269  1502 W BroadcastQueue: Appop Denial: receiving Intent { act=android.intent.action.SERVICE_STATE flg=0x1000010 (has extras) } to ProcessRecord{622ef2a 2479:com.shannon.imsservice/u0a204} (pid=2479, uid=10204) excludes appop android:fine_location due to sender android (uid 1001)
10-27 11:47:51.453  1269  2723 W ContextImpl: Calling a method in the system process without a qualified user: android.app.ContextImpl.sendBroadcastMultiplePermissions:1272 android.content.Context.sendBroadcastMultiplePermissions:2272 com.android.server.TelephonyRegistry.broadcastDataConnectionStateChanged:3281 com.android.server.TelephonyRegistry.notifyDataConnectionForSubscriber:2036 com.android.internal.telephony.ITelephonyRegistry$Stub.onTransact:571 
10-27 11:47:51.469  1269  2723 I Telecom : PhoneAccountRegistrar: Modify account: [ComponentInfo{com.android.phone/com.android.services.telephony.TelephonyConnectionService}, 1, UserHandle{0}]: TSI.rPA@AZg
10-27 11:47:51.471  1269  2723 I Telecom : CallsManager: handlePhoneAccountChanged: phoneAccount=[[X] PhoneAccount: ComponentInfo{com.android.phone/com.android.services.telephony.TelephonyConnectionService}, 1, UserHandle{0} Capabilities: CallProvider MultiUser PlaceEmerg SimSub  Audio Routes: BESW Schemes: tel voicemail  Extras: Bundle[{android.telecom.extra.SUPPORTS_VIDEO_CALLING_FALLBACK=true, android.telecom.extra.SORT_ORDER=0}] GroupId: ***]: TSI.rPA@AZg
10-27 11:47:51.474  1269  2723 I Telecom : PhoneAccountRegistrar: getSimCallManager: SimCallManager for subId 1 queried, returning: null: TSI.rPA@AZg
10-27 11:47:51.474  1269  2723 I Telecom : PhoneAccountRegistrar: Notifying telephony of voice service override change for 1 SIMs, hasService = false: TSI.rPA@AZg
10-27 11:47:51.511  1269 11738 I Telecom : PhoneAccountRegistrar: Modify account: [ComponentInfo{com.android.phone/com.android.services.telephony.TelephonyConnectionService}, 1, UserHandle{0}]: TSI.rPA@AZw
10-27 11:47:51.513  1269 11738 I Telecom : CallsManager: handlePhoneAccountChanged: phoneAccount=[[X] PhoneAccount: ComponentInfo{com.android.phone/com.android.services.telephony.TelephonyConnectionService}, 1, UserHandle{0} Capabilities: CallProvider MultiUser PlaceEmerg SimSub  Audio Routes: BESW Schemes: tel voicemail  Extras: Bundle[{android.telecom.extra.SUPPORTS_VIDEO_CALLING_FALLBACK=true, android.telecom.extra.SORT_ORDER=0}] GroupId: ***]: TSI.rPA@AZw
10-27 11:47:51.515  1269 11738 I Telecom : PhoneAccountRegistrar: getSimCallManager: SimCallManager for subId 1 queried, returning: null: TSI.rPA@AZw
10-27 11:47:51.515  1269 11738 I Telecom : PhoneAccountRegistrar: Notifying telephony of voice service override change for 1 SIMs, hasService = false: TSI.rPA@AZw
10-27 11:48:01.562  1269  3783 W JobScheduler: Job didn't exist in JobStore: e2ca6bb #u0a110/201471527 com.google.android.apps.scone/.awareness.OosObserver
10-27 11:48:10.113  2209  3462 D PowerUI : can't show warning due to - plugged: true status unknown: false
10-27 11:48:10.218  1269  2039 D ActivityManager: freezing 14825 com.google.android.projection.gearhead:car
10-27 11:48:10.228  1269  2039 D ActivityManager: freezing 14794 com.google.android.projection.gearhead:shared
10-27 11:49:06.742  1269  9885 D CompatibilityChangeReporter: Compat change id reported: 168419799; UID 10137; state: DISABLED
10-27 11:49:10.124  2209  3465 D PowerUI : can't show warning due to - plugged: true status unknown: false
10-27 11:49:44.248  1269  1269 D ActivityManager: sync unfroze 22521 com.google.android.as.oss
10-27 11:49:44.249  1269  1269 D CompatibilityChangeReporter: Compat change id reported: 168419799; UID 10121; state: DISABLED
10-27 11:49:44.266  1269  1269 D ActivityManager: sync unfroze 22507 com.duckduckgo.mobile.android
10-27 11:49:44.280  1269  1269 D CompatibilityChangeReporter: Compat change id reported: 168419799; UID 10223; state: DISABLED
10-27 11:49:44.303  1269  1269 W JobScheduler: Job didn't exist in JobStore: d76caa #u0a223/7339 com.duckduckgo.mobile.android/androidx.work.impl.background.systemjob.SystemJobService
10-27 11:49:44.306  1269  2723 W JobScheduler: Job didn't exist in JobStore: ad82d9c #u0a121/344222339 com.google.android.as.oss/com.google.android.gms.learning.internal.training.InAppJobService
10-27 11:49:44.311  1269  2723 W JobScheduler: Job didn't exist in JobStore: f17916c #u0a121/369941447 com.google.android.as.oss/com.google.android.gms.learning.internal.training.InAppJobService
10-27 11:49:51.051  1269  2723 D CompatibilityChangeReporter: Compat change id reported: 194532703; UID 10148; state: ENABLED
10-27 11:50:10.109  2209  7569 D PowerUI : can't show warning due to - plugged: true status unknown: false
10-27 11:51:10.118  2209  3586 D PowerUI : can't show warning due to - plugged: true status unknown: false
10-27 11:51:44.164  2209 10496 D PowerUI : can't show warning due to - plugged: true status unknown: false
10-27 11:52:10.101  2209 10592 D PowerUI : can't show warning due to - plugged: true status unknown: false
10-27 11:52:56.784  1269  9885 W ContentProviderHelper: Slow operation: 58ms so far, now at getContentProviderImpl: after updateOomAdj
10-27 11:52:56.784  1269  9885 W ContentProviderHelper: Slow operation: 59ms so far, now at getContentProviderImpl: done!
10-27 11:53:10.119  2209  2770 D PowerUI : can't show warning due to - plugged: true status unknown: false
10-27 11:54:10.103  2209 10611 D PowerUI : can't show warning due to - plugged: true status unknown: false
10-27 11:54:11.765   501 23197 I keystore2: keystore2::watchdog: Watchdog thread idle -> terminating. Have a great day.
10-27 11:54:32.791  1269  2039 D ActivityManager: freezing 21678 com.google.android.apps.safetyhub
10-27 11:54:33.186  1269  2039 D ActivityManager: freezing 22834 com.google.android.apps.gcs
10-27 11:54:36.842  1269  2039 D ActivityManager: freezing 22957 com.android.remoteprovisioner
10-27 11:54:38.582  1269  2039 D ActivityManager: freezing 22907 com.google.android.gms.unstable
10-27 11:54:40.206  1269  2039 D ActivityManager: freezing 21634 com.google.android.apps.photos:mediametadataservice
10-27 11:54:40.220  1269  2039 D ActivityManager: freezing 22121 com.google.android.gms.ui
10-27 11:54:44.197  2209  3462 D PowerUI : can't show warning due to - plugged: true status unknown: false
10-27 11:54:51.180  1269  2039 D ActivityManager: freezing 19696 com.google.android.apps.photos
10-27 11:55:00.107  1269  2039 D ActivityManager: freezing 23005 com.google.android.googlequicksearchbox
10-27 11:55:10.107  2209  3465 D PowerUI : can't show warning due to - plugged: true status unknown: false
10-27 11:56:10.102  2209  7569 D PowerUI : can't show warning due to - plugged: true status unknown: false
10-27 11:57:10.113  2209  3586 D PowerUI : can't show warning due to - plugged: true status unknown: false
10-27 11:57:35.272  2209 10496 D PowerUI : can't show warning due to - plugged: true status unknown: false
10-27 11:57:38.362  1269  2039 D ActivityManager: freezing 23092 com.google.android.partnersetup
10-27 11:57:38.433  1269  2039 D ActivityManager: freezing 23106 com.google.android.apps.turbo:aab
10-27 11:57:38.440  1269  2039 D ActivityManager: freezing 5628 com.google.process.gservices
10-27 11:57:46.774  1269  2039 D ActivityManager: freezing 14055 com.google.android.turboadapter
10-27 11:57:51.453  1269  2039 D ActivityManager: freezing 14351 com.google.android.cellbroadcastreceiver
10-27 11:57:58.602  1269 11738 D CompatibilityChangeReporter: Compat change id reported: 171306433; UID 10137; state: ENABLED
10-27 11:57:58.603  1269 11738 D CompatibilityChangeReporter: Compat change id reported: 218533173; UID 10137; state: ENABLED
10-27 11:58:01.605  1269  2039 D ActivityManager: freezing 20041 com.google.android.dialer
10-27 11:58:07.085  2209 10592 D PowerUI : can't show warning due to - plugged: true status unknown: false
10-27 11:58:07.132  1269  2723 D ActivityManager: sync unfroze 14055 com.google.android.turboadapter
10-27 11:58:08.142  1269  2039 D ActivityManager: freezing 30625 com.google.android.gm
10-27 11:58:10.095  2209  2770 D PowerUI : can't show warning due to - plugged: true status unknown: false
10-27 11:59:03.960  1269  2039 D ActivityManager: freezing 20220 android.process.acore
10-27 11:59:04.526  1269  1269 D CompatibilityChangeReporter: Compat change id reported: 135634846; UID 10168; state: DISABLED
10-27 11:59:04.526  1269  1269 D CompatibilityChangeReporter: Compat change id reported: 177438394; UID 10168; state: DISABLED
10-27 11:59:04.527  1269  1269 D CompatibilityChangeReporter: Compat change id reported: 135772972; UID 10168; state: DISABLED
10-27 11:59:04.527  1269  1269 D CompatibilityChangeReporter: Compat change id reported: 135754954; UID 10168; state: ENABLED
10-27 11:59:04.529  1269  1503 D CompatibilityChangeReporter: Compat change id reported: 143937733; UID 10168; state: ENABLED
10-27 11:59:04.566  1269  1503 I ActivityManager: Start proc 23255:com.google.android.apps.work.clouddpc/u0a168 for service {com.google.android.apps.work.clouddpc/com.google.android.apps.work.clouddpc.base.services.HealthCheckJobService}
10-27 11:59:04.626  1269 11736 D CompatibilityChangeReporter: Compat change id reported: 168419799; UID 10168; state: DISABLED
10-27 11:59:05.005  1269 11738 D CompatibilityChangeReporter: Compat change id reported: 194532703; UID 10168; state: ENABLED
10-27 11:59:05.024  1269  3783 D ActivityManager: sync unfroze 5628 com.google.process.gservices
10-27 11:59:10.108  2209 10611 D PowerUI : can't show warning due to - plugged: true status unknown: false
10-27 11:59:12.002  1269  2723 D CompatibilityChangeReporter: Compat change id reported: 161145287; UID 10168; state: DISABLED
10-27 11:59:44.384  1269  2039 D ActivityManager: freezing 22521 com.google.android.as.oss
10-27 11:59:44.394  1269  2039 D ActivityManager: freezing 22507 com.duckduckgo.mobile.android
10-27 12:00:00.045  1269  1502 D ActivityManager: sync unfroze 15159 com.google.android.settings.intelligence
10-27 12:00:00.063  1269 11738 D CompatibilityChangeReporter: Compat change id reported: 135634846; UID 10154; state: DISABLED
10-27 12:00:00.063  1269 11738 D CompatibilityChangeReporter: Compat change id reported: 177438394; UID 10154; state: DISABLED
10-27 12:00:00.063  1269 11738 D CompatibilityChangeReporter: Compat change id reported: 135772972; UID 10154; state: DISABLED
10-27 12:00:00.063  1269 11738 D CompatibilityChangeReporter: Compat change id reported: 135754954; UID 10154; state: ENABLED
10-27 12:00:00.063  1269  1503 D CompatibilityChangeReporter: Compat change id reported: 143937733; UID 10154; state: ENABLED
10-27 12:00:00.076  1269  1503 I ActivityManager: Start proc 23338:com.google.android.deskclock/u0a154 for broadcast {com.google.android.deskclock/com.android.alarmclock.DigitalCitiesAppWidgetProvider}
10-27 12:00:00.201  1269 11738 D CompatibilityChangeReporter: Compat change id reported: 161145287; UID 10154; state: DISABLED
10-27 12:00:00.260  1269 11738 D CompatibilityChangeReporter: Compat change id reported: 171306433; UID 10154; state: ENABLED
10-27 12:00:00.260  1269 11738 D CompatibilityChangeReporter: Compat change id reported: 218533173; UID 10154; state: ENABLED
10-27 12:00:00.376  1269 11738 D ActivityManager: sync unfroze 15417 com.android.settings
10-27 12:00:00.377  1269 11738 D ActivityManager: sync unfroze 22032 com.google.android.apps.security.securityhub
10-27 12:00:00.404  1269 11736 I ActivityManager: Killing 22032:com.google.android.apps.security.securityhub/u0a99 (adj 905): empty #33
10-27 12:00:00.441 15417 15417 I ActivityThread: Removing dead content provider:android.content.ContentProviderProxy@912be9c
10-27 12:00:00.483  1269  1345 D CompatibilityChangeReporter: Compat change id reported: 194532703; UID 10137; state: ENABLED
10-27 12:00:10.111  2209  3462 D PowerUI : can't show warning due to - plugged: true status unknown: false
10-27 12:00:35.034  2209  3465 D PowerUI : can't show warning due to - plugged: true status unknown: false
10-27 12:01:10.111  2209  7569 D PowerUI : can't show warning due to - plugged: true status unknown: false
10-27 12:02:08.745  2209  3586 D PowerUI : can't show warning due to - plugged: true status unknown: false
10-27 12:02:10.109  2209 10496 D PowerUI : can't show warning due to - plugged: true status unknown: false
10-27 12:02:17.471  1269  1501 I UsageStatsService: User[0] Flushing usage stats to disk
10-27 12:03:10.125  2209 10592 D PowerUI : can't show warning due to - plugged: true status unknown: false
10-27 12:03:34.509  1269  1501 I ActivityManager: Killing 22136:com.google.android.apps.wellbeing/u0a135 (adj 975): empty for 1803s
10-27 12:03:34.511  1269  1501 I ActivityManager: Killing 22154:com.google.android.projection.gearhead:projection/u0a131 (adj 975): empty for 1803s
10-27 12:03:34.512  1269  1501 I ActivityManager: Killing 20472:com.google.android.permissioncontroller/u0a214 (adj 975): empty for 1803s
10-27 12:03:34.798  2209  2770 D PowerUI : can't show warning due to - plugged: true status unknown: false
10-27 12:04:02.939  1269  1502 I ActivityManager: Killing 22121:com.google.android.gms.ui/u0a137 (adj 995): empty for 1825s
10-27 12:04:10.104  2209 10611 D PowerUI : can't show warning due to - plugged: true status unknown: false
10-27 12:04:13.100  1269  1501 I ActivityManager: Killing 22471:com.android.chrome/u0a152 (adj 985): empty for 1800s
10-27 12:04:13.102  1269  1501 I ActivityManager: Killing 22417:com.google.android.apps.authenticator2/u0a257 (adj 995): empty for 1802s
10-27 12:04:13.103  1269  1501 I ActivityManager: Killing 18886:com.google.android.youtube/u0a172 (adj 995): empty for 1802s
10-27 12:04:13.140  1269  2309 W ActivityManager: Scheduling restart of crashed service com.android.chrome/org.chromium.chrome.browser.customtabs.CustomTabsConnectionService in 1000ms for connection
10-27 12:04:13.588  1269  1269 D ActivityManager: sync unfroze 20041 com.google.android.dialer
10-27 12:04:13.646  1269  2110 D CompatibilityChangeReporter: Compat change id reported: 135634846; UID 10257; state: DISABLED
10-27 12:04:13.646  1269  2110 D CompatibilityChangeReporter: Compat change id reported: 177438394; UID 10257; state: DISABLED
10-27 12:04:13.646  1269  2110 D CompatibilityChangeReporter: Compat change id reported: 135772972; UID 10257; state: DISABLED
10-27 12:04:13.646  1269  2110 D CompatibilityChangeReporter: Compat change id reported: 135754954; UID 10257; state: ENABLED
10-27 12:04:13.647  1269  1503 D CompatibilityChangeReporter: Compat change id reported: 143937733; UID 10257; state: ENABLED
10-27 12:04:13.669  1269  1503 I ActivityManager: Start proc 23405:com.google.android.apps.authenticator2/u0a257 for broadcast {com.google.android.apps.authenticator2/com.google.android.apps.authenticator.auditlog.AuditLogTimerReceiver}
10-27 12:04:13.680  1269  1269 W Looper  : Slow dispatch took 108ms main h=com.android.server.job.JobSchedulerService$JobHandler c=null m=8
10-27 12:04:13.700  1269  2168 D ActivityManager: sync unfroze 30625 com.google.android.gm
10-27 12:04:13.722  1269  2168 I ActivityManager: Killing 14284:com.google.process.gapps/u0a137 (adj 985): empty for 1800s
10-27 12:04:13.743  1269  3794 D CompatibilityChangeReporter: Compat change id reported: 168419799; UID 10257; state: DISABLED
10-27 12:04:14.492  1269  3796 I ActivityManager: Killing 19646:android.process.media/u0a61 (adj 965): empty for 1800s
10-27 12:04:14.494  1269  3796 I ActivityManager: Killing 21634:com.google.android.apps.photos:mediametadataservice/u0a184 (adj 975): empty for 1800s
10-27 12:04:20.825  1269  2723 D CompatibilityChangeReporter: Compat change id reported: 161145287; UID 10257; state: DISABLED
10-27 12:04:24.422  1269  1269 W Looper  : Slow dispatch took 102ms main h=android.app.job.JobServiceEngine$JobHandler c=null m=2
10-27 12:04:40.584  1269  1501 E DiscreteRegistry: Deleting file 1666281583063tl
10-27 12:04:46.287  1269  2723 W ContextImpl: Calling a method in the system process without a qualified user: android.app.ContextImpl.sendBroadcastMultiplePermissions:1222 com.android.server.TelephonyRegistry.broadcastServiceStateChanged:3085 com.android.server.TelephonyRegistry.notifyServiceStateForPhoneId:1616 com.android.internal.telephony.ITelephonyRegistry$Stub.onTransact:492 android.os.Binder.execTransactInternal:1280 
10-27 12:04:46.287  1269  2723 W ContextImpl: Calling a method in the system process without a qualified user: android.app.ContextImpl.sendBroadcastMultiplePermissions:1272 android.content.Context.sendBroadcastMultiplePermissions:2272 com.android.server.TelephonyRegistry.broadcastServiceStateChanged:3089 com.android.server.TelephonyRegistry.notifyServiceStateForPhoneId:1616 com.android.internal.telephony.ITelephonyRegistry$Stub.onTransact:492 
10-27 12:04:46.287  1269  1502 W BroadcastQueue: Permission Denial: receiving Intent { act=android.intent.action.SERVICE_STATE flg=0x1000010 (has extras) } to ProcessRecord{c3d5824 2209:com.android.systemui/u0a208} (pid=2209, uid=10208) requires android.permission.READ_PHONE_STATE due to sender android (uid 1001)
10-27 12:04:46.287  1269  1502 W BroadcastQueue: Permission Denial: receiving Intent { act=android.intent.action.SERVICE_STATE flg=0x1000010 (has extras) } to ProcessRecord{622ef2a 2479:com.shannon.imsservice/u0a204} (pid=2479, uid=10204) requires android.permission.READ_PHONE_STATE due to sender android (uid 1001)
10-27 12:04:46.288  1269  1502 W BroadcastQueue: Permission Denial: receiving Intent { act=android.intent.action.SERVICE_STATE flg=0x1000010 (has extras) } to com.google.android.cellbroadcastreceiver/com.android.cellbroadcastreceiver.CellBroadcastReceiver requires android.permission.READ_PHONE_STATE due to sender android (uid 1001)
10-27 12:04:46.288  1269  1502 W BroadcastQueue: Permission Denial: receiving Intent { act=android.intent.action.SERVICE_STATE flg=0x1000010 (has extras) } to ProcessRecord{c3d5824 2209:com.android.systemui/u0a208} (pid=2209, uid=10208) requires android.permission.ACCESS_FINE_LOCATION due to sender android (uid 1001)
10-27 12:04:46.288  1269  2723 W ContextImpl: Calling a method in the system process without a qualified user: android.app.ContextImpl.sendBroadcastMultiplePermissions:1272 android.content.Context.sendBroadcastMultiplePermissions:2272 com.android.server.TelephonyRegistry.broadcastServiceStateChanged:3096 com.android.server.TelephonyRegistry.notifyServiceStateForPhoneId:1616 com.android.internal.telephony.ITelephonyRegistry$Stub.onTransact:492 
10-27 12:04:46.288  1269  1502 W BroadcastQueue: Permission Denial: receiving Intent { act=android.intent.action.SERVICE_STATE flg=0x1000010 (has extras) } to com.google.android.cellbroadcastreceiver/com.android.cellbroadcastreceiver.CellBroadcastReceiver requires android.permission.ACCESS_FINE_LOCATION due to sender android (uid 1001)
10-27 12:04:46.290  1269  2723 W ContextImpl: Calling a method in the system process without a qualified user: android.app.ContextImpl.sendBroadcastMultiplePermissions:1272 android.content.Context.sendBroadcastMultiplePermissions:2272 com.android.server.TelephonyRegistry.broadcastServiceStateChanged:3100 com.android.server.TelephonyRegistry.notifyServiceStateForPhoneId:1616 com.android.internal.telephony.ITelephonyRegistry$Stub.onTransact:492 
10-27 12:04:46.290  1269  1502 W BroadcastQueue: Permission Denial: receiving Intent { act=android.intent.action.SERVICE_STATE flg=0x1000010 (has extras) } to ProcessRecord{c3d5824 2209:com.android.systemui/u0a208} (pid=2209, uid=10208) requires android.permission.READ_PHONE_STATE due to sender android (uid 1001)
10-27 12:04:46.290  1269  1502 W BroadcastQueue: Permission Denial: receiving Intent { act=android.intent.action.SERVICE_STATE flg=0x1000010 (has extras) } to ProcessRecord{622ef2a 2479:com.shannon.imsservice/u0a204} (pid=2479, uid=10204) requires android.permission.READ_PHONE_STATE due to sender android (uid 1001)
10-27 12:04:46.291  1269  1502 W BroadcastQueue: Permission Denial: receiving Intent { act=android.intent.action.SERVICE_STATE flg=0x1000010 (has extras) } to com.google.android.cellbroadcastreceiver/com.android.cellbroadcastreceiver.CellBroadcastReceiver requires android.permission.READ_PHONE_STATE due to sender android (uid 1001)
10-27 12:04:46.301  1269  1502 W BroadcastQueue: Appop Denial: receiving Intent { act=android.intent.action.SERVICE_STATE flg=0x1000010 (has extras) } to ProcessRecord{622ef2a 2479:com.shannon.imsservice/u0a204} (pid=2479, uid=10204) excludes appop android:fine_location due to sender android (uid 1001)
10-27 12:04:46.307  1269  1502 D ActivityManager: sync unfroze 14351 com.google.android.cellbroadcastreceiver
10-27 12:04:46.328  1269  3210 W ContextImpl: Calling a method in the system process without a qualified user: android.app.ContextImpl.sendBroadcastMultiplePermissions:1272 android.content.Context.sendBroadcastMultiplePermissions:2272 com.android.server.TelephonyRegistry.broadcastDataConnectionStateChanged:3281 com.android.server.TelephonyRegistry.notifyDataConnectionForSubscriber:2036 com.android.internal.telephony.ITelephonyRegistry$Stub.onTransact:571 
10-27 12:04:46.347  1269  3210 I Telecom : PhoneAccountRegistrar: Modify account: [ComponentInfo{com.android.phone/com.android.services.telephony.TelephonyConnectionService}, 1, UserHandle{0}]: TSI.rPA@Ars
10-27 12:04:46.350  1269  3210 I Telecom : CallsManager: handlePhoneAccountChanged: phoneAccount=[[X] PhoneAccount: ComponentInfo{com.android.phone/com.android.services.telephony.TelephonyConnectionService}, 1, UserHandle{0} Capabilities: CallProvider MultiUser PlaceEmerg SimSub  Audio Routes: BESW Schemes: tel voicemail  Extras: Bundle[{android.telecom.extra.SUPPORTS_VIDEO_CALLING_FALLBACK=true, android.telecom.extra.SORT_ORDER=0}] GroupId: ***]: TSI.rPA@Ars
10-27 12:04:46.353  1269  3210 I Telecom : PhoneAccountRegistrar: getSimCallManager: SimCallManager for subId 1 queried, returning: null: TSI.rPA@Ars
10-27 12:04:46.353  1269  3210 I Telecom : PhoneAccountRegistrar: Notifying telephony of voice service override change for 1 SIMs, hasService = false: TSI.rPA@Ars
10-27 12:04:46.373  1269  3210 I Telecom : PhoneAccountRegistrar: Modify account: [ComponentInfo{com.android.phone/com.android.services.telephony.TelephonyConnectionService}, 1, UserHandle{0}]: TSI.rPA@Ar8
10-27 12:04:46.376  1269  3210 I Telecom : CallsManager: handlePhoneAccountChanged: phoneAccount=[[X] PhoneAccount: ComponentInfo{com.android.phone/com.android.services.telephony.TelephonyConnectionService}, 1, UserHandle{0} Capabilities: CallProvider MultiUser PlaceEmerg SimSub  Audio Routes: BESW Schemes: tel voicemail  Extras: Bundle[{android.telecom.extra.SUPPORTS_VIDEO_CALLING_FALLBACK=true, android.telecom.extra.SORT_ORDER=0}] GroupId: ***]: TSI.rPA@Ar8
10-27 12:04:46.379  1269  3210 I Telecom : PhoneAccountRegistrar: getSimCallManager: SimCallManager for subId 1 queried, returning: null: TSI.rPA@Ar8
10-27 12:04:46.379  1269  3210 I Telecom : PhoneAccountRegistrar: Notifying telephony of voice service override change for 1 SIMs, hasService = false: TSI.rPA@Ar8
10-27 12:04:46.407  1269 11742 I Telecom : PhoneAccountRegistrar: Modify account: [ComponentInfo{com.android.phone/com.android.services.telephony.TelephonyConnectionService}, 1, UserHandle{0}]: TSI.rPA@AsU
10-27 12:04:46.410  1269 11742 I Telecom : CallsManager: handlePhoneAccountChanged: phoneAccount=[[X] PhoneAccount: ComponentInfo{com.android.phone/com.android.services.telephony.TelephonyConnectionService}, 1, UserHandle{0} Capabilities: CallProvider MultiUser PlaceEmerg SimSub  Audio Routes: BESW Schemes: tel voicemail  Extras: Bundle[{android.telecom.extra.SUPPORTS_VIDEO_CALLING_FALLBACK=true, android.telecom.extra.SORT_ORDER=0}] GroupId: ***]: TSI.rPA@AsU
10-27 12:04:46.412  1269 11742 I Telecom : PhoneAccountRegistrar: getSimCallManager: SimCallManager for subId 1 queried, returning: null: TSI.rPA@AsU
10-27 12:04:46.412  1269 11742 I Telecom : PhoneAccountRegistrar: Notifying telephony of voice service override change for 1 SIMs, hasService = false: TSI.rPA@AsU
10-27 12:04:56.446  1269  3796 W JobScheduler: Job didn't exist in JobStore: 579320c #u0a110/201471527 com.google.android.apps.scone/.awareness.OosObserver
10-27 12:05:07.397  1269  1269 D ActivityManager: sync unfroze 22507 com.duckduckgo.mobile.android
10-27 12:05:07.436  1269  1269 D ActivityManager: sync unfroze 22521 com.google.android.as.oss
10-27 12:05:07.442  1269 11741 W JobScheduler: Job didn't exist in JobStore: 3956747 #u0a121/344222339 com.google.android.as.oss/com.google.android.gms.learning.internal.training.InAppJobService
10-27 12:05:07.454  1269 11742 W JobScheduler: Job didn't exist in JobStore: 3fecb74 #u0a223/7342 com.duckduckgo.mobile.android/androidx.work.impl.background.systemjob.SystemJobService
10-27 12:05:07.465  1269 11742 W JobScheduler: Job didn't exist in JobStore: 532289d #u0a121/369941447 com.google.android.as.oss/com.google.android.gms.learning.internal.training.InAppJobService
10-27 12:05:10.095  2209  3462 D PowerUI : can't show warning due to - plugged: true status unknown: false
10-27 12:05:12.765  2209  3465 D PowerUI : can't show warning due to - plugged: true status unknown: false
10-27 12:06:10.103  2209  7569 D PowerUI : can't show warning due to - plugged: true status unknown: false
10-27 12:06:45.233  2209  3586 D PowerUI : can't show warning due to - plugged: true status unknown: false
10-27 12:06:46.339  1269  3796 D ActivityManager: sync unfroze 20220 android.process.acore
10-27 12:07:10.109  2209 10496 D PowerUI : can't show warning due to - plugged: true status unknown: false
10-27 12:07:19.836  1269  2309 W ContentProviderHelper: Slow operation: 51ms so far, now at getContentProviderImpl: after updateOomAdj
10-27 12:07:19.836  1269  2309 W ContentProviderHelper: Slow operation: 52ms so far, now at getContentProviderImpl: done!
10-27 12:07:19.931  1269  3210 W ContextImpl: Calling a method in the system process without a qualified user: android.app.ContextImpl.sendBroadcastMultiplePermissions:1222 com.android.server.TelephonyRegistry.broadcastServiceStateChanged:3085 com.android.server.TelephonyRegistry.notifyServiceStateForPhoneId:1616 com.android.internal.telephony.ITelephonyRegistry$Stub.onTransact:492 android.os.Binder.execTransactInternal:1280 
10-27 12:07:19.932  1269  3210 W ContextImpl: Calling a method in the system process without a qualified user: android.app.ContextImpl.sendBroadcastMultiplePermissions:1272 android.content.Context.sendBroadcastMultiplePermissions:2272 com.android.server.TelephonyRegistry.broadcastServiceStateChanged:3089 com.android.server.TelephonyRegistry.notifyServiceStateForPhoneId:1616 com.android.internal.telephony.ITelephonyRegistry$Stub.onTransact:492 
10-27 12:07:19.932  1269  1502 W BroadcastQueue: Permission Denial: receiving Intent { act=android.intent.action.SERVICE_STATE flg=0x1000010 (has extras) } to ProcessRecord{c3d5824 2209:com.android.systemui/u0a208} (pid=2209, uid=10208) requires android.permission.READ_PHONE_STATE due to sender android (uid 1001)
10-27 12:07:19.932  1269  1502 W BroadcastQueue: Permission Denial: receiving Intent { act=android.intent.action.SERVICE_STATE flg=0x1000010 (has extras) } to ProcessRecord{622ef2a 2479:com.shannon.imsservice/u0a204} (pid=2479, uid=10204) requires android.permission.READ_PHONE_STATE due to sender android (uid 1001)
10-27 12:07:19.932  1269  1502 W BroadcastQueue: Permission Denial: receiving Intent { act=android.intent.action.SERVICE_STATE flg=0x1000010 (has extras) } to com.google.android.cellbroadcastreceiver/com.android.cellbroadcastreceiver.CellBroadcastReceiver requires android.permission.READ_PHONE_STATE due to sender android (uid 1001)
10-27 12:07:19.934  1269  3210 W ContextImpl: Calling a method in the system process without a qualified user: android.app.ContextImpl.sendBroadcastMultiplePermissions:1272 android.content.Context.sendBroadcastMultiplePermissions:2272 com.android.server.TelephonyRegistry.broadcastServiceStateChanged:3096 com.android.server.TelephonyRegistry.notifyServiceStateForPhoneId:1616 com.android.internal.telephony.ITelephonyRegistry$Stub.onTransact:492 
10-27 12:07:19.934  1269  1502 W BroadcastQueue: Permission Denial: receiving Intent { act=android.intent.action.SERVICE_STATE flg=0x1000010 (has extras) } to ProcessRecord{c3d5824 2209:com.android.systemui/u0a208} (pid=2209, uid=10208) requires android.permission.ACCESS_FINE_LOCATION due to sender android (uid 1001)
10-27 12:07:19.935  1269  1502 W BroadcastQueue: Permission Denial: receiving Intent { act=android.intent.action.SERVICE_STATE flg=0x1000010 (has extras) } to com.google.android.cellbroadcastreceiver/com.android.cellbroadcastreceiver.CellBroadcastReceiver requires android.permission.ACCESS_FINE_LOCATION due to sender android (uid 1001)
10-27 12:07:19.937  1269  1502 W BroadcastQueue: Permission Denial: receiving Intent { act=android.intent.action.SERVICE_STATE flg=0x1000010 (has extras) } to ProcessRecord{c3d5824 2209:com.android.systemui/u0a208} (pid=2209, uid=10208) requires android.permission.READ_PHONE_STATE due to sender android (uid 1001)
10-27 12:07:19.938  1269  1502 W BroadcastQueue: Permission Denial: receiving Intent { act=android.intent.action.SERVICE_STATE flg=0x1000010 (has extras) } to ProcessRecord{622ef2a 2479:com.shannon.imsservice/u0a204} (pid=2479, uid=10204) requires android.permission.READ_PHONE_STATE due to sender android (uid 1001)
10-27 12:07:19.938  1269  1502 W BroadcastQueue: Permission Denial: receiving Intent { act=android.intent.action.SERVICE_STATE flg=0x1000010 (has extras) } to com.google.android.cellbroadcastreceiver/com.android.cellbroadcastreceiver.CellBroadcastReceiver requires android.permission.READ_PHONE_STATE due to sender android (uid 1001)
10-27 12:07:19.938  1269  3210 W ContextImpl: Calling a method in the system process without a qualified user: android.app.ContextImpl.sendBroadcastMultiplePermissions:1272 android.content.Context.sendBroadcastMultiplePermissions:2272 com.android.server.TelephonyRegistry.broadcastServiceStateChanged:3100 com.android.server.TelephonyRegistry.notifyServiceStateForPhoneId:1616 com.android.internal.telephony.ITelephonyRegistry$Stub.onTransact:492 
10-27 12:07:19.939  1269  1502 W BroadcastQueue: Appop Denial: receiving Intent { act=android.intent.action.SERVICE_STATE flg=0x1000010 (has extras) } to ProcessRecord{622ef2a 2479:com.shannon.imsservice/u0a204} (pid=2479, uid=10204) excludes appop android:fine_location due to sender android (uid 1001)
10-27 12:07:19.965  1269  2309 W ContextImpl: Calling a method in the system process without a qualified user: android.app.ContextImpl.sendBroadcastMultiplePermissions:1272 android.content.Context.sendBroadcastMultiplePermissions:2272 com.android.server.TelephonyRegistry.broadcastDataConnectionStateChanged:3281 com.android.server.TelephonyRegistry.notifyDataConnectionForSubscriber:2036 com.android.internal.telephony.ITelephonyRegistry$Stub.onTransact:571 
10-27 12:07:19.995  1269  3210 I Telecom : PhoneAccountRegistrar: Modify account: [ComponentInfo{com.android.phone/com.android.services.telephony.TelephonyConnectionService}, 1, UserHandle{0}]: TSI.rPA@Av0
10-27 12:07:19.996  1269  3210 I Telecom : CallsManager: handlePhoneAccountChanged: phoneAccount=[[X] PhoneAccount: ComponentInfo{com.android.phone/com.android.services.telephony.TelephonyConnectionService}, 1, UserHandle{0} Capabilities: CallProvider MultiUser PlaceEmerg SimSub  Audio Routes: BESW Schemes: tel voicemail  Extras: Bundle[{android.telecom.extra.SUPPORTS_VIDEO_CALLING_FALLBACK=true, android.telecom.extra.SORT_ORDER=0}] GroupId: ***]: TSI.rPA@Av0
10-27 12:07:19.999  1269  3210 I Telecom : PhoneAccountRegistrar: getSimCallManager: SimCallManager for subId 1 queried, returning: null: TSI.rPA@Av0
10-27 12:07:19.999  1269  3210 I Telecom : PhoneAccountRegistrar: Notifying telephony of voice service override change for 1 SIMs, hasService = false: TSI.rPA@Av0
10-27 12:07:20.018  1269  2309 I Telecom : PhoneAccountRegistrar: Modify account: [ComponentInfo{com.android.phone/com.android.services.telephony.TelephonyConnectionService}, 1, UserHandle{0}]: TSI.rPA@Aw0
10-27 12:07:20.020  1269  2309 I Telecom : CallsManager: handlePhoneAccountChanged: phoneAccount=[[X] PhoneAccount: ComponentInfo{com.android.phone/com.android.services.telephony.TelephonyConnectionService}, 1, UserHandle{0} Capabilities: CallProvider MultiUser PlaceEmerg SimSub  Audio Routes: BESW Schemes: tel voicemail  Extras: Bundle[{android.telecom.extra.SUPPORTS_VIDEO_CALLING_FALLBACK=true, android.telecom.extra.SORT_ORDER=0}] GroupId: ***]: TSI.rPA@Aw0
10-27 12:07:20.023  1269  2309 I Telecom : PhoneAccountRegistrar: getSimCallManager: SimCallManager for subId 1 queried, returning: null: TSI.rPA@Aw0
10-27 12:07:20.023  1269  2309 I Telecom : PhoneAccountRegistrar: Notifying telephony of voice service override change for 1 SIMs, hasService = false: TSI.rPA@Aw0
10-27 12:07:30.128  1269 11742 W JobScheduler: Job didn't exist in JobStore: d596860 #u0a110/201471527 com.google.android.apps.scone/.awareness.OosObserver
10-27 12:08:04.457  2209 10592 D PowerUI : can't show warning due to - plugged: true status unknown: false
10-27 12:08:10.101  2209  2770 D PowerUI : can't show warning due to - plugged: true status unknown: false
10-27 12:08:10.161  1269 11743 I ActivityManager: Killing 14825:com.google.android.projection.gearhead:car/u0a131 (adj 975): empty for 1800s
10-27 12:08:10.161  1269 11743 I ActivityManager: Killing 14794:com.google.android.projection.gearhead:shared/u0a131 (adj 975): empty for 1800s
10-27 12:08:38.049  1269  3796 W ContentProviderHelper: Slow operation: 53ms so far, now at getContentProviderImpl: after updateOomAdj
10-27 12:08:38.049  1269  3796 W ContentProviderHelper: Slow operation: 53ms so far, now at getContentProviderImpl: done!
10-27 12:09:05.194  1269  2039 D ActivityManager: freezing 23255 com.google.android.apps.work.clouddpc
10-27 12:09:05.204  1269  2039 D ActivityManager: freezing 5628 com.google.process.gservices
10-27 12:09:10.108  2209 10611 D PowerUI : can't show warning due to - plugged: true status unknown: false
10-27 12:10:00.467  1269  2039 D ActivityManager: freezing 15417 com.android.settings
10-27 12:10:10.081  2209  3462 D PowerUI : can't show warning due to - plugged: true status unknown: false
10-27 12:10:10.165  1269  2039 D ActivityManager: freezing 15159 com.google.android.settings.intelligence
10-27 12:10:10.179  1269  2039 D ActivityManager: freezing 23338 com.google.android.deskclock
10-27 12:11:10.109  2209  3465 D PowerUI : can't show warning due to - plugged: true status unknown: false
10-27 12:11:56.144  1269  3789 W ActivityManager: Invalid packageName: todomore.android
10-27 12:11:56.254  1269  3789 W ActivityManager: Invalid packageName: todomore.android
10-27 12:11:56.344  1269  3789 W ActivityManager: Invalid packageName: todomore.android
10-27 12:12:06.498  1269  3783 W ContentProviderHelper: Slow operation: 51ms so far, now at getContentProviderImpl: after updateOomAdj
10-27 12:12:06.498  1269  3783 W ContentProviderHelper: Slow operation: 51ms so far, now at getContentProviderImpl: done!
10-27 12:12:10.103  2209  7569 D PowerUI : can't show warning due to - plugged: true status unknown: false
10-27 12:13:10.103  2209  3586 D PowerUI : can't show warning due to - plugged: true status unknown: false
10-27 12:14:10.106  2209 10496 D PowerUI : can't show warning due to - plugged: true status unknown: false
10-27 12:14:13.921  1269  2039 D ActivityManager: freezing 23405 com.google.android.apps.authenticator2
10-27 12:14:43.618  1269  2039 D ActivityManager: freezing 30625 com.google.android.gm
10-27 12:15:04.107  1269 11738 I ActivityManager: Killing 19696:com.google.android.apps.photos/u0a184 (adj 945): empty for 1812s
10-27 12:15:04.110  1269 11738 I ActivityManager: Killing 23005:com.google.android.googlequicksearchbox/u0a148 (adj 955): empty for 1823s
10-27 12:15:04.111  1269 11738 I ActivityManager: Killing 22907:com.google.android.gms.unstable/u0a137 (adj 955): empty for 1825s
10-27 12:15:04.112  1269 11738 I ActivityManager: Killing 22957:com.android.remoteprovisioner/u0a198 (adj 955): empty for 1827s
10-27 12:15:04.112  1269 11738 I ActivityManager: Killing 20220:android.process.acore/u0a68 (adj 905): empty for 1828s
10-27 12:15:04.113  1269 11738 I ActivityManager: Killing 22834:com.google.android.apps.gcs/u0a109 (adj 965): empty for 1830s
10-27 12:15:04.114  1269 11738 I ActivityManager: Killing 21678:com.google.android.apps.safetyhub/u0a104 (adj 965): empty for 1831s
10-27 12:15:07.469  1269  2039 D ActivityManager: freezing 22507 com.duckduckgo.mobile.android
10-27 12:15:07.473  1269  2039 D ActivityManager: freezing 22521 com.google.android.as.oss
10-27 12:15:10.094  2209 10592 D PowerUI : can't show warning due to - plugged: true status unknown: false
10-27 12:16:10.106  2209  2770 D PowerUI : can't show warning due to - plugged: true status unknown: false
10-27 12:16:45.532  1269  2039 D ActivityManager: freezing 14055 com.google.android.turboadapter
10-27 12:17:10.116  2209 10611 D PowerUI : can't show warning due to - plugged: true status unknown: false
10-27 12:17:20.005  1269  2264 I Telecom : PhoneAccountRegistrar: Modify account: [ComponentInfo{com.android.phone/com.android.services.telephony.TelephonyConnectionService}, 1, UserHandle{0}]: TSI.rPA@A64
10-27 12:17:20.010  1269  2039 D ActivityManager: freezing 14351 com.google.android.cellbroadcastreceiver
10-27 12:17:20.012  1269  2264 I Telecom : CallsManager: handlePhoneAccountChanged: phoneAccount=[[X] PhoneAccount: ComponentInfo{com.android.phone/com.android.services.telephony.TelephonyConnectionService}, 1, UserHandle{0} Capabilities: CallProvider MultiUser PlaceEmerg SimSub  Audio Routes: BESW Schemes: tel voicemail  Extras: Bundle[{android.telecom.extra.SUPPORTS_VIDEO_CALLING_FALLBACK=true, android.telecom.extra.SORT_ORDER=0}] GroupId: ***]: TSI.rPA@A64
10-27 12:17:20.021  1269  2264 I Telecom : PhoneAccountRegistrar: getSimCallManager: SimCallManager for subId 1 queried, returning: null: TSI.rPA@A64
10-27 12:17:20.021  1269  2264 I Telecom : PhoneAccountRegistrar: Notifying telephony of voice service override change for 1 SIMs, hasService = false: TSI.rPA@A64
10-27 12:17:20.081  1269  2264 I Telecom : PhoneAccountRegistrar: Modify account: [ComponentInfo{com.android.phone/com.android.services.telephony.TelephonyConnectionService}, 1, UserHandle{0}]: TSI.rPA@A7A
10-27 12:17:20.085  1269  2264 I Telecom : CallsManager: handlePhoneAccountChanged: phoneAccount=[[X] PhoneAccount: ComponentInfo{com.android.phone/com.android.services.telephony.TelephonyConnectionService}, 1, UserHandle{0} Capabilities: CallProvider MultiUser PlaceEmerg SimSub  Audio Routes: BESW Schemes: tel voicemail  Extras: Bundle[{android.telecom.extra.SUPPORTS_VIDEO_CALLING_FALLBACK=true, android.telecom.extra.SORT_ORDER=0}] GroupId: ***]: TSI.rPA@A7A
10-27 12:17:20.089  1269  2264 I Telecom : PhoneAccountRegistrar: getSimCallManager: SimCallManager for subId 1 queried, returning: null: TSI.rPA@A7A
10-27 12:17:20.089  1269  2264 I Telecom : PhoneAccountRegistrar: Notifying telephony of voice service override change for 1 SIMs, hasService = false: TSI.rPA@A7A
10-27 12:17:20.167  1269  2714 I Telecom : PhoneAccountRegistrar: Modify account: [ComponentInfo{com.android.phone/com.android.services.telephony.TelephonyConnectionService}, 1, UserHandle{0}]: TSI.rPA@A7E
10-27 12:17:20.171  1269  2714 I Telecom : CallsManager: handlePhoneAccountChanged: phoneAccount=[[X] PhoneAccount: ComponentInfo{com.android.phone/com.android.services.telephony.TelephonyConnectionService}, 1, UserHandle{0} Capabilities: CallProvider MultiUser PlaceEmerg SimSub  Audio Routes: BESW Schemes: tel voicemail  Extras: Bundle[{android.telecom.extra.SUPPORTS_VIDEO_CALLING_FALLBACK=true, android.telecom.extra.SORT_ORDER=0}] GroupId: ***]: TSI.rPA@A7E
10-27 12:17:20.178  1269  2714 I Telecom : PhoneAccountRegistrar: getSimCallManager: SimCallManager for subId 1 queried, returning: null: TSI.rPA@A7E
10-27 12:17:20.178  1269  2714 I Telecom : PhoneAccountRegistrar: Notifying telephony of voice service override change for 1 SIMs, hasService = false: TSI.rPA@A7E
10-27 12:17:20.211  1269  2714 I Telecom : PhoneAccountRegistrar: Modify account: [ComponentInfo{com.android.phone/com.android.services.telephony.TelephonyConnectionService}, 1, UserHandle{0}]: TSI.rPA@A7M
10-27 12:17:20.216  1269  2714 I Telecom : CallsManager: handlePhoneAccountChanged: phoneAccount=[[X] PhoneAccount: ComponentInfo{com.android.phone/com.android.services.telephony.TelephonyConnectionService}, 1, UserHandle{0} Capabilities: CallProvider MultiUser PlaceEmerg SimSub  Audio Routes: BESW Schemes: tel voicemail  Extras: Bundle[{android.telecom.extra.SUPPORTS_VIDEO_CALLING_FALLBACK=true, android.telecom.extra.SORT_ORDER=0}] GroupId: ***]: TSI.rPA@A7M
10-27 12:17:20.220  1269  2714 I Telecom : PhoneAccountRegistrar: getSimCallManager: SimCallManager for subId 1 queried, returning: null: TSI.rPA@A7M
10-27 12:17:20.220  1269  2714 I Telecom : PhoneAccountRegistrar: Notifying telephony of voice service override change for 1 SIMs, hasService = false: TSI.rPA@A7M
10-27 12:17:30.086  1269  2039 D ActivityManager: freezing 20041 com.google.android.dialer
10-27 12:17:53.842  1269  1502 I ActivityManager: Killing 23106:com.google.android.apps.turbo:aab/u0a144 (adj 965): empty for 1815s
10-27 12:17:53.844  1269  1502 I ActivityManager: Killing 23092:com.google.android.partnersetup/u0a96 (adj 975): empty for 1815s
10-27 12:18:10.126  2209  3462 D PowerUI : can't show warning due to - plugged: true status unknown: false
10-27 12:18:48.322  1269 11742 W ContextImpl: Calling a method in the system process without a qualified user: android.app.ContextImpl.sendBroadcastMultiplePermissions:1222 com.android.server.TelephonyRegistry.broadcastServiceStateChanged:3085 com.android.server.TelephonyRegistry.notifyServiceStateForPhoneId:1616 com.android.internal.telephony.ITelephonyRegistry$Stub.onTransact:492 android.os.Binder.execTransactInternal:1280 
10-27 12:18:48.322  1269  1502 W BroadcastQueue: Permission Denial: receiving Intent { act=android.intent.action.SERVICE_STATE flg=0x1000010 (has extras) } to ProcessRecord{c3d5824 2209:com.android.systemui/u0a208} (pid=2209, uid=10208) requires android.permission.READ_PHONE_STATE due to sender android (uid 1001)
10-27 12:18:48.323  1269  1502 W BroadcastQueue: Permission Denial: receiving Intent { act=android.intent.action.SERVICE_STATE flg=0x1000010 (has extras) } to ProcessRecord{622ef2a 2479:com.shannon.imsservice/u0a204} (pid=2479, uid=10204) requires android.permission.READ_PHONE_STATE due to sender android (uid 1001)
10-27 12:18:48.323  1269 11742 W ContextImpl: Calling a method in the system process without a qualified user: android.app.ContextImpl.sendBroadcastMultiplePermissions:1272 android.content.Context.sendBroadcastMultiplePermissions:2272 com.android.server.TelephonyRegistry.broadcastServiceStateChanged:3089 com.android.server.TelephonyRegistry.notifyServiceStateForPhoneId:1616 com.android.internal.telephony.ITelephonyRegistry$Stub.onTransact:492 
10-27 12:18:48.323  1269  1502 W BroadcastQueue: Permission Denial: receiving Intent { act=android.intent.action.SERVICE_STATE flg=0x1000010 (has extras) } to com.google.android.cellbroadcastreceiver/com.android.cellbroadcastreceiver.CellBroadcastReceiver requires android.permission.READ_PHONE_STATE due to sender android (uid 1001)
10-27 12:18:48.323  1269 11742 W ContextImpl: Calling a method in the system process without a qualified user: android.app.ContextImpl.sendBroadcastMultiplePermissions:1272 android.content.Context.sendBroadcastMultiplePermissions:2272 com.android.server.TelephonyRegistry.broadcastServiceStateChanged:3096 com.android.server.TelephonyRegistry.notifyServiceStateForPhoneId:1616 com.android.internal.telephony.ITelephonyRegistry$Stub.onTransact:492 
10-27 12:18:48.323  1269  1502 W BroadcastQueue: Permission Denial: receiving Intent { act=android.intent.action.SERVICE_STATE flg=0x1000010 (has extras) } to ProcessRecord{c3d5824 2209:com.android.systemui/u0a208} (pid=2209, uid=10208) requires android.permission.ACCESS_FINE_LOCATION due to sender android (uid 1001)
10-27 12:18:48.324  1269  1502 W BroadcastQueue: Permission Denial: receiving Intent { act=android.intent.action.SERVICE_STATE flg=0x1000010 (has extras) } to com.google.android.cellbroadcastreceiver/com.android.cellbroadcastreceiver.CellBroadcastReceiver requires android.permission.ACCESS_FINE_LOCATION due to sender android (uid 1001)
10-27 12:18:48.325  1269 11742 W ContextImpl: Calling a method in the system process without a qualified user: android.app.ContextImpl.sendBroadcastMultiplePermissions:1272 android.content.Context.sendBroadcastMultiplePermissions:2272 com.android.server.TelephonyRegistry.broadcastServiceStateChanged:3100 com.android.server.TelephonyRegistry.notifyServiceStateForPhoneId:1616 com.android.internal.telephony.ITelephonyRegistry$Stub.onTransact:492 
10-27 12:18:48.325  1269  1502 W BroadcastQueue: Permission Denial: receiving Intent { act=android.intent.action.SERVICE_STATE flg=0x1000010 (has extras) } to ProcessRecord{c3d5824 2209:com.android.systemui/u0a208} (pid=2209, uid=10208) requires android.permission.READ_PHONE_STATE due to sender android (uid 1001)
10-27 12:18:48.325  1269  1502 W BroadcastQueue: Permission Denial: receiving Intent { act=android.intent.action.SERVICE_STATE flg=0x1000010 (has extras) } to ProcessRecord{622ef2a 2479:com.shannon.imsservice/u0a204} (pid=2479, uid=10204) requires android.permission.READ_PHONE_STATE due to sender android (uid 1001)
10-27 12:18:48.325  1269  1502 W BroadcastQueue: Permission Denial: receiving Intent { act=android.intent.action.SERVICE_STATE flg=0x1000010 (has extras) } to com.google.android.cellbroadcastreceiver/com.android.cellbroadcastreceiver.CellBroadcastReceiver requires android.permission.READ_PHONE_STATE due to sender android (uid 1001)
10-27 12:18:48.326  1269  1502 W BroadcastQueue: Appop Denial: receiving Intent { act=android.intent.action.SERVICE_STATE flg=0x1000010 (has extras) } to ProcessRecord{622ef2a 2479:com.shannon.imsservice/u0a204} (pid=2479, uid=10204) excludes appop android:fine_location due to sender android (uid 1001)
